Archive member included to satisfy reference by file (symbol)

c:/users/aceinna/.platformio/packages/toolchain-gccarmnoneeabi/bin/../lib/gcc/arm-none-eabi/6.3.1/../../../../arm-none-eabi/lib/thumb/v7-m\libc.a(lib_a-atof.o)
                              .pioenvs\imu380\src\gps\processNMEAGPS.o (atof)
c:/users/aceinna/.platformio/packages/toolchain-gccarmnoneeabi/bin/../lib/gcc/arm-none-eabi/6.3.1/../../../../arm-none-eabi/lib/thumb/v7-m\libc.a(lib_a-atoi.o)
                              .pioenvs\imu380\src\usart\commandLine.o (atoi)
c:/users/aceinna/.platformio/packages/toolchain-gccarmnoneeabi/bin/../lib/gcc/arm-none-eabi/6.3.1/../../../../arm-none-eabi/lib/thumb/v7-m\libc.a(lib_a-malloc.o)
                              .pioenvs\imu380\src\utilities\filter.o (free)
c:/users/aceinna/.platformio/packages/toolchain-gccarmnoneeabi/bin/../lib/gcc/arm-none-eabi/6.3.1/../../../../arm-none-eabi/lib/thumb/v7-m\libc.a(lib_a-mallocr.o)
                              c:/users/aceinna/.platformio/packages/toolchain-gccarmnoneeabi/bin/../lib/gcc/arm-none-eabi/6.3.1/../../../../arm-none-eabi/lib/thumb/v7-m\libc.a(lib_a-malloc.o) (_malloc_r)
c:/users/aceinna/.platformio/packages/toolchain-gccarmnoneeabi/bin/../lib/gcc/arm-none-eabi/6.3.1/../../../../arm-none-eabi/lib/thumb/v7-m\libc.a(lib_a-memcpy.o)
                              .pioenvs\imu380\src\algorithm\calibrate.o (memcpy)
c:/users/aceinna/.platformio/packages/toolchain-gccarmnoneeabi/bin/../lib/gcc/arm-none-eabi/6.3.1/../../../../arm-none-eabi/lib/thumb/v7-m\libc.a(lib_a-memmove.o)
                              .pioenvs\imu380\src\utilities\filter.o (memmove)
c:/users/aceinna/.platformio/packages/toolchain-gccarmnoneeabi/bin/../lib/gcc/arm-none-eabi/6.3.1/../../../../arm-none-eabi/lib/thumb/v7-m\libc.a(lib_a-memset.o)
                              .pioenvs\imu380\src\algorithm\PredictFunctions.o (memset)
c:/users/aceinna/.platformio/packages/toolchain-gccarmnoneeabi/bin/../lib/gcc/arm-none-eabi/6.3.1/../../../../arm-none-eabi/lib/thumb/v7-m\libc.a(lib_a-mlock.o)
                              c:/users/aceinna/.platformio/packages/toolchain-gccarmnoneeabi/bin/../lib/gcc/arm-none-eabi/6.3.1/../../../../arm-none-eabi/lib/thumb/v7-m\libc.a(lib_a-mallocr.o) (__malloc_lock)
c:/users/aceinna/.platformio/packages/toolchain-gccarmnoneeabi/bin/../lib/gcc/arm-none-eabi/6.3.1/../../../../arm-none-eabi/lib/thumb/v7-m\libc.a(lib_a-sbrkr.o)
                              c:/users/aceinna/.platformio/packages/toolchain-gccarmnoneeabi/bin/../lib/gcc/arm-none-eabi/6.3.1/../../../../arm-none-eabi/lib/thumb/v7-m\libc.a(lib_a-mallocr.o) (_sbrk_r)
c:/users/aceinna/.platformio/packages/toolchain-gccarmnoneeabi/bin/../lib/gcc/arm-none-eabi/6.3.1/../../../../arm-none-eabi/lib/thumb/v7-m\libc.a(lib_a-strcpy.o)
                              .pioenvs\imu380\src\wmm\WorldMagneticModel.o (strcpy)
c:/users/aceinna/.platformio/packages/toolchain-gccarmnoneeabi/bin/../lib/gcc/arm-none-eabi/6.3.1/../../../../arm-none-eabi/lib/thumb/v7-m\libc.a(lib_a-strlen-stub.o)
                              .pioenvs\imu380\src\gps\processNovAtelGPS.o (strlen)
c:/users/aceinna/.platformio/packages/toolchain-gccarmnoneeabi/bin/../lib/gcc/arm-none-eabi/6.3.1/../../../../arm-none-eabi/lib/thumb/v7-m\libc.a(lib_a-strncmp.o)
                              .pioenvs\imu380\src\gps\processNMEAGPS.o (strncmp)
c:/users/aceinna/.platformio/packages/toolchain-gccarmnoneeabi/bin/../lib/gcc/arm-none-eabi/6.3.1/../../../../arm-none-eabi/lib/thumb/v7-m\libc.a(lib_a-strstr.o)
                              .pioenvs\imu380\src\userProtocol\ucb_packet.o (strstr)
c:/users/aceinna/.platformio/packages/toolchain-gccarmnoneeabi/bin/../lib/gcc/arm-none-eabi/6.3.1/../../../../arm-none-eabi/lib/thumb/v7-m\libc.a(lib_a-strtod.o)
                              c:/users/aceinna/.platformio/packages/toolchain-gccarmnoneeabi/bin/../lib/gcc/arm-none-eabi/6.3.1/../../../../arm-none-eabi/lib/thumb/v7-m\libc.a(lib_a-atof.o) (strtod)
c:/users/aceinna/.platformio/packages/toolchain-gccarmnoneeabi/bin/../lib/gcc/arm-none-eabi/6.3.1/../../../../arm-none-eabi/lib/thumb/v7-m\libc.a(lib_a-strtol.o)
                              c:/users/aceinna/.platformio/packages/toolchain-gccarmnoneeabi/bin/../lib/gcc/arm-none-eabi/6.3.1/../../../../arm-none-eabi/lib/thumb/v7-m\libc.a(lib_a-atoi.o) (_strtol_r)
c:/users/aceinna/.platformio/packages/toolchain-gccarmnoneeabi/bin/../lib/gcc/arm-none-eabi/6.3.1/../../../../arm-none-eabi/lib/thumb/v7-m\libc.a(lib_a-freer.o)
                              c:/users/aceinna/.platformio/packages/toolchain-gccarmnoneeabi/bin/../lib/gcc/arm-none-eabi/6.3.1/../../../../arm-none-eabi/lib/thumb/v7-m\libc.a(lib_a-malloc.o) (_free_r)
c:/users/aceinna/.platformio/packages/toolchain-gccarmnoneeabi/bin/../lib/gcc/arm-none-eabi/6.3.1/../../../../arm-none-eabi/lib/thumb/v7-m\libc.a(lib_a-gdtoa-gethex.o)
[...]
Memory Configuration

Name             Origin             Length             Attributes
FLASH            0x08010000         0x00050000         xr
EEPROM           0x08060000         0x00020000         rw
RAM              0x20000000         0x00020000         xrw
*default*        0x00000000         0xffffffff

Linker script and memory map

                0x20020000                _estack = 0x20020000
                0x00000200                _Min_Heap_Size = 0x200
                0x00000400                _Min_Stack_Size = 0x400

.isr_vector     0x08010000      0x184
                0x08010000                . = ALIGN (0x4)
 *(.isr_vector)
 .isr_vector    0x08010000      0x184 .pioenvs\imu380\libcd0\libCMSIS.a(startup_stm32f205xx.o)
                0x08010000                g_pfnVectors
                0x08010184                . = ALIGN (0x4)

.text           0x08010188    0x23534
                0x08010188                . = ALIGN (0x4)
 *(.text)
 .text          0x08010188       0xec c:/users/aceinna/.platformio/packages/toolchain-gccarmnoneeabi/bin/../lib/gcc/arm-none-eabi/6.3.1/../../../../arm-none-eabi/lib/thumb/v7-m\libc.a(lib_a-memcpy.o)
                0x08010188                memcpy
 .text          0x08010274      0x370 c:/users/aceinna/.platformio/packages/toolchain-gccarmnoneeabi/bin/../lib/gcc/arm-none-eabi/6.3.1/thumb/v7-m\libgcc.a(_arm_addsubdf3.o)
                0x08010274                __aeabi_drsub
                0x0801027c                __aeabi_dsub
                0x0801027c                __subdf3
                0x08010280                __aeabi_dadd
                0x08010280                __adddf3
                0x080104f8                __floatunsidf
                0x080104f8                __aeabi_ui2d
                0x08010518                __floatsidf
                0x08010518                __aeabi_i2d
                0x0801053c                __aeabi_f2d
                0x0801053c                __extendsfdf2
                0x08010578                __floatundidf
                0x08010578                __aeabi_ul2d
                0x08010588                __floatdidf
                0x08010588                __aeabi_l2d
 .text          0x080105e4      0x424 c:/users/aceinna/.platformio/packages/toolchain-gccarmnoneeabi/bin/../lib/gcc/arm-none-eabi/6.3.1/thumb/v7-m\libgcc.a(_arm_muldivdf3.o)
                0x080105e4                __aeabi_dmul
                0x080105e4                __muldf3
                0x08010838                __divdf3
                0x08010838                __aeabi_ddiv
 .text          0x08010a08      0x110 c:/users/aceinna/.platformio/packages/toolchain-gccarmnoneeabi/bin/../lib/gcc/arm-none-eabi/6.3.1/thumb/v7-m\libgcc.a(_arm_cmpdf2.o)
                0x08010a08                __gtdf2
                0x08010a08                __gedf2
                0x08010a10                __ltdf2
                0x08010a10                __ledf2
                0x08010a18                __nedf2
                0x08010a18                __eqdf2
                0x08010a18                __cmpdf2
                0x08010a94                __aeabi_cdrcmple
                0x08010aa4                __aeabi_cdcmpeq
                0x08010aa4                __aeabi_cdcmple
                0x08010ab4                __aeabi_dcmpeq
                0x08010ac8                __aeabi_dcmplt
                0x08010adc                __aeabi_dcmple
                0x08010af0                __aeabi_dcmpge
                0x08010b04                __aeabi_dcmpgt
 .text          0x08010b18       0x2c c:/users/aceinna/.platformio/packages/toolchain-gccarmnoneeabi/bin/../lib/gcc/arm-none-eabi/6.3.1/thumb/v7-m\libgcc.a(_arm_unorddf2.o)
                0x08010b18                __unorddf2
                0x08010b18                __aeabi_dcmpun
 .text          0x08010b44       0x50 c:/users/aceinna/.platformio/packages/toolchain-gccarmnoneeabi/bin/../lib/gcc/arm-none-eabi/6.3.1/thumb/v7-m\libgcc.a(_arm_fixdfsi.o)
                0x08010b44                __aeabi_d2iz
                0x08010b44                __fixdfsi
 .text          0x08010b94       0x40 c:/users/aceinna/.platformio/packages/toolchain-gccarmnoneeabi/bin/../lib/gcc/arm-none-eabi/6.3.1/thumb/v7-m\libgcc.a(_arm_fixunsdfsi.o)
                0x08010b94                __aeabi_d2uiz
                0x08010b94                __fixunsdfsi
 .text          0x08010bd4       0xa0 c:/users/aceinna/.platformio/packages/toolchain-gccarmnoneeabi/bin/../lib/gcc/arm-none-eabi/6.3.1/thumb/v7-m\libgcc.a(_arm_truncdfsf2.o)
                0x08010bd4                __truncdfsf2
                0x08010bd4                __aeabi_d2f
 .text          0x08010c74      0x21c c:/users/aceinna/.platformio/packages/toolchain-gccarmnoneeabi/bin/../lib/gcc/arm-none-eabi/6.3.1/thumb/v7-m\libgcc.a(_arm_addsubsf3.o)
                0x08010c74                __aeabi_frsub
                0x08010c7c                __subsf3
                0x08010c7c                __aeabi_fsub
                0x08010c80                __aeabi_fadd
                0x08010c80                __addsf3
                0x08010de0                __aeabi_ui2f
                0x08010de0                __floatunsisf
                0x08010de8                __aeabi_i2f
                0x08010de8                __floatsisf
                0x08010e04                __aeabi_ul2f
                0x08010e04                __floatundisf
                0x08010e14                __aeabi_l2f
                0x08010e14                __floatdisf
 .text          0x08010e90      0x2a0 c:/users/aceinna/.platformio/packages/toolchain-gccarmnoneeabi/bin/../lib/gcc/arm-none-eabi/6.3.1/thumb/v7-m\libgcc.a(_arm_muldivsf3.o)
                0x08010e90                __mulsf3
                0x08010e90                __aeabi_fmul
                0x08010ff8                __aeabi_fdiv
                0x08010ff8                __divsf3
 .text          0x08011130       0xec c:/users/aceinna/.platformio/packages/toolchain-gccarmnoneeabi/bin/../lib/gcc/arm-none-eabi/6.3.1/thumb/v7-m\libgcc.a(_arm_cmpsf2.o)
                0x08011130                __gesf2
                0x08011130                __gtsf2
                0x08011138                __lesf2
                0x08011138                __ltsf2
                0x08011140                __nesf2
                0x08011140                __eqsf2
                0x08011140                __cmpsf2
                0x080111a0                __aeabi_cfrcmple
                0x080111a8                __aeabi_cfcmpeq
                0x080111a8                __aeabi_cfcmple
                0x080111b8                __aeabi_fcmpeq
                0x080111cc                __aeabi_fcmplt
                0x080111e0                __aeabi_fcmple
                0x080111f4                __aeabi_fcmpge
                0x08011208                __aeabi_fcmpgt
 .text          0x0801121c       0x2c c:/users/aceinna/.platformio/packages/toolchain-gccarmnoneeabi/bin/../lib/gcc/arm-none-eabi/6.3.1/thumb/v7-m\libgcc.a(_arm_unordsf2.o)
                0x0801121c                __unordsf2
                0x0801121c                __aeabi_fcmpun
 .text          0x08011248       0x4c c:/users/aceinna/.platformio/packages/toolchain-gccarmnoneeabi/bin/../lib/gcc/arm-none-eabi/6.3.1/thumb/v7-m\libgcc.a(_arm_fixsfsi.o)
                0x08011248                __aeabi_f2iz
                0x08011248                __fixsfsi
 .text          0x08011294       0x40 c:/users/aceinna/.platformio/packages/toolchain-gccarmnoneeabi/bin/../lib/gcc/arm-none-eabi/6.3.1/thumb/v7-m\libgcc.a(_arm_fixunssfsi.o)
                0x08011294                __fixunssfsi
                0x08011294                __aeabi_f2uiz
 .text          0x080112d4       0xa0 c:/users/aceinna/.platformio/packages/toolchain-gccarmnoneeabi/bin/../lib/gcc/arm-none-eabi/6.3.1/thumb/v7-m\libgcc.a(_aeabi_ldivmod.o)
                0x080112d4                __aeabi_ldivmod
 .text          0x08011374      0x2dc c:/users/aceinna/.platformio/packages/toolchain-gccarmnoneeabi/bin/../lib/gcc/arm-none-eabi/6.3.1/thumb/v7-m\libgcc.a(_udivmoddi4.o)
                0x08011374                __udivmoddi4
 .text          0x08011650        0x4 c:/users/aceinna/.platformio/packages/toolchain-gccarmnoneeabi/bin/../lib/gcc/arm-none-eabi/6.3.1/thumb/v7-m\libgcc.a(_dvmd_tls.o)
                0x08011650                __aeabi_idiv0
                0x08011650                __aeabi_ldiv0
 .text          0x08011654       0x5c .pioenvs\imu380\lib507\libsalvo.a(salvoportgccarmcm3.o)
                0x08011654                OSDispatch
                0x08011678                OSCtxSw
 *(.text*)
 .text.EKF_Algorithm
                0x080116b0       0xf4 .pioenvs\imu380\src\algorithm\EKF_Algorithm.o
                0x080116b0                EKF_Algorithm
 .text.EKF_PredictionStage
                0x080117a4      0x654 .pioenvs\imu380\src\algorithm\PredictFunctions.o
                0x080117a4                EKF_PredictionStage
 .text._PredictStateEstimate
                0x08011df8      0x64c .pioenvs\imu380\src\algorithm\PredictFunctions.o
 .text._PredictCovarianceEstimate
                0x08012444      0x4e8 .pioenvs\imu380\src\algorithm\PredictFunctions.o
 .text.GenerateProcessJacobian
                0x0801292c       0xe4 .pioenvs\imu380\src\algorithm\PredictFunctions.o
                0x0801292c                GenerateProcessJacobian
 .text._UpdateProcessJacobian
                0x08012a10      0x6cc .pioenvs\imu380\src\algorithm\PredictFunctions.o
 .text._UpdateProcessCovariance
                0x080130dc      0x3ac .pioenvs\imu380\src\algorithm\PredictFunctions.o
 .text.GenerateProcessCovariance
                0x08013488      0x18c .pioenvs\imu380\src\algorithm\PredictFunctions.o
                0x08013488                GenerateProcessCovariance
 .text._FirstOrderLowPass
                0x08013614       0xac .pioenvs\imu380\src\algorithm\PredictFunctions.o
                0x08013614                _FirstOrderLowPass
 .text._PopulateFilterCoefficients
                0x080136c0      0x2c0 .pioenvs\imu380\src\algorithm\PredictFunctions.o
 .text.StabilizeSystem
                0x08013980       0x94 .pioenvs\imu380\src\algorithm\SelectState.o
                0x08013980                StabilizeSystem
 *fill*         0x08013a14        0x4 
 .text.InitializeAttitude
                0x08013a18      0x180 .pioenvs\imu380\src\algorithm\SelectState.o
                0x08013a18                InitializeAttitude
 .text.HG_To_LG_Transition_Test
                0x08013b98       0xd4 .pioenvs\imu380\src\algorithm\SelectState.o
                0x08013b98                HG_To_LG_Transition_Test
 .text.LG_To_INS_Transition_Test
                0x08013c6c      0x1f4 .pioenvs\imu380\src\algorithm\SelectState.o
                0x08013c6c                LG_To_INS_Transition_Test
 .text._InitINSFilter
                0x08013e60      0x1b0 .pioenvs\imu380\src\algorithm\SelectState.o
 .text.INS_To_AHRS_Transition_Test
                0x08014010      0x108 .pioenvs\imu380\src\algorithm\SelectState.o
                0x08014010                INS_To_AHRS_Transition_Test
 .text.DynamicMotion
                0x08014118       0x48 .pioenvs\imu380\src\algorithm\SelectState.o
                0x08014118                DynamicMotion
 .text._DropToHighGainAHRS
                0x08014160       0x48 .pioenvs\imu380\src\algorithm\SelectState.o
 .text._AccumulateFieldVectors
                0x080141a8      0x168 .pioenvs\imu380\src\algorithm\SelectState.o
 .text._AverageFieldVectors
                0x08014310      0x110 .pioenvs\imu380\src\algorithm\SelectState.o
 .text._ResetAlgorithm
                0x08014420       0x98 .pioenvs\imu380\src\algorithm\SelectState.o
 .text.EKF_UpdateStage
                0x080144b8      0x260 .pioenvs\imu380\src\algorithm\UpdateFunctions.o
                0x080144b8                EKF_UpdateStage
 .text.ComputeSystemInnovation_AHRS_EA
                0x08014718      0x10c .pioenvs\imu380\src\algorithm\UpdateFunctions.o
                0x08014718                ComputeSystemInnovation_AHRS_EA
 *fill*         0x08014824        0x4 
 .text._GenerateObservationJacobian_AHRS_EA
                0x08014828      0x578 .pioenvs\imu380\src\algorithm\UpdateFunctions.o
                0x08014828                _GenerateObservationJacobian_AHRS_EA
 .text._GenerateObservationCovariance_AHRS_EA
                0x08014da0      0x17c .pioenvs\imu380\src\algorithm\UpdateFunctions.o
                0x08014da0                _GenerateObservationCovariance_AHRS_EA
 .text.Update_AHRS_EA
                0x08014f1c      0x624 .pioenvs\imu380\src\algorithm\UpdateFunctions.o
                0x08014f1c                Update_AHRS_EA
 .text._GPS_PosVel_To_NED
                0x08015540      0x22c .pioenvs\imu380\src\algorithm\UpdateFunctions.o
 .text.ComputeSystemInnovation_INS
                0x0801576c      0x1f4 .pioenvs\imu380\src\algorithm\UpdateFunctions.o
                0x0801576c                ComputeSystemInnovation_INS
 .text.updateInsPos
                0x08015960      0x374 .pioenvs\imu380\src\algorithm\UpdateFunctions.o
 .text.updateInsVel
                0x08015cd4      0x3e0 .pioenvs\imu380\src\algorithm\UpdateFunctions.o
 .text.updateInsAtt
                0x080160b4      0x478 .pioenvs\imu380\src\algorithm\UpdateFunctions.o
 .text._TurnSwitch_EA
                0x0801652c      0x18c .pioenvs\imu380\src\algorithm\UpdateFunctions.o
 .text._UnwrapAttitudeError
                0x080166b8       0x8c .pioenvs\imu380\src\algorithm\UpdateFunctions.o
 .text._LimitValue
                0x08016744       0x42 .pioenvs\imu380\src\algorithm\UpdateFunctions.o
 *fill*         0x08016786        0x2 
 .text.ComputeSystemInnovation_AHRS_Q
                0x08016788       0x88 .pioenvs\imu380\src\algorithm\UpdateFunctions.o
                0x08016788                ComputeSystemInnovation_AHRS_Q
 .text.Update_AHRS_Q
                0x08016810      0x528 .pioenvs\imu380\src\algorithm\UpdateFunctions.o
                0x08016810                Update_AHRS_Q
 .text._GenerateObservationCovariance_AHRS_Q
                0x08016d38       0xb8 .pioenvs\imu380\src\algorithm\UpdateFunctions.o
                0x08016d38                _GenerateObservationCovariance_AHRS_Q
 .text._TurnSwitch_Q
                0x08016df0      0x2ec .pioenvs\imu380\src\algorithm\UpdateFunctions.o
 .text._searchTempTable
                0x080170dc      0x1d8 .pioenvs\imu380\src\algorithm\calibrate.o
 .text._searchScaleTable
                0x080172b4      0x1f4 .pioenvs\imu380\src\algorithm\calibrate.o
                0x080172b4                _searchScaleTable
 .text.CalibrateInit
                0x080174a8      0x378 .pioenvs\imu380\src\algorithm\calibrate.o
                0x080174a8                CalibrateInit
 .text._GetFilter
                0x08017820       0xb8 .pioenvs\imu380\src\algorithm\calibrate.o
                0x08017820                _GetFilter
 .text.CalibrateFilter
                0x080178d8      0x444 .pioenvs\imu380\src\algorithm\calibrate.o
                0x080178d8                CalibrateFilter
 .text.CalibrateApply
                0x08017d1c      0x4ac .pioenvs\imu380\src\algorithm\calibrate.o
                0x08017d1c                CalibrateApply
 .text._ApplySensorCalibration
                0x080181c8       0x60 .pioenvs\imu380\src\algorithm\calibrate.o
 .text._AdjustForSensorMisalignment
                0x08018228      0x1cc .pioenvs\imu380\src\algorithm\calibrate.o
 .text._AdjustForSensorMisalignment_q27
                0x080183f4      0x1c8 .pioenvs\imu380\src\algorithm\calibrate.o
 .text._orientSensors
                0x080185bc      0x1e8 .pioenvs\imu380\src\algorithm\calibrate.o
                0x080185bc                _orientSensors
 .text.orientSensors_q27
                0x080187a4      0x190 .pioenvs\imu380\src\algorithm\calibrate.o
                0x080187a4                orientSensors_q27
 *fill*         0x08018934        0x4 
 .text._LimitSensorValues
                0x08018938      0x390 .pioenvs\imu380\src\algorithm\calibrate.o
                0x08018938                _LimitSensorValues
 .text.accumAMat
                0x08018cc8      0x370 .pioenvs\imu380\src\algorithm\calibrate_mag.o
                0x08018cc8                accumAMat
 .text.initializeAmat
                0x08019038       0x50 .pioenvs\imu380\src\algorithm\calibrate_mag.o
                0x08019038                initializeAmat
 .text.accumbvec
                0x08019088       0x9c .pioenvs\imu380\src\algorithm\calibrate_mag.o
                0x08019088                accumbvec
 .text.initializebvec
                0x08019124       0x34 .pioenvs\imu380\src\algorithm\calibrate_mag.o
                0x08019124                initializebvec
 .text.formCmat
                0x08019158       0x8c .pioenvs\imu380\src\algorithm\calibrate_mag.o
                0x08019158                formCmat
 .text.absf     0x080191e4       0x2a .pioenvs\imu380\src\algorithm\calibrate_mag.o
                0x080191e4                absf
 *fill*         0x0801920e        0x2 
 .text.findPivot
                0x08019210       0x9c .pioenvs\imu380\src\algorithm\calibrate_mag.o
                0x08019210                findPivot
 .text.MagAlign
                0x080192ac      0x18c .pioenvs\imu380\src\algorithm\calibrate_mag.o
                0x080192ac                MagAlign
 .text._PerformMagAlign
                0x08019438      0x5ec .pioenvs\imu380\src\algorithm\calibrate_mag.o
 *fill*         0x08019a24        0x4 
 .text._ProcessMagAlignData
                0x08019a28      0xbc0 .pioenvs\imu380\src\algorithm\calibrate_mag.o
 .text.InitMagAlignParams
                0x0801a5e8       0x9c .pioenvs\imu380\src\algorithm\calibrate_mag.o
                0x0801a5e8                InitMagAlignParams
 .text._CalcMagAlignScaleFactor
                0x0801a684       0xe4 .pioenvs\imu380\src\algorithm\calibrate_mag.o
 .text.InitializeAlgorithmStruct
                0x0801a768      0x218 .pioenvs\imu380\src\algorithm\xbowsp_algorithm.o
                0x0801a768                InitializeAlgorithmStruct
 .text.setAlgoType
                0x0801a980       0x20 .pioenvs\imu380\src\algorithm\xbowsp_algorithm.o
                0x0801a980                setAlgoType
 .text.InitializeSensorScaling
                0x0801a9a0       0x7c .pioenvs\imu380\src\algorithm\xbowsp_algorithm.o
                0x0801a9a0                InitializeSensorScaling
 .text.BSP_init
                0x0801aa1c       0x10 .pioenvs\imu380\src\board\bsp.o
                0x0801aa1c                BSP_init
 .text.GPIO_config
                0x0801aa2c        0xc .pioenvs\imu380\src\board\bsp.o
                0x0801aa2c                GPIO_config
 .text._InitCommonPins_GPIO
                0x0801aa38       0x2c .pioenvs\imu380\src\board\configureGPIO.o
                0x0801aa38                _InitCommonPins_GPIO
 .text._InitUnitConfigurationPins
                0x0801aa64       0x30 .pioenvs\imu380\src\board\configureGPIO.o
                0x0801aa64                _InitUnitConfigurationPins
 .text.InitBoardConfiguration_GPIO
                0x0801aa94       0x68 .pioenvs\imu380\src\board\configureGPIO.o
                0x0801aa94                InitBoardConfiguration_GPIO
 .text.ReadUnitConfiguration_GPIO
                0x0801aafc       0x58 .pioenvs\imu380\src\board\configureGPIO.o
                0x0801aafc                ReadUnitConfiguration_GPIO
 .text.InitPin_GPIO
                0x0801ab54       0x4a .pioenvs\imu380\src\board\configureGPIO.o
                0x0801ab54                InitPin_GPIO
 .text.NMI_Handler
                0x0801ab9e        0xc .pioenvs\imu380\src\board\stm32f2xx_it.o
                0x0801ab9e                NMI_Handler
 .text.HardFault_Handler
                0x0801abaa        0x6 .pioenvs\imu380\src\board\stm32f2xx_it.o
                0x0801abaa                HardFault_Handler
 .text.MemManage_Handler
                0x0801abb0        0x6 .pioenvs\imu380\src\board\stm32f2xx_it.o
                0x0801abb0                MemManage_Handler
 .text.BusFault_Handler
                0x0801abb6        0x6 .pioenvs\imu380\src\board\stm32f2xx_it.o
                0x0801abb6                BusFault_Handler
 .text.UsageFault_Handler
                0x0801abbc        0x6 .pioenvs\imu380\src\board\stm32f2xx_it.o
                0x0801abbc                UsageFault_Handler
 .text.DebugMon_Handler
                0x0801abc2        0xc .pioenvs\imu380\src\board\stm32f2xx_it.o
                0x0801abc2                DebugMon_Handler
 *fill*         0x0801abce        0x2 
 .text.EXTI1_IRQHandler
                0x0801abd0       0x28 .pioenvs\imu380\src\board\stm32f2xx_it.o
                0x0801abd0                EXTI1_IRQHandler
 .text.EXTI9_5_IRQHandler
                0x0801abf8       0x4c .pioenvs\imu380\src\board\stm32f2xx_it.o
                0x0801abf8                EXTI9_5_IRQHandler
 .text._i2cx_to_index
                0x0801ac44       0x44 .pioenvs\imu380\src\i2c\i2c.o
 .text._i2c_clear_arbitration_lost
                0x0801ac88       0xd8 .pioenvs\imu380\src\i2c\i2c.o
 .text._i2c_error_irq
                0x0801ad60       0xc4 .pioenvs\imu380\src\i2c\i2c.o
 .text.I2C1_ER_IRQHandler
                0x0801ae24       0x16 .pioenvs\imu380\src\i2c\i2c.o
                0x0801ae24                I2C1_ER_IRQHandler
 .text.I2C3_ER_IRQHandler
                0x0801ae3a       0x16 .pioenvs\imu380\src\i2c\i2c.o
                0x0801ae3a                I2C3_ER_IRQHandler
 .text.I2C2_ER_IRQHandler
                0x0801ae50       0x16 .pioenvs\imu380\src\i2c\i2c.o
                0x0801ae50                I2C2_ER_IRQHandler
 *fill*         0x0801ae66        0x2 
 .text._i2c_dma_irq
                0x0801ae68       0x4c .pioenvs\imu380\src\i2c\i2c.o
 .text.DMA1_Stream5_IRQHandler
                0x0801aeb4       0x34 .pioenvs\imu380\src\i2c\i2c.o
                0x0801aeb4                DMA1_Stream5_IRQHandler
 .text.DMA1_Stream2_IRQHandler
                0x0801aee8       0x34 .pioenvs\imu380\src\i2c\i2c.o
                0x0801aee8                DMA1_Stream2_IRQHandler
 .text.DMA1_Stream3_IRQHandler
                0x0801af1c       0x34 .pioenvs\imu380\src\i2c\i2c.o
                0x0801af1c                DMA1_Stream3_IRQHandler
 .text._i2c_event
                0x0801af50      0x6c4 .pioenvs\imu380\src\i2c\i2c.o
 .text.I2C1_EV_IRQHandler
                0x0801b614       0x16 .pioenvs\imu380\src\i2c\i2c.o
                0x0801b614                I2C1_EV_IRQHandler
 .text.I2C3_EV_IRQHandler
                0x0801b62a       0x16 .pioenvs\imu380\src\i2c\i2c.o
                0x0801b62a                I2C3_EV_IRQHandler
 .text.I2C2_EV_IRQHandler
                0x0801b640       0x16 .pioenvs\imu380\src\i2c\i2c.o
                0x0801b640                I2C2_EV_IRQHandler
 *fill*         0x0801b656        0x2 
 .text.i2c_open
                0x0801b658       0x80 .pioenvs\imu380\src\i2c\i2c.o
                0x0801b658                i2c_open
 .text.i2c_close
                0x0801b6d8       0x38 .pioenvs\imu380\src\i2c\i2c.o
                0x0801b6d8                i2c_close
 .text.I2C1_ConfigureDMA
                0x0801b710       0xac .pioenvs\imu380\src\i2c\i2c.o
                0x0801b710                I2C1_ConfigureDMA
 .text._i2c1_init
                0x0801b7bc       0xdc .pioenvs\imu380\src\i2c\i2c.o
 .text.I2C3_ConfigureDMA
                0x0801b898       0xb0 .pioenvs\imu380\src\i2c\i2c.o
                0x0801b898                I2C3_ConfigureDMA
 .text._i2c3_init
                0x0801b948       0xec .pioenvs\imu380\src\i2c\i2c.o
 .text.I2C2_ConfigureDMA
                0x0801ba34       0xac .pioenvs\imu380\src\i2c\i2c.o
                0x0801ba34                I2C2_ConfigureDMA
 .text._i2c2_init
                0x0801bae0       0xe0 .pioenvs\imu380\src\i2c\i2c.o
 .text.i2c_configure
                0x0801bbc0       0xf8 .pioenvs\imu380\src\i2c\i2c.o
                0x0801bbc0                i2c_configure
 .text.i2c_data_request
                0x0801bcb8      0x100 .pioenvs\imu380\src\i2c\i2c.o
                0x0801bcb8                i2c_data_request
 .text.i2c_data_send
                0x0801bdb8       0xcc .pioenvs\imu380\src\i2c\i2c.o
                0x0801bdb8                i2c_data_send
 .text.i2c_is_done
                0x0801be84       0x38 .pioenvs\imu380\src\i2c\i2c.o
                0x0801be84                i2c_is_done
 .text.i2c_has_error
                0x0801bebc       0x30 .pioenvs\imu380\src\i2c\i2c.o
                0x0801bebc                i2c_has_error
 .text.ControlPortInit
                0x0801beec       0x38 .pioenvs\imu380\src\main.o
                0x0801beec                ControlPortInit
 .text.main     0x0801bf24      0x198 .pioenvs\imu380\src\main.o
                0x0801bf24                main
 .text._TaskCommandLine
                0x0801c0bc       0x30 .pioenvs\imu380\src\main.o
                0x0801c0bc                _TaskCommandLine
 .text.AxB      0x0801c0ec       0xe8 .pioenvs\imu380\src\math\MatrixMath.o
                0x0801c0ec                AxB
 .text.AxV      0x0801c1d4       0x9c .pioenvs\imu380\src\math\MatrixMath.o
                0x0801c1d4                AxV
 .text.AMinusB  0x0801c270       0x9a .pioenvs\imu380\src\math\MatrixMath.o
                0x0801c270                AMinusB
 .text.ForceMatrixSymmetry
                0x0801c30a       0x6e .pioenvs\imu380\src\math\MatrixMath.o
                0x0801c30a                ForceMatrixSymmetry
 .text.matrixInverse_3x3
                0x0801c378      0x330 .pioenvs\imu380\src\math\MatrixMath.o
                0x0801c378                matrixInverse_3x3
 .text.MatrixInverse_4x4
                0x0801c6a8      0xea8 .pioenvs\imu380\src\math\MatrixMath.o
                0x0801c6a8                MatrixInverse_4x4
 .text.EulerAnglesToQuaternion
                0x0801d550      0x20c .pioenvs\imu380\src\math\QuaternionMath.o
                0x0801d550                EulerAnglesToQuaternion
 .text.QuatNormalize
                0x0801d75c      0x174 .pioenvs\imu380\src\math\QuaternionMath.o
                0x0801d75c                QuatNormalize
 .text.QuaternionToEulerAngles
                0x0801d8d0      0x210 .pioenvs\imu380\src\math\QuaternionMath.o
                0x0801d8d0                QuaternionToEulerAngles
 .text.QuaternionToR321
                0x0801dae0      0x210 .pioenvs\imu380\src\math\QuaternionMath.o
                0x0801dae0                QuaternionToR321
 .text.FieldVectorsToEulerAngles
                0x0801dcf0      0x200 .pioenvs\imu380\src\math\TransformationMath.o
                0x0801dcf0                FieldVectorsToEulerAngles
 .text._TransformMagFieldToPerpFrame
                0x0801def0      0x16c .pioenvs\imu380\src\math\TransformationMath.o
 *fill*         0x0801e05c        0x4 
 .text.LLA_To_Base
                0x0801e060      0x398 .pioenvs\imu380\src\math\TransformationMath.o
                0x0801e060                LLA_To_Base
 .text.PosNED_To_PosECEF
                0x0801e3f8      0x194 .pioenvs\imu380\src\math\TransformationMath.o
                0x0801e3f8                PosNED_To_PosECEF
 *fill*         0x0801e58c        0x4 
 .text.ECEF_To_LLA
                0x0801e590      0x24c .pioenvs\imu380\src\math\TransformationMath.o
                0x0801e590                ECEF_To_LLA
 .text.VectorNormalize
                0x0801e7dc       0x6a .pioenvs\imu380\src\math\VectorMath.o
                0x0801e7dc                VectorNormalize
 .text.VectorMag
                0x0801e846       0x90 .pioenvs\imu380\src\math\VectorMath.o
                0x0801e846                VectorMag
 *fill*         0x0801e8d6        0x2 
 .text.qsqrt_q27
                0x0801e8d8      0x118 .pioenvs\imu380\src\math\qmath.o
                0x0801e8d8                qsqrt_q27
 .text.nabs     0x0801e9f0       0x20 .pioenvs\imu380\src\math\qmath.o
                0x0801e9f0                nabs
 .text.nabs_64  0x0801ea10       0x32 .pioenvs\imu380\src\math\qmath.o
                0x0801ea10                nabs_64
 .text.sign     0x0801ea42       0x20 .pioenvs\imu380\src\math\qmath.o
                0x0801ea42                sign
 .text.asin_q29
                0x0801ea62       0x60 .pioenvs\imu380\src\math\qmath.o
                0x0801ea62                asin_q29
 *fill*         0x0801eac2        0x2 
 .text.atan2_q29
                0x0801eac4      0x390 .pioenvs\imu380\src\math\qmath.o
                0x0801eac4                atan2_q29
 .text.sin_q30  0x0801ee54      0x220 .pioenvs\imu380\src\math\qmath.o
                0x0801ee54                sin_q30
 .text.cos_q30  0x0801f074       0x50 .pioenvs\imu380\src\math\qmath.o
                0x0801f074                cos_q30
 .text.VectorNormalize_q30
                0x0801f0c4       0xaa .pioenvs\imu380\src\math\qmath.o
                0x0801f0c4                VectorNormalize_q30
 .text.VectorMag_q27
                0x0801f16e       0xc2 .pioenvs\imu380\src\math\qmath.o
                0x0801f16e                VectorMag_q27
 .text.OSIdlingHook
                0x0801f230        0xc .pioenvs\imu380\src\rtos\salvohook_idle.o
                0x0801f230                OSIdlingHook
 .text.OSDisableHook
                0x0801f23c       0x1c .pioenvs\imu380\src\rtos\salvohook_interrupt.o
                0x0801f23c                OSDisableHook
 .text.OSEnableHook
                0x0801f258       0x24 .pioenvs\imu380\src\rtos\salvohook_interrupt.o
                0x0801f258                OSEnableHook
 .text.OSClrWDTHook
                0x0801f27c        0xc .pioenvs\imu380\src\rtos\salvohook_wdt.o
                0x0801f27c                OSClrWDTHook
 .text._AccWhoamiNoCheck
                0x0801f288       0x60 .pioenvs\imu380\src\sensors\accelMMA8451Q.o
                0x0801f288                _AccWhoamiNoCheck
 .text._AccReadReg
                0x0801f2e8       0x70 .pioenvs\imu380\src\sensors\accelMMA8451Q.o
 .text._AccWriteReg
                0x0801f358       0xe4 .pioenvs\imu380\src\sensors\accelMMA8451Q.o
 .text._SetStandby
                0x0801f43c       0x2c .pioenvs\imu380\src\sensors\accelMMA8451Q.o
 .text._SetActive
                0x0801f468       0x2c .pioenvs\imu380\src\sensors\accelMMA8451Q.o
 .text._AccelerometerDataReceivedCallback
                0x0801f494      0x1a4 .pioenvs\imu380\src\sensors\accelMMA8451Q.o
                0x0801f494                _AccelerometerDataReceivedCallback
 .text.AccelerometerDataReadyIRQ
                0x0801f638      0x10c .pioenvs\imu380\src\sensors\accelMMA8451Q.o
                0x0801f638                AccelerometerDataReadyIRQ
 .text.AccelerometerStartReading
                0x0801f744       0x1c .pioenvs\imu380\src\sensors\accelMMA8451Q.o
                0x0801f744                AccelerometerStartReading
 .text.IsAccelerometerDoneReading
                0x0801f760       0x24 .pioenvs\imu380\src\sensors\accelMMA8451Q.o
                0x0801f760                IsAccelerometerDoneReading
 .text.AccelerometerGetLastReading
                0x0801f784      0x34c .pioenvs\imu380\src\sensors\accelMMA8451Q.o
                0x0801f784                AccelerometerGetLastReading
 .text.AccelerometerWhoAmI
                0x0801fad0       0x32 .pioenvs\imu380\src\sensors\accelMMA8451Q.o
                0x0801fad0                AccelerometerWhoAmI
 *fill*         0x0801fb02        0x2 
 .text.AccelerometerGetGain
                0x0801fb04       0x5c .pioenvs\imu380\src\sensors\accelMMA8451Q.o
                0x0801fb04                AccelerometerGetGain
 .text.AccelerometerConfig
                0x0801fb60       0xcc .pioenvs\imu380\src\sensors\accelMMA8451Q.o
                0x0801fb60                AccelerometerConfig
 .text._InitAccelDataReadyInt
                0x0801fc2c       0x8c .pioenvs\imu380\src\sensors\accelMMA8451Q.o
                0x0801fc2c                _InitAccelDataReadyInt
 .text.AccelDataReadyInt
                0x0801fcb8       0x2c .pioenvs\imu380\src\sensors\accelMMA8451Q.o
                0x0801fcb8                AccelDataReadyInt
 .text.InitAccelerometer
                0x0801fce4       0x94 .pioenvs\imu380\src\sensors\accelMMA8451Q.o
                0x0801fce4                InitAccelerometer
 .text.AccelSelfTest_Bias
                0x0801fd78       0x4c .pioenvs\imu380\src\sensors\accelMMA8451Q.o
                0x0801fd78                AccelSelfTest_Bias
 .text.getAccelI2CBusy
                0x0801fdc4       0x18 .pioenvs\imu380\src\sensors\accelMMA8451Q.o
                0x0801fdc4                getAccelI2CBusy
 .text.setAccelI2CBusy
                0x0801fddc       0x20 .pioenvs\imu380\src\sensors\accelMMA8451Q.o
                0x0801fddc                setAccelI2CBusy
 .text.BITInit  0x0801fdfc       0xb8 .pioenvs\imu380\src\sensors\bitSelfTest.o
                0x0801fdfc                BITInit
 .text.BITSetRunFlags
                0x0801feb4       0x30 .pioenvs\imu380\src\sensors\bitSelfTest.o
                0x0801feb4                BITSetRunFlags
 .text.BITStartStop
                0x0801fee4       0x5c .pioenvs\imu380\src\sensors\bitSelfTest.o
                0x0801fee4                BITStartStop
 .text.BITCollectData
                0x0801ff40      0x40c .pioenvs\imu380\src\sensors\bitSelfTest.o
                0x0801ff40                BITCollectData
 .text._BITConfigureHW
                0x0802034c      0x168 .pioenvs\imu380\src\sensors\bitSelfTest.o
                0x0802034c                _BITConfigureHW
 .text._BITRestoreHW
                0x080204b4      0x13c .pioenvs\imu380\src\sensors\bitSelfTest.o
                0x080204b4                _BITRestoreHW
 .text._BITAnalyzeResults
                0x080205f0      0x3f8 .pioenvs\imu380\src\sensors\bitSelfTest.o
                0x080205f0                _BITAnalyzeResults
 .text.MAX21000WhoAmI
                0x080209e8       0x6c .pioenvs\imu380\src\sensors\gyroMAX21000.o
                0x080209e8                MAX21000WhoAmI
 .text.GyroGetGain
                0x08020a54       0x6c .pioenvs\imu380\src\sensors\gyroMAX21000.o
                0x08020a54                GyroGetGain
 .text.GyroSelfTest_Bias
                0x08020ac0       0x4a .pioenvs\imu380\src\sensors\gyroMAX21000.o
                0x08020ac0                GyroSelfTest_Bias
 *fill*         0x08020b0a        0x2 
 .text.MAX21000Config
                0x08020b0c      0x1f0 .pioenvs\imu380\src\sensors\gyroMAX21000.o
                0x08020b0c                MAX21000Config
 .text._ReadGyroRegister
                0x08020cfc       0x50 .pioenvs\imu380\src\sensors\gyroscope.o
                0x08020cfc                _ReadGyroRegister
 .text._WriteGyroRegister
                0x08020d4c       0x54 .pioenvs\imu380\src\sensors\gyroscope.o
                0x08020d4c                _WriteGyroRegister
 .text.IsGyroDoneReading
                0x08020da0       0x24 .pioenvs\imu380\src\sensors\gyroscope.o
                0x08020da0                IsGyroDoneReading
 .text._GyroDMADoneCallback
                0x08020dc4       0x24 .pioenvs\imu380\src\sensors\gyroscope.o
 .text.BeginRateSensorRead
                0x08020de8       0x90 .pioenvs\imu380\src\sensors\gyroscope.o
                0x08020de8                BeginRateSensorRead
 .text.GyroGetLastReading
                0x08020e78      0x37c .pioenvs\imu380\src\sensors\gyroscope.o
                0x08020e78                GyroGetLastReading
 .text.GyroTempGetLastReading
                0x080211f4       0x50 .pioenvs\imu380\src\sensors\gyroscope.o
                0x080211f4                GyroTempGetLastReading
 .text.GyroTempGetTemperature
                0x08021244       0x34 .pioenvs\imu380\src\sensors\gyroscope.o
                0x08021244                GyroTempGetTemperature
 .text.InitGyro
                0x08021278       0x90 .pioenvs\imu380\src\sensors\gyroscope.o
                0x08021278                InitGyro
 .text.GyroConfig
                0x08021308       0x1c .pioenvs\imu380\src\sensors\gyroscope.o
                0x08021308                GyroConfig
 .text._MagWriteReg
                0x08021324       0x90 .pioenvs\imu380\src\sensors\magHMC5883L.o
 .text._MagReadReg
                0x080213b4       0x88 .pioenvs\imu380\src\sensors\magHMC5883L.o
 .text._MagnetometerDataReceivedCallback
                0x0802143c       0x20 .pioenvs\imu380\src\sensors\magHMC5883L.o
 .text._MagnetometerRequestCompleteCallback
                0x0802145c       0x14 .pioenvs\imu380\src\sensors\magHMC5883L.o
 .text.MagnetomterDataReadyIRQ
                0x08021470       0x4c .pioenvs\imu380\src\sensors\magHMC5883L.o
                0x08021470                MagnetomterDataReadyIRQ
 .text.MagnetometerStartReading
                0x080214bc       0x60 .pioenvs\imu380\src\sensors\magHMC5883L.o
                0x080214bc                MagnetometerStartReading
 .text.IsMagnetometerDoneReading
                0x0802151c       0x24 .pioenvs\imu380\src\sensors\magHMC5883L.o
                0x0802151c                IsMagnetometerDoneReading
 .text.MagnetometerGetLastReading
                0x08021540       0xd4 .pioenvs\imu380\src\sensors\magHMC5883L.o
                0x08021540                MagnetometerGetLastReading
 .text._MagWhoAmINocheck
                0x08021614       0x58 .pioenvs\imu380\src\sensors\magHMC5883L.o
                0x08021614                _MagWhoAmINocheck
 .text.MagnetometerWhoAmI
                0x0802166c       0xf4 .pioenvs\imu380\src\sensors\magHMC5883L.o
                0x0802166c                MagnetometerWhoAmI
 .text.MagnetometerGetGain
                0x08021760       0x44 .pioenvs\imu380\src\sensors\magHMC5883L.o
                0x08021760                MagnetometerGetGain
 .text._MagnetometerClearBuffer
                0x080217a4       0x40 .pioenvs\imu380\src\sensors\magHMC5883L.o
 .text.MagnetometerSelfTest
                0x080217e4      0x160 .pioenvs\imu380\src\sensors\magHMC5883L.o
                0x080217e4                MagnetometerSelfTest
 .text.MagnetometerConfig
                0x08021944       0x9a .pioenvs\imu380\src\sensors\magHMC5883L.o
                0x08021944                MagnetometerConfig
 *fill*         0x080219de        0x2 
 .text._InitMagDataReadyInt
                0x080219e0       0x8c .pioenvs\imu380\src\sensors\magHMC5883L.o
                0x080219e0                _InitMagDataReadyInt
 .text.InitMagnetometer
                0x08021a6c       0x48 .pioenvs\imu380\src\sensors\magHMC5883L.o
                0x08021a6c                InitMagnetometer
 .text._StartTemperatureTimer
                0x08021ab4       0x70 .pioenvs\imu380\src\sensors\tempTMP102.o
 .text._InitTemperatureConversionTimer
                0x08021b24       0x90 .pioenvs\imu380\src\sensors\tempTMP102.o
 .text.InitTemperatureSensor
                0x08021bb4      0x15c .pioenvs\imu380\src\sensors\tempTMP102.o
                0x08021bb4                InitTemperatureSensor
 .text._TemperatureRegWriteDoneCallback
                0x08021d10       0x20 .pioenvs\imu380\src\sensors\tempTMP102.o
 .text.TemperatureStartReading
                0x08021d30       0x5c .pioenvs\imu380\src\sensors\tempTMP102.o
                0x08021d30                TemperatureStartReading
 .text.IsTemperatureDoneReading
                0x08021d8c       0x24 .pioenvs\imu380\src\sensors\tempTMP102.o
                0x08021d8c                IsTemperatureDoneReading
 .text.TemperatureGetLastReading
                0x08021db0       0x64 .pioenvs\imu380\src\sensors\tempTMP102.o
                0x08021db0                TemperatureGetLastReading
 .text.TemperatureGetGain
                0x08021e14       0x10 .pioenvs\imu380\src\sensors\tempTMP102.o
                0x08021e14                TemperatureGetGain
 .text._Reserved
                0x08021e24       0x2c .pioenvs\imu380\src\spi\SPIWriteCallbackTable.o
                0x08021e24                _Reserved
 .text._GPIO_Direction_Write
                0x08021e50       0x20 .pioenvs\imu380\src\spi\SPIWriteCallbackTable.o
                0x08021e50                _GPIO_Direction_Write
 .text._GPIO_Level_Write
                0x08021e70       0x20 .pioenvs\imu380\src\spi\SPIWriteCallbackTable.o
                0x08021e70                _GPIO_Level_Write
 .text._Data_Ready_Write
                0x08021e90       0x50 .pioenvs\imu380\src\spi\SPIWriteCallbackTable.o
                0x08021e90                _Data_Ready_Write
 .text._Self_Test_Write
                0x08021ee0       0x2c .pioenvs\imu380\src\spi\SPIWriteCallbackTable.o
                0x08021ee0                _Self_Test_Write
 .text._Clock_Config_Write
                0x08021f0c       0x48 .pioenvs\imu380\src\spi\SPIWriteCallbackTable.o
                0x08021f0c                _Clock_Config_Write
 .text._Decimation_Write
                0x08021f54       0xdc .pioenvs\imu380\src\spi\SPIWriteCallbackTable.o
                0x08021f54                _Decimation_Write
 .text._Filter_Taps_Config_Write
                0x08022030       0x20 .pioenvs\imu380\src\spi\SPIWriteCallbackTable.o
                0x08022030                _Filter_Taps_Config_Write
 .text._Dynamic_Range_Config_Write
                0x08022050      0x2a0 .pioenvs\imu380\src\spi\SPIWriteCallbackTable.o
                0x08022050                _Dynamic_Range_Config_Write
 .text._SpiWriteCal
                0x080222f0       0x2c .pioenvs\imu380\src\spi\SPIWriteCallbackTable.o
                0x080222f0                _SpiWriteCal
 *fill*         0x0802231c        0x4 
 .text.Accel_Output_Config_Write
                0x08022320      0x248 .pioenvs\imu380\src\spi\SPIWriteCallbackTable.o
                0x08022320                Accel_Output_Config_Write
 .text.Rate_Output_Config_Write
                0x08022568       0x98 .pioenvs\imu380\src\spi\SPIWriteCallbackTable.o
                0x08022568                Rate_Output_Config_Write
 .text.Temp_Output_Config_Write
                0x08022600       0x58 .pioenvs\imu380\src\spi\SPIWriteCallbackTable.o
                0x08022600                Temp_Output_Config_Write
 .text.Mag_Output_Config_Write
                0x08022658      0x13c .pioenvs\imu380\src\spi\SPIWriteCallbackTable.o
                0x08022658                Mag_Output_Config_Write
 .text.UserSPI_BytesInBurstRegister
                0x08022794      0x150 .pioenvs\imu380\src\spi\SPIWriteCallbackTable.o
                0x08022794                UserSPI_BytesInBurstRegister
 .text._Axis_Orientation_Msb_Write
                0x080228e4       0x4c .pioenvs\imu380\src\spi\SPIWriteCallbackTable.o
                0x080228e4                _Axis_Orientation_Msb_Write
 .text._Axis_Orientation_Lsb_Write
                0x08022930       0x78 .pioenvs\imu380\src\spi\SPIWriteCallbackTable.o
                0x08022930                _Axis_Orientation_Lsb_Write
 .text._Write_EEPROM_Cmd_Write
                0x080229a8       0x80 .pioenvs\imu380\src\spi\SPIWriteCallbackTable.o
                0x080229a8                _Write_EEPROM_Cmd_Write
 .text._EmptyCallback
                0x08022a28        0xc .pioenvs\imu380\src\spi\UserCommunication_SPI.o
 .text.InitCommunication_UserSPI
                0x08022a34       0x34 .pioenvs\imu380\src\spi\UserCommunication_SPI.o
                0x08022a34                InitCommunication_UserSPI
 .text.HandleRegisterWrite_UserSPI
                0x08022a68       0x2c .pioenvs\imu380\src\spi\UserCommunication_SPI.o
                0x08022a68                HandleRegisterWrite_UserSPI
 .text._InitStructureVariables_UserSpi
                0x08022a94       0x54 .pioenvs\imu380\src\spi\UserCommunication_SPI.o
                0x08022a94                _InitStructureVariables_UserSpi
 .text._FillSpiDataRegister_Unassigned01
                0x08022ae8       0x1c .pioenvs\imu380\src\spi\UserCommunication_SPI.o
                0x08022ae8                _FillSpiDataRegister_Unassigned01
 .text.FillSpiDataRegister_OutputBytesExpected
                0x08022b04       0x20 .pioenvs\imu380\src\spi\UserCommunication_SPI.o
                0x08022b04                FillSpiDataRegister_OutputBytesExpected
 .text._loadRegisters
                0x08022b24      0x128 .pioenvs\imu380\src\spi\UserCommunication_SPI.o
                0x08022b24                _loadRegisters
 .text.FillSpiDataRegister_Sensors
                0x08022c4c      0x310 .pioenvs\imu380\src\spi\UserCommunication_SPI.o
                0x08022c4c                FillSpiDataRegister_Sensors
 .text.FillSpiDataRegister_BIT
                0x08022f5c       0xc4 .pioenvs\imu380\src\spi\UserCommunication_SPI.o
                0x08022f5c                FillSpiDataRegister_BIT
 .text.FillSpiDataRegister_MagAlign
                0x08023020       0x9c .pioenvs\imu380\src\spi\UserCommunication_SPI.o
                0x08023020                FillSpiDataRegister_MagAlign
 .text.FillSpiBurstRegister_Sensors
                0x080230bc      0x370 .pioenvs\imu380\src\spi\UserCommunication_SPI.o
                0x080230bc                FillSpiBurstRegister_Sensors
 .text._calcCRC
                0x0802342c       0x7e .pioenvs\imu380\src\spi\UserCommunication_SPI.o
                0x0802342c                _calcCRC
 *fill*         0x080234aa        0x2 
 .text._FillSpiDataRegister_DataReady
                0x080234ac       0x68 .pioenvs\imu380\src\spi\UserCommunication_SPI.o
                0x080234ac                _FillSpiDataRegister_DataReady
 .text._FillSpiDataRegister_Sampling
                0x08023514       0x30 .pioenvs\imu380\src\spi\UserCommunication_SPI.o
                0x08023514                _FillSpiDataRegister_Sampling
 .text._FillSpiDataRegister_ProductIdentification
                0x08023544      0x26c .pioenvs\imu380\src\spi\UserCommunication_SPI.o
                0x08023544                _FillSpiDataRegister_ProductIdentification
 .text._FillSpiDataRegister_Configuration
                0x080237b0       0x88 .pioenvs\imu380\src\spi\UserCommunication_SPI.o
                0x080237b0                _FillSpiDataRegister_Configuration
 .text._FillSpiDataRegister_Filter
                0x08023838       0x18 .pioenvs\imu380\src\spi\UserCommunication_SPI.o
                0x08023838                _FillSpiDataRegister_Filter
 .text._FillSpiDataRegister_Orientation
                0x08023850       0x3c .pioenvs\imu380\src\spi\UserCommunication_SPI.o
                0x08023850                _FillSpiDataRegister_Orientation
 .text._FillSpiDataRegister_HWandSWVersion
                0x0802388c      0x120 .pioenvs\imu380\src\spi\UserCommunication_SPI.o
                0x0802388c                _FillSpiDataRegister_HWandSWVersion
 .text.get_spi1_complete
                0x080239ac       0x18 .pioenvs\imu380\src\spi\spi.o
                0x080239ac                get_spi1_complete
 .text._SPI1_Init
                0x080239c4      0x184 .pioenvs\imu380\src\spi\spi.o
                0x080239c4                _SPI1_Init
 .text._SPI3_Init
                0x08023b48      0x1fc .pioenvs\imu380\src\spi\spi.o
                0x08023b48                _SPI3_Init
 .text.DMA1_Stream7_IRQHandler
                0x08023d44        0xc .pioenvs\imu380\src\spi\spi.o
                0x08023d44                DMA1_Stream7_IRQHandler
 .text.spi_configure
                0x08023d50       0x70 .pioenvs\imu380\src\spi\spi.o
                0x08023d50                spi_configure
 .text.DMA2_Stream0_IRQHandler
                0x08023dc0       0x60 .pioenvs\imu380\src\spi\spi.o
                0x08023dc0                DMA2_Stream0_IRQHandler
 .text.DMA1_Stream0_IRQHandler
                0x08023e20       0x84 .pioenvs\imu380\src\spi\spi.o
                0x08023e20                DMA1_Stream0_IRQHandler
 .text._spi3_DMA_Callback
                0x08023ea4      0x1f8 .pioenvs\imu380\src\spi\spi.o
                0x08023ea4                _spi3_DMA_Callback
 .text.spi1_transfer
                0x0802409c       0x8c .pioenvs\imu380\src\spi\spi.o
                0x0802409c                spi1_transfer
 .text.spi3_transfer
                0x08024128       0x84 .pioenvs\imu380\src\spi\spi.o
                0x08024128                spi3_transfer
 .text.spi_set_baud
                0x080241ac       0x56 .pioenvs\imu380\src\spi\spi.o
                0x080241ac                spi_set_baud
 *fill*         0x08024202        0x2 
 .text._InitExternalSync
                0x08024204       0xf8 .pioenvs\imu380\src\taskDataAcquisition.o
                0x08024204                _InitExternalSync
 .text.setPpsFlag
                0x080242fc       0x20 .pioenvs\imu380\src\taskDataAcquisition.o
                0x080242fc                setPpsFlag
 .text.EXTI0_IRQHandler
                0x0802431c      0x1b8 .pioenvs\imu380\src\taskDataAcquisition.o
                0x0802431c                EXTI0_IRQHandler
 .text.InitDataAcquisitionTimer
                0x080244d4       0x94 .pioenvs\imu380\src\taskDataAcquisition.o
                0x080244d4                InitDataAcquisitionTimer
 .text.TIM5_IRQHandler
                0x08024568       0xc0 .pioenvs\imu380\src\taskDataAcquisition.o
                0x08024568                TIM5_IRQHandler
 .text.DataAquisitionStart
                0x08024628       0x1e .pioenvs\imu380\src\taskDataAcquisition.o
                0x08024628                DataAquisitionStart
 *fill*         0x08024646        0x2 
 .text._TaskDataAcquisition_Init
                0x08024648       0x5c .pioenvs\imu380\src\taskDataAcquisition.o
                0x08024648                _TaskDataAcquisition_Init
 .text.TaskDataAcquisition
                0x080246a4      0x2c8 .pioenvs\imu380\src\taskDataAcquisition.o
                0x080246a4                TaskDataAcquisition
 .text._InitSensors
                0x0802496c      0x118 .pioenvs\imu380\src\taskDataAcquisition.o
                0x0802496c                _InitSensors
 .text._ConvertToXBowScaling
                0x08024a84      0x128 .pioenvs\imu380\src\taskDataAcquisition.o
                0x08024a84                _ConvertToXBowScaling
 .text.LimitInt16Value
                0x08024bac       0x48 .pioenvs\imu380\src\taskDataAcquisition.o
                0x08024bac                LimitInt16Value
 .text._Temp_MovingAverage
                0x08024bf4       0xd8 .pioenvs\imu380\src\taskDataAcquisition.o
                0x08024bf4                _Temp_MovingAverage
 .text.DataAquisitionStop
                0x08024ccc       0x14 .pioenvs\imu380\src\taskDataAcquisition.o
                0x08024ccc                DataAquisitionStop
 .text.NVIC_SetPriority
                0x08024ce0       0x54 .pioenvs\imu380\src\timer\timer.o
 .text.SysTick_Config
                0x08024d34       0x44 .pioenvs\imu380\src\timer\timer.o
 .text.SysTick_Handler
                0x08024d78       0x38 .pioenvs\imu380\src\timer\timer.o
                0x08024d78                SysTick_Handler
 .text.DelayMs  0x08024db0       0x2c .pioenvs\imu380\src\timer\timer.o
                0x08024db0                DelayMs
 .text.TimeNow  0x08024ddc       0x14 .pioenvs\imu380\src\timer\timer.o
                0x08024ddc                TimeNow
 .text.TimePassed
                0x08024df0       0x34 .pioenvs\imu380\src\timer\timer.o
                0x08024df0                TimePassed
 .text.InitSystemTimer
                0x08024e24       0x24 .pioenvs\imu380\src\timer\timer.o
                0x08024e24                InitSystemTimer
 .text.uart_init
                0x08024e48      0x154 .pioenvs\imu380\src\uart\uart.o
                0x08024e48                uart_init
 .text.uart_write
                0x08024f9c       0x38 .pioenvs\imu380\src\uart\uart.o
                0x08024f9c                uart_write
 .text.uart_isr
                0x08024fd4      0x12c .pioenvs\imu380\src\uart\uart.o
                0x08024fd4                uart_isr
 .text.UART4_IRQHandler
                0x08025100       0x2c .pioenvs\imu380\src\uart\uart.o
                0x08025100                UART4_IRQHandler
 .text.UART5_IRQHandler
                0x0802512c       0x2c .pioenvs\imu380\src\uart\uart.o
                0x0802512c                UART5_IRQHandler
 .text.bytes_remaining
                0x08025158       0x4c .pioenvs\imu380\src\uart\uart.o
                0x08025158                bytes_remaining
 .text.uart_BIT
                0x080251a4      0x144 .pioenvs\imu380\src\uart\uart.o
                0x080251a4                uart_BIT
 .text.CmdPrintPrompt
                0x080252e8       0x34 .pioenvs\imu380\src\usart\commandLine.o
                0x080252e8                CmdPrintPrompt
 .text.CmdLineLookup
                0x0802531c       0x4c .pioenvs\imu380\src\usart\commandLine.o
                0x0802531c                CmdLineLookup
 .text._ExecLine
                0x08025368       0x2c .pioenvs\imu380\src\usart\commandLine.o
 .text.CmdLineGetArgString
                0x08025394       0x38 .pioenvs\imu380\src\usart\commandLine.o
                0x08025394                CmdLineGetArgString
 .text.CmdLineGetArgInt
                0x080253cc       0x40 .pioenvs\imu380\src\usart\commandLine.o
                0x080253cc                CmdLineGetArgInt
 .text.CmdLineGetArgUInt
                0x0802540c       0x40 .pioenvs\imu380\src\usart\commandLine.o
                0x0802540c                CmdLineGetArgUInt
 .text._Dispatch
                0x0802544c       0x78 .pioenvs\imu380\src\usart\commandLine.o
 .text._CmdHelp
                0x080254c4       0x5c .pioenvs\imu380\src\usart\commandLine.o
 .text.CmdVersion
                0x08025520       0x7c .pioenvs\imu380\src\usart\commands.o
                0x08025520                CmdVersion
 .text.CmdReadSensors
                0x0802559c      0x218 .pioenvs\imu380\src\usart\commands.o
                0x0802559c                CmdReadSensors
 .text.CmdChangeOutputDataRate
                0x080257b4       0x70 .pioenvs\imu380\src\usart\commands.o
                0x080257b4                CmdChangeOutputDataRate
 .text.CmdReadAccelerometer
                0x08025824      0x188 .pioenvs\imu380\src\usart\commands.o
                0x08025824                CmdReadAccelerometer
 .text.CmdReadTemperature
                0x080259ac      0x148 .pioenvs\imu380\src\usart\commands.o
                0x080259ac                CmdReadTemperature
 .text.CmdReadMagnetometer
                0x08025af4      0x18c .pioenvs\imu380\src\usart\commands.o
                0x08025af4                CmdReadMagnetometer
 .text.CmdReadGyro
                0x08025c80      0x11c .pioenvs\imu380\src\usart\commands.o
                0x08025c80                CmdReadGyro
 .text.CmdReadGyroTemp
                0x08025d9c       0xf0 .pioenvs\imu380\src\usart\commands.o
                0x08025d9c                CmdReadGyroTemp
 .text.CmdInertialCalib
                0x08025e8c      0x320 .pioenvs\imu380\src\usart\commands.o
                0x08025e8c                CmdInertialCalib
 .text.CmdSelfTest
                0x080261ac       0xc0 .pioenvs\imu380\src\usart\commands.o
                0x080261ac                CmdSelfTest
 .text.CmdAccelInit
                0x0802626c       0x4c .pioenvs\imu380\src\usart\commands.o
                0x0802626c                CmdAccelInit
 .text.CmdGyroInit
                0x080262b8       0x78 .pioenvs\imu380\src\usart\commands.o
                0x080262b8                CmdGyroInit
 .text.CmdApplyRateSensorBias
                0x08026330       0x48 .pioenvs\imu380\src\usart\commands.o
                0x08026330                CmdApplyRateSensorBias
 .text.CmdApplyAccelSensorBias
                0x08026378       0x32 .pioenvs\imu380\src\usart\commands.o
                0x08026378                CmdApplyAccelSensorBias
 *fill*         0x080263aa        0x2 
 .text.CmdPerformAccelSelfTest
                0x080263ac       0x88 .pioenvs\imu380\src\usart\commands.o
                0x080263ac                CmdPerformAccelSelfTest
 .text.CmdMagnetometerInit
                0x08026434       0x58 .pioenvs\imu380\src\usart\commands.o
                0x08026434                CmdMagnetometerInit
 .text.CmdAutoDataAquisitionMode
                0x0802648c       0x2e .pioenvs\imu380\src\usart\commands.o
                0x0802648c                CmdAutoDataAquisitionMode
 *fill*         0x080264ba        0x2 
 .text.CmdUserUsart
                0x080264bc       0xac .pioenvs\imu380\src\usart\commands.o
                0x080264bc                CmdUserUsart
 .text.CmdGpioPin
                0x08026568       0xe8 .pioenvs\imu380\src\usart\commands.o
                0x08026568                CmdGpioPin
 .text.CmdEeRead
                0x08026650       0xac .pioenvs\imu380\src\usart\commands.o
                0x08026650                CmdEeRead
 .text.CmdEeWrite
                0x080266fc       0xac .pioenvs\imu380\src\usart\commands.o
                0x080266fc                CmdEeWrite
 .text.CmdDisplayDebugMessages_SensorData
                0x080267a8       0x38 .pioenvs\imu380\src\usart\commands.o
                0x080267a8                CmdDisplayDebugMessages_SensorData
 .text.CmdBlinkLED
                0x080267e0       0x12 .pioenvs\imu380\src\usart\commands.o
                0x080267e0                CmdBlinkLED
 *fill*         0x080267f2        0x2 
 .text.CmdUsartBaudRate
                0x080267f4       0x74 .pioenvs\imu380\src\usart\commands.o
                0x080267f4                CmdUsartBaudRate
 .text.CmdInitSPIPeripheral
                0x08026868       0x14 .pioenvs\imu380\src\usart\commands.o
                0x08026868                CmdInitSPIPeripheral
 .text.PrintGPSPositionHeader
                0x0802687c       0x14 .pioenvs\imu380\src\usart\commands.o
 .text.PrintGPSPosition
                0x08026890        0xc .pioenvs\imu380\src\usart\commands.o
 .text.CmdParseGPS
                0x0802689c       0x22 .pioenvs\imu380\src\usart\commands.o
                0x0802689c                CmdParseGPS
 .text.CmdGpsInit
                0x080268be       0x42 .pioenvs\imu380\src\usart\commands.o
                0x080268be                CmdGpsInit
 .text.CmdGpsHandler
                0x08026900       0xbc .pioenvs\imu380\src\usart\commands.o
                0x08026900                CmdGpsHandler
 .text.CmdGpsInternal
                0x080269bc       0x3c .pioenvs\imu380\src\usart\commands.o
                0x080269bc                CmdGpsInternal
 .text.CmdGpsRead
                0x080269f8       0x18 .pioenvs\imu380\src\usart\commands.o
                0x080269f8                CmdGpsRead
 .text.DebugPrintString
                0x08026a10       0x38 .pioenvs\imu380\src\usart\debug.o
                0x08026a10                DebugPrintString
 .text.DebugPrintInt
                0x08026a48       0x30 .pioenvs\imu380\src\usart\debug.o
                0x08026a48                DebugPrintInt
 .text.DebugPrintHex
                0x08026a78       0x30 .pioenvs\imu380\src\usart\debug.o
                0x08026a78                DebugPrintHex
 .text.DebugPrintFloat
                0x08026aa8       0xd4 .pioenvs\imu380\src\usart\debug.o
                0x08026aa8                DebugPrintFloat
 .text.DebugPrintEndline
                0x08026b7c       0x14 .pioenvs\imu380\src\usart\debug.o
                0x08026b7c                DebugPrintEndline
 .text.itoa     0x08026b90       0xea .pioenvs\imu380\src\usart\debug.o
                0x08026b90                itoa
 *fill*         0x08026c7a        0x2 
 .text.DebugSerialPutChar
                0x08026c7c       0x34 .pioenvs\imu380\src\usart\debug_usart.o
                0x08026c7c                DebugSerialPutChar
 .text.UseExtUSARTGps
                0x08026cb0       0x2c .pioenvs\imu380\src\usart\debug_usart.o
                0x08026cb0                UseExtUSARTGps
 .text.DebugSerialReadLine
                0x08026cdc      0x110 .pioenvs\imu380\src\usart\debug_usart.o
                0x08026cdc                DebugSerialReadLine
 .text.IsDebugSerialIdle
                0x08026dec       0x20 .pioenvs\imu380\src\usart\debug_usart.o
                0x08026dec                IsDebugSerialIdle
 .text.InitDebugSerialCommunication
                0x08026e0c      0x114 .pioenvs\imu380\src\usart\debug_usart.o
                0x08026e0c                InitDebugSerialCommunication
 .text.USART1_IRQHandler
                0x08026f20       0x88 .pioenvs\imu380\src\usart\debug_usart.o
                0x08026f20                USART1_IRQHandler
 .text.handleBITandStatus
                0x08026fa8      0x1d0 .pioenvs\imu380\src\userProtocol\BIT.o
                0x08026fa8                handleBITandStatus
 .text._handleComBIT
                0x08027178       0x7c .pioenvs\imu380\src\userProtocol\BIT.o
                0x08027178                _handleComBIT
 .text.handleOverRange
                0x080271f4      0x29c .pioenvs\imu380\src\userProtocol\BIT.o
                0x080271f4                handleOverRange
 .text.COM_buf_bytes_available
                0x08027490       0x16 .pioenvs\imu380\src\userProtocol\comm_buffers.o
                0x08027490                COM_buf_bytes_available
 .text.COM_buf_headroom
                0x080274a6       0x1c .pioenvs\imu380\src\userProtocol\comm_buffers.o
                0x080274a6                COM_buf_headroom
 .text.COM_buf_delete
                0x080274c2       0x54 .pioenvs\imu380\src\userProtocol\comm_buffers.o
                0x080274c2                COM_buf_delete
 .text.COM_buf_copy
                0x08027516       0x76 .pioenvs\imu380\src\userProtocol\comm_buffers.o
                0x08027516                COM_buf_copy
 .text.COM_buf_add
                0x0802758c       0x98 .pioenvs\imu380\src\userProtocol\comm_buffers.o
                0x0802758c                COM_buf_add
 .text.COM_buf_get
                0x08027624       0x96 .pioenvs\imu380\src\userProtocol\comm_buffers.o
                0x08027624                COM_buf_get
 .text.COM_buf_init
                0x080276ba       0x48 .pioenvs\imu380\src\userProtocol\comm_buffers.o
                0x080276ba                COM_buf_init
 .text.Crc      0x08027702      0x15e .pioenvs\imu380\src\userProtocol\crc.o
 .text.CrcCcittTypeToBytes
                0x08027860       0x2c .pioenvs\imu380\src\userProtocol\crc.o
                0x08027860                CrcCcittTypeToBytes
 .text.BytesToCrcCcittType
                0x0802788c       0x28 .pioenvs\imu380\src\userProtocol\crc.o
                0x0802788c                BytesToCrcCcittType
 .text.Crc32TypeToBytes
                0x080278b4       0x40 .pioenvs\imu380\src\userProtocol\crc.o
                0x080278b4                Crc32TypeToBytes
 .text.BytesToCrc32Type
                0x080278f4       0x3a .pioenvs\imu380\src\userProtocol\crc.o
                0x080278f4                BytesToCrc32Type
 *fill*         0x0802792e        0x2 
 .text.CrcCcitt
                0x08027930       0x50 .pioenvs\imu380\src\userProtocol\crc.o
                0x08027930                CrcCcitt
 .text.Crc32    0x08027980       0x4c .pioenvs\imu380\src\userProtocol\crc.o
                0x08027980                Crc32
 .text.ExternPortInit
                0x080279cc       0xcc .pioenvs\imu380\src\userProtocol\extern_port.o
                0x080279cc                ExternPortInit
 .text.HandleUcbRx
                0x08027a98      0x3d4 .pioenvs\imu380\src\userProtocol\extern_port.o
                0x08027a98                HandleUcbRx
 .text.HandleUcbTx
                0x08027e6c       0xd4 .pioenvs\imu380\src\userProtocol\extern_port.o
                0x08027e6c                HandleUcbTx
 .text.ExternPortWaitOnTxIdle
                0x08027f40       0x34 .pioenvs\imu380\src\userProtocol\extern_port.o
                0x08027f40                ExternPortWaitOnTxIdle
 .text._UcbPing
                0x08027f74       0x24 .pioenvs\imu380\src\userProtocol\handle_packet.o
 .text._UcbEcho
                0x08027f98       0x1e .pioenvs\imu380\src\userProtocol\handle_packet.o
 .text._UcbGetPacket
                0x08027fb6       0x68 .pioenvs\imu380\src\userProtocol\handle_packet.o
 .text._UcbSetFields
                0x0802801e      0x1de .pioenvs\imu380\src\userProtocol\handle_packet.o
 .text._UcbGetFields
                0x080281fc      0x2a4 .pioenvs\imu380\src\userProtocol\handle_packet.o
 .text._UcbReadFields
                0x080284a0      0x292 .pioenvs\imu380\src\userProtocol\handle_packet.o
 .text._UcbWriteFields
                0x08028732      0x202 .pioenvs\imu380\src\userProtocol\handle_packet.o
 .text._UcbUnlockEeprom
                0x08028934       0xac .pioenvs\imu380\src\userProtocol\handle_packet.o
 .text._UcbReadEeprom
                0x080289e0       0x78 .pioenvs\imu380\src\userProtocol\handle_packet.o
 .text._UcbWriteEeprom
                0x08028a58       0xac .pioenvs\imu380\src\userProtocol\handle_packet.o
 .text._UcbProgramReset
                0x08028b04       0x28 .pioenvs\imu380\src\userProtocol\handle_packet.o
 .text._UcbSoftwareReset
                0x08028b2c       0x2c .pioenvs\imu380\src\userProtocol\handle_packet.o
 .text._UcbAlgorithmReset
                0x08028b58       0x34 .pioenvs\imu380\src\userProtocol\handle_packet.o
 .text._UcbWriteCal
                0x08028b8c      0x11c .pioenvs\imu380\src\userProtocol\handle_packet.o
 .text._SetNak  0x08028ca8       0x30 .pioenvs\imu380\src\userProtocol\handle_packet.o
 .text._UcbError
                0x08028cd8       0x2a .pioenvs\imu380\src\userProtocol\handle_packet.o
 *fill*         0x08028d02        0x2 
 .text._UcbJump2IAP
                0x08028d04       0x40 .pioenvs\imu380\src\userProtocol\handle_packet.o
 .text.HandleUcbPacket
                0x08028d44      0x1e0 .pioenvs\imu380\src\userProtocol\handle_packet.o
                0x08028d44                HandleUcbPacket
 .text.SystemReset
                0x08028f24       0x1c .pioenvs\imu380\src\userProtocol\handle_packet.o
                0x08028f24                SystemReset
 .text._UcbIdentification
                0x08028f40       0xd8 .pioenvs\imu380\src\userProtocol\send_packet.o
                0x08028f40                _UcbIdentification
 .text._UcbVersionData
                0x08029018       0x5c .pioenvs\imu380\src\userProtocol\send_packet.o
                0x08029018                _UcbVersionData
 .text._UcbVersionAllData
                0x08029074      0x160 .pioenvs\imu380\src\userProtocol\send_packet.o
                0x08029074                _UcbVersionAllData
 .text._UcbAngle1
                0x080291d4      0x118 .pioenvs\imu380\src\userProtocol\send_packet.o
                0x080291d4                _UcbAngle1
 .text._UcbAngle2
                0x080292ec       0xe8 .pioenvs\imu380\src\userProtocol\send_packet.o
                0x080292ec                _UcbAngle2
 *fill*         0x080293d4        0x4 
 .text._UcbAngleU
                0x080293d8      0x11c .pioenvs\imu380\src\userProtocol\send_packet.o
                0x080293d8                _UcbAngleU
 .text._UcbScaled0
                0x080294f4       0xc0 .pioenvs\imu380\src\userProtocol\send_packet.o
                0x080294f4                _UcbScaled0
 .text._UcbScaled1
                0x080295b4       0x9c .pioenvs\imu380\src\userProtocol\send_packet.o
                0x080295b4                _UcbScaled1
 .text._UcbTest0
                0x08029650      0x194 .pioenvs\imu380\src\userProtocol\send_packet.o
                0x08029650                _UcbTest0
 .text._UcbTest1
                0x080297e4      0x1bc .pioenvs\imu380\src\userProtocol\send_packet.o
                0x080297e4                _UcbTest1
 .text._UcbFactory1
                0x080299a0       0x74 .pioenvs\imu380\src\userProtocol\send_packet.o
                0x080299a0                _UcbFactory1
 .text._UcbFactory2
                0x08029a14       0x7c .pioenvs\imu380\src\userProtocol\send_packet.o
                0x08029a14                _UcbFactory2
 .text._UcbFactory3
                0x08029a90       0x54 .pioenvs\imu380\src\userProtocol\send_packet.o
                0x08029a90                _UcbFactory3
 .text._UcbMagCal1Complete
                0x08029ae4       0x64 .pioenvs\imu380\src\userProtocol\send_packet.o
                0x08029ae4                _UcbMagCal1Complete
 .text._UcbMagCal3Complete
                0x08029b48       0xac .pioenvs\imu380\src\userProtocol\send_packet.o
                0x08029b48                _UcbMagCal3Complete
 .text._UcbNav0
                0x08029bf4       0xb0 .pioenvs\imu380\src\userProtocol\send_packet.o
                0x08029bf4                _UcbNav0
 .text._UcbNav1
                0x08029ca4       0xd0 .pioenvs\imu380\src\userProtocol\send_packet.o
                0x08029ca4                _UcbNav1
 .text._UcbNav2
                0x08029d74       0xd0 .pioenvs\imu380\src\userProtocol\send_packet.o
                0x08029d74                _UcbNav2
 .text.SendUcbPacket
                0x08029e44      0x164 .pioenvs\imu380\src\userProtocol\send_packet.o
                0x08029e44                SendUcbPacket
 .text.LoadUcbSPIBuffer
                0x08029fa8      0x198 .pioenvs\imu380\src\userProtocol\send_packet.o
                0x08029fa8                LoadUcbSPIBuffer
 .text.getUserCommunicationType
                0x0802a140       0x14 .pioenvs\imu380\src\userProtocol\taskUserCommunication.o
                0x0802a140                getUserCommunicationType
 .text.setUserCommunicationType
                0x0802a154       0x1c .pioenvs\imu380\src\userProtocol\taskUserCommunication.o
                0x0802a154                setUserCommunicationType
 .text.TaskUserCommunication
                0x0802a170       0x90 .pioenvs\imu380\src\userProtocol\taskUserCommunication.o
                0x0802a170                TaskUserCommunication
 .text._ProcessUcbCommands
                0x0802a200       0x24 .pioenvs\imu380\src\userProtocol\taskUserCommunication.o
 .text._ProcessContUcbPkt
                0x0802a224       0x78 .pioenvs\imu380\src\userProtocol\taskUserCommunication.o
 .text.UcbGetSysType
                0x0802a29c       0xd0 .pioenvs\imu380\src\userProtocol\ucb_packet.o
                0x0802a29c                UcbGetSysType
 .text.UcbGetSysRange
                0x0802a36c       0x90 .pioenvs\imu380\src\userProtocol\ucb_packet.o
                0x0802a36c                UcbGetSysRange
 .text.UcbPacketBytesToPacketType
                0x0802a3fc       0x74 .pioenvs\imu380\src\userProtocol\ucb_packet.o
                0x0802a3fc                UcbPacketBytesToPacketType
 .text.UcbPacketPacketTypeToBytes
                0x0802a470       0x58 .pioenvs\imu380\src\userProtocol\ucb_packet.o
                0x0802a470                UcbPacketPacketTypeToBytes
 .text.UcbPacketBytesToPayloadLength
                0x0802a4c8       0x16 .pioenvs\imu380\src\userProtocol\ucb_packet.o
                0x0802a4c8                UcbPacketBytesToPayloadLength
 .text.UcbPacketPayloadLengthToBytes
                0x0802a4de       0x1c .pioenvs\imu380\src\userProtocol\ucb_packet.o
                0x0802a4de                UcbPacketPayloadLengthToBytes
 .text.UcbPacketCrcToBytes
                0x0802a4fa       0x2c .pioenvs\imu380\src\userProtocol\ucb_packet.o
                0x0802a4fa                UcbPacketCrcToBytes
 .text.UcbPacketCalculateCrc
                0x0802a526       0x26 .pioenvs\imu380\src\userProtocol\ucb_packet.o
                0x0802a526                UcbPacketCalculateCrc
 .text.UcbPacketIsAnInputPacket
                0x0802a54c       0x28 .pioenvs\imu380\src\userProtocol\ucb_packet.o
                0x0802a54c                UcbPacketIsAnInputPacket
 .text.UcbPacketIsAnOutputPacket
                0x0802a574       0xac .pioenvs\imu380\src\userProtocol\ucb_packet.o
                0x0802a574                UcbPacketIsAnOutputPacket
 .text.DefaultPortConfiguration
                0x0802a620       0x40 .pioenvs\imu380\src\userProtocol\xbowsp_fields.o
                0x0802a620                DefaultPortConfiguration
 .text.CheckPacketRateDivider
                0x0802a660       0xf4 .pioenvs\imu380\src\userProtocol\xbowsp_fields.o
                0x0802a660                CheckPacketRateDivider
 .text.CheckContPacketRate
                0x0802a754      0x30c .pioenvs\imu380\src\userProtocol\xbowsp_fields.o
                0x0802a754                CheckContPacketRate
 .text.CheckPortBaudRate
                0x0802aa60       0x24 .pioenvs\imu380\src\userProtocol\xbowsp_fields.o
                0x0802aa60                CheckPortBaudRate
 .text.ValidPortConfiguration
                0x0802aa84       0x90 .pioenvs\imu380\src\userProtocol\xbowsp_fields.o
                0x0802aa84                ValidPortConfiguration
 .text.CheckOrientation
                0x0802ab14       0xc2 .pioenvs\imu380\src\userProtocol\xbowsp_fields.o
                0x0802ab14                CheckOrientation
 .text.CheckBaroCorrection
                0x0802abd6       0x2c .pioenvs\imu380\src\userProtocol\xbowsp_fields.o
                0x0802abd6                CheckBaroCorrection
 *fill*         0x0802ac02        0x2 
 .text.CheckFieldData
                0x0802ac04      0x440 .pioenvs\imu380\src\userProtocol\xbowsp_fields.o
 .text.CheckRamFieldData
                0x0802b044       0x44 .pioenvs\imu380\src\userProtocol\xbowsp_fields.o
                0x0802b044                CheckRamFieldData
 .text.CheckEepromFieldData
                0x0802b088       0x34 .pioenvs\imu380\src\userProtocol\xbowsp_fields.o
                0x0802b088                CheckEepromFieldData
 .text.SetFieldData
                0x0802b0bc       0x50 .pioenvs\imu380\src\userProtocol\xbowsp_fields.o
                0x0802b0bc                SetFieldData
 .text.WriteFieldData
                0x0802b10c       0x38 .pioenvs\imu380\src\userProtocol\xbowsp_fields.o
                0x0802b10c                WriteFieldData
 *fill*         0x0802b144        0x4 
 .text.appendCorrectedRates
                0x0802b148       0xc4 .pioenvs\imu380\src\userProtocol\xbowsp_fields.o
                0x0802b148                appendCorrectedRates
 .text.appendRates
                0x0802b20c       0xf0 .pioenvs\imu380\src\userProtocol\xbowsp_fields.o
                0x0802b20c                appendRates
 .text.appendMagReadings
                0x0802b2fc       0xf8 .pioenvs\imu380\src\userProtocol\xbowsp_fields.o
                0x0802b2fc                appendMagReadings
 *fill*         0x0802b3f4        0x4 
 .text.appendTangentRates
                0x0802b3f8       0xcc .pioenvs\imu380\src\userProtocol\xbowsp_fields.o
                0x0802b3f8                appendTangentRates
 .text.appendAccels
                0x0802b4c4       0xf4 .pioenvs\imu380\src\userProtocol\xbowsp_fields.o
                0x0802b4c4                appendAccels
 .text.appendTangentAccels
                0x0802b5b8      0x108 .pioenvs\imu380\src\userProtocol\xbowsp_fields.o
                0x0802b5b8                appendTangentAccels
 .text.appendRateTemp
                0x0802b6c0       0xac .pioenvs\imu380\src\userProtocol\xbowsp_fields.o
                0x0802b6c0                appendRateTemp
 .text.appendTemps
                0x0802b76c      0x1f8 .pioenvs\imu380\src\userProtocol\xbowsp_fields.o
                0x0802b76c                appendTemps
 *fill*         0x0802b964        0x4 
 .text.appendAttitudeTrue
                0x0802b968       0xc4 .pioenvs\imu380\src\userProtocol\xbowsp_fields.o
                0x0802b968                appendAttitudeTrue
 .text.appendInertialCounts
                0x0802ba2c       0x88 .pioenvs\imu380\src\userProtocol\xbowsp_fields.o
                0x0802ba2c                appendInertialCounts
 .text.appendMagnetometerCounts
                0x0802bab4       0x50 .pioenvs\imu380\src\userProtocol\xbowsp_fields.o
                0x0802bab4                appendMagnetometerCounts
 .text.appendAllTempCounts
                0x0802bb04       0x9c .pioenvs\imu380\src\userProtocol\xbowsp_fields.o
                0x0802bb04                appendAllTempCounts
 .text.appendGpsVel
                0x0802bba0       0xb8 .pioenvs\imu380\src\userProtocol\xbowsp_fields.o
                0x0802bba0                appendGpsVel
 .text.appendKalmanVel
                0x0802bc58       0xbc .pioenvs\imu380\src\userProtocol\xbowsp_fields.o
                0x0802bc58                appendKalmanVel
 *fill*         0x0802bd14        0x4 
 .text.appendGpsPos
                0x0802bd18      0x130 .pioenvs\imu380\src\userProtocol\xbowsp_fields.o
                0x0802bd18                appendGpsPos
 .text.appendKalmanPos
                0x0802be48       0xf8 .pioenvs\imu380\src\userProtocol\xbowsp_fields.o
                0x0802be48                appendKalmanPos
 .text.uint32ToBuffer
                0x0802bf40       0x68 .pioenvs\imu380\src\userProtocol\xbowsp_fields.o
                0x0802bf40                uint32ToBuffer
 .text.uint16ToBuffer
                0x0802bfa8       0x44 .pioenvs\imu380\src\userProtocol\xbowsp_fields.o
                0x0802bfa8                uint16ToBuffer
 .text.IsInternalGPS
                0x0802bfec       0x1c .pioenvs\imu380\src\userProtocol\xbowsp_init.o
                0x0802bfec                IsInternalGPS
 .text.SetConfigurationBaudRateGps
                0x0802c008       0x20 .pioenvs\imu380\src\userProtocol\xbowsp_init.o
                0x0802c008                SetConfigurationBaudRateGps
 .text.SetConfigurationProtocolGPS
                0x0802c028       0x20 .pioenvs\imu380\src\userProtocol\xbowsp_init.o
                0x0802c028                SetConfigurationProtocolGPS
 .text.initCRC_16bit
                0x0802c048       0x38 .pioenvs\imu380\src\userProtocol\xbowsp_init.o
 .text._readConfigAndCalIntoMem
                0x0802c080       0x1c .pioenvs\imu380\src\userProtocol\xbowsp_init.o
 .text._CheckCalibrationCrc
                0x0802c09c       0x88 .pioenvs\imu380\src\userProtocol\xbowsp_init.o
 .text._ProcessCalibrationData
                0x0802c124       0xc0 .pioenvs\imu380\src\userProtocol\xbowsp_init.o
 .text.getSensorRange
                0x0802c1e4       0x14 .pioenvs\imu380\src\userProtocol\xbowsp_init.o
                0x0802c1e4                getSensorRange
 .text.initConfigureUnit
                0x0802c1f8      0x1d4 .pioenvs\imu380\src\userProtocol\xbowsp_init.o
                0x0802c1f8                initConfigureUnit
 .text.SetIntVectorOffset
                0x0802c3cc       0x1a .pioenvs\imu380\src\userProtocol\xbowsp_init.o
                0x0802c3cc                SetIntVectorOffset
 *fill*         0x0802c3e6        0x2 
 .text.TimingVars_Increment
                0x0802c3e8       0xa8 .pioenvs\imu380\src\utilities\TimingVars.o
                0x0802c3e8                TimingVars_Increment
 .text.Initialize_Timing
                0x0802c490       0x5c .pioenvs\imu380\src\utilities\TimingVars.o
                0x0802c490                Initialize_Timing
 .text.FilterInit
                0x0802c4ec      0x23c .pioenvs\imu380\src\utilities\filter.o
                0x0802c4ec                FilterInit
 .text.Butterworth_Q27_PushSample
                0x0802c728       0x2e .pioenvs\imu380\src\utilities\filter.o
                0x0802c728                Butterworth_Q27_PushSample
 .text.Butterworth_Q27_Filter
                0x0802c756      0x110 .pioenvs\imu380\src\utilities\filter.o
                0x0802c756                Butterworth_Q27_Filter
 *fill*         0x0802c866        0x2 
 .text.Apply_Butterworth_Q27_Filter
                0x0802c868       0x7c .pioenvs\imu380\src\utilities\filter.o
                0x0802c868                Apply_Butterworth_Q27_Filter
 .text.Bartlett_Q27_PushSample
                0x0802c8e4       0x32 .pioenvs\imu380\src\utilities\filter.o
                0x0802c8e4                Bartlett_Q27_PushSample
 .text.Bartlett_Q27_Filter
                0x0802c916      0x18a .pioenvs\imu380\src\utilities\filter.o
                0x0802c916                Bartlett_Q27_Filter
 .text.Apply_Bartlett_Q27_Filter
                0x0802caa0       0x4c .pioenvs\imu380\src\utilities\filter.o
                0x0802caa0                Apply_Bartlett_Q27_Filter
 .text.debounce_init
                0x0802caec       0x44 .pioenvs\imu380\src\utilities\filter.o
                0x0802caec                debounce_init
 .text.debounce_calc
                0x0802cb30       0x7c .pioenvs\imu380\src\utilities\filter.o
                0x0802cb30                debounce_calc
 *fill*         0x0802cbac        0x4 
 .text._rateFilt_4thOrderBWF_LowPass_Axis_cascaded2nd
                0x0802cbb0      0x3b8 .pioenvs\imu380\src\utilities\lowpass_filter.o
                0x0802cbb0                _rateFilt_4thOrderBWF_LowPass_Axis_cascaded2nd
 .text._accel_4thOrderBWF_LowPass_Axis_cascaded2nd
                0x0802cf68      0x3b8 .pioenvs\imu380\src\utilities\lowpass_filter.o
                0x0802cf68                _accel_4thOrderBWF_LowPass_Axis_cascaded2nd
 .text._rateFilt_3rdOrderBWF_LowPass_Axis_cascaded1st
                0x0802d320      0x388 .pioenvs\imu380\src\utilities\lowpass_filter.o
                0x0802d320                _rateFilt_3rdOrderBWF_LowPass_Axis_cascaded1st
 .text._accelFilt_3rdOrderBWF_LowPass_Axis_cascaded1st
                0x0802d6a8      0x388 .pioenvs\imu380\src\utilities\lowpass_filter.o
                0x0802d6a8                _accelFilt_3rdOrderBWF_LowPass_Axis_cascaded1st
 .text._configurationOffset
                0x0802da30       0x28 .pioenvs\imu380\src\utilities\s_eeprom.o
 .text.readEEPROMCalOffsetAndLength
                0x0802da58       0x3c .pioenvs\imu380\src\utilities\s_eeprom.o
                0x0802da58                readEEPROMCalOffsetAndLength
 .text._s_eepromWrite
                0x0802da94       0xd4 .pioenvs\imu380\src\utilities\s_eeprom.o
                0x0802da94                _s_eepromWrite
 .text.writeEEPROMByte
                0x0802db68      0x10c .pioenvs\imu380\src\utilities\s_eeprom.o
                0x0802db68                writeEEPROMByte
 .text.writeEEPROMWords
                0x0802dc74      0x120 .pioenvs\imu380\src\utilities\s_eeprom.o
                0x0802dc74                writeEEPROMWords
 .text.readEEPROMWords
                0x0802dd94       0x28 .pioenvs\imu380\src\utilities\s_eeprom.o
                0x0802dd94                readEEPROMWords
 .text.readEEPROMByte
                0x0802ddbc       0xfc .pioenvs\imu380\src\utilities\s_eeprom.o
                0x0802ddbc                readEEPROMByte
 .text.readEEPROMSerialNumber
                0x0802deb8       0x24 .pioenvs\imu380\src\utilities\s_eeprom.o
                0x0802deb8                readEEPROMSerialNumber
 .text.readEEPROMProdConfig
                0x0802dedc       0x30 .pioenvs\imu380\src\utilities\s_eeprom.o
                0x0802dedc                readEEPROMProdConfig
 .text.readEEPROMCalibration
                0x0802df0c       0x3c .pioenvs\imu380\src\utilities\s_eeprom.o
                0x0802df0c                readEEPROMCalibration
 .text.readEEPROMConfiguration
                0x0802df48       0x3c .pioenvs\imu380\src\utilities\s_eeprom.o
                0x0802df48                readEEPROMConfiguration
 .text.setJumpFlag
                0x0802df84       0xc8 .pioenvs\imu380\src\utilities\s_eeprom.o
                0x0802df84                setJumpFlag
 .text.tlwr     0x0802e04c       0x2a .pioenvs\imu380\src\utilities\utilities.o
                0x0802e04c                tlwr
 .text.strcmpi  0x0802e076       0x72 .pioenvs\imu380\src\utilities\utilities.o
                0x0802e076                strcmpi
 .text.strrep   0x0802e0e8       0x3a .pioenvs\imu380\src\utilities\utilities.o
                0x0802e0e8                strrep
 .text.strtok_r1
                0x0802e122       0x98 .pioenvs\imu380\src\utilities\utilities.o
                0x0802e122                strtok_r1
 *fill*         0x0802e1ba        0x2 
 .text.InitTimer_Watchdog
                0x0802e1bc       0x40 .pioenvs\imu380\src\utilities\watchdog.o
                0x0802e1bc                InitTimer_Watchdog
 .text.SetMaxDelay_Watchdog
                0x0802e1fc       0x30 .pioenvs\imu380\src\utilities\watchdog.o
                0x0802e1fc                SetMaxDelay_Watchdog
 .text.RestoreDelay_Watchdog
                0x0802e22c       0x2c .pioenvs\imu380\src\utilities\watchdog.o
                0x0802e22c                RestoreDelay_Watchdog
 .text.atoi     0x0802e258        0x8 c:/users/aceinna/.platformio/packages/toolchain-gccarmnoneeabi/bin/../lib/gcc/arm-none-eabi/6.3.1/../../../../arm-none-eabi/lib/thumb/v7-m\libc.a(lib_a-atoi.o)
                0x0802e258                atoi
 .text.memmove  0x0802e260       0xc8 c:/users/aceinna/.platformio/packages/toolchain-gccarmnoneeabi/bin/../lib/gcc/arm-none-eabi/6.3.1/../../../../arm-none-eabi/lib/thumb/v7-m\libc.a(lib_a-memmove.o)
                0x0802e260                memmove
 .text.memset   0x0802e328       0x9c c:/users/aceinna/.platformio/packages/toolchain-gccarmnoneeabi/bin/../lib/gcc/arm-none-eabi/6.3.1/../../../../arm-none-eabi/lib/thumb/v7-m\libc.a(lib_a-memset.o)
                0x0802e328                memset
 .text.strlen   0x0802e3c4       0x5c c:/users/aceinna/.platformio/packages/toolchain-gccarmnoneeabi/bin/../lib/gcc/arm-none-eabi/6.3.1/../../../../arm-none-eabi/lib/thumb/v7-m\libc.a(lib_a-strlen-stub.o)
                0x0802e3c4                strlen
 .text.critical_factorization
                0x0802e420       0xb4 c:/users/aceinna/.platformio/packages/toolchain-gccarmnoneeabi/bin/../lib/gcc/arm-none-eabi/6.3.1/../../../../arm-none-eabi/lib/thumb/v7-m\libc.a(lib_a-strstr.o)
 .text.two_way_long_needle
                0x0802e4d4      0x1fc c:/users/aceinna/.platformio/packages/toolchain-gccarmnoneeabi/bin/../lib/gcc/arm-none-eabi/6.3.1/../../../../arm-none-eabi/lib/thumb/v7-m\libc.a(lib_a-strstr.o)
 .text.strstr   0x0802e6d0      0x218 c:/users/aceinna/.platformio/packages/toolchain-gccarmnoneeabi/bin/../lib/gcc/arm-none-eabi/6.3.1/../../../../arm-none-eabi/lib/thumb/v7-m\libc.a(lib_a-strstr.o)
                0x0802e6d0                strstr
 .text._strtol_l.isra.0
                0x0802e8e8      0x128 c:/users/aceinna/.platformio/packages/toolchain-gccarmnoneeabi/bin/../lib/gcc/arm-none-eabi/6.3.1/../../../../arm-none-eabi/lib/thumb/v7-m\libc.a(lib_a-strtol.o)
 .text.strtol   0x0802ea10       0x2c c:/users/aceinna/.platformio/packages/toolchain-gccarmnoneeabi/bin/../lib/gcc/arm-none-eabi/6.3.1/../../../../arm-none-eabi/lib/thumb/v7-m\libc.a(lib_a-strtol.o)
                0x0802ea10                strtol
 .text.__locale_ctype_ptr_l
                0x0802ea3c        0x8 c:/users/aceinna/.platformio/packages/toolchain-gccarmnoneeabi/bin/../lib/gcc/arm-none-eabi/6.3.1/../../../../arm-none-eabi/lib/thumb/v7-m\libc.a(lib_a-locale.o)
                0x0802ea3c                __locale_ctype_ptr_l
 .text.__ascii_mbtowc
                0x0802ea44       0x2c c:/users/aceinna/.platformio/packages/toolchain-gccarmnoneeabi/bin/../lib/gcc/arm-none-eabi/6.3.1/../../../../arm-none-eabi/lib/thumb/v7-m\libc.a(lib_a-mbtowc_r.o)
                0x0802ea44                __ascii_mbtowc
 .text.memchr   0x0802ea70       0x8c c:/users/aceinna/.platformio/packages/toolchain-gccarmnoneeabi/bin/../lib/gcc/arm-none-eabi/6.3.1/../../../../arm-none-eabi/lib/thumb/v7-m\libc.a(lib_a-memchr-stub.o)
                0x0802ea70                memchr
 .text.memcmp   0x0802eafc       0x60 c:/users/aceinna/.platformio/packages/toolchain-gccarmnoneeabi/bin/../lib/gcc/arm-none-eabi/6.3.1/../../../../arm-none-eabi/lib/thumb/v7-m\libc.a(lib_a-memcmp.o)
                0x0802eafc                memcmp
 .text.strchr   0x0802eb5c       0xe8 c:/users/aceinna/.platformio/packages/toolchain-gccarmnoneeabi/bin/../lib/gcc/arm-none-eabi/6.3.1/../../../../arm-none-eabi/lib/thumb/v7-m\libc.a(lib_a-strchr.o)
                0x0802eb5c                strchr
 .text.__ascii_wctomb
                0x0802ec44       0x18 c:/users/aceinna/.platformio/packages/toolchain-gccarmnoneeabi/bin/../lib/gcc/arm-none-eabi/6.3.1/../../../../arm-none-eabi/lib/thumb/v7-m\libc.a(lib_a-wctomb_r.o)
                0x0802ec44                __ascii_wctomb
 .text.cos      0x0802ec5c       0x90 c:/users/aceinna/.platformio/packages/toolchain-gccarmnoneeabi/bin/../lib/gcc/arm-none-eabi/6.3.1/../../../../arm-none-eabi/lib/thumb/v7-m\libm.a(lib_a-s_cos.o)
                0x0802ec5c                cos
 *fill*         0x0802ecec        0x4 
 .text.floor    0x0802ecf0      0x118 c:/users/aceinna/.platformio/packages/toolchain-gccarmnoneeabi/bin/../lib/gcc/arm-none-eabi/6.3.1/../../../../arm-none-eabi/lib/thumb/v7-m\libm.a(lib_a-s_floor.o)
                0x0802ecf0                floor
 .text.sin      0x0802ee08       0x90 c:/users/aceinna/.platformio/packages/toolchain-gccarmnoneeabi/bin/../lib/gcc/arm-none-eabi/6.3.1/../../../../arm-none-eabi/lib/thumb/v7-m\libm.a(lib_a-s_sin.o)
                0x0802ee08                sin
 .text.asin     0x0802ee98       0xa8 c:/users/aceinna/.platformio/packages/toolchain-gccarmnoneeabi/bin/../lib/gcc/arm-none-eabi/6.3.1/../../../../arm-none-eabi/lib/thumb/v7-m\libm.a(lib_a-w_asin.o)
                0x0802ee98                asin
 .text.atan2    0x0802ef40        0x4 c:/users/aceinna/.platformio/packages/toolchain-gccarmnoneeabi/bin/../lib/gcc/arm-none-eabi/6.3.1/../../../../arm-none-eabi/lib/thumb/v7-m\libm.a(lib_a-w_atan2.o)
                0x0802ef40                atan2
 .text.sqrt     0x0802ef44       0xbc c:/users/aceinna/.platformio/packages/toolchain-gccarmnoneeabi/bin/../lib/gcc/arm-none-eabi/6.3.1/../../../../arm-none-eabi/lib/thumb/v7-m\libm.a(lib_a-w_sqrt.o)
                0x0802ef44                sqrt
 .text.atan2f   0x0802f000        0x4 c:/users/aceinna/.platformio/packages/toolchain-gccarmnoneeabi/bin/../lib/gcc/arm-none-eabi/6.3.1/../../../../arm-none-eabi/lib/thumb/v7-m\libm.a(lib_a-wf_atan2.o)
                0x0802f000                atan2f
 .text.sqrtf    0x0802f004       0xa0 c:/users/aceinna/.platformio/packages/toolchain-gccarmnoneeabi/bin/../lib/gcc/arm-none-eabi/6.3.1/../../../../arm-none-eabi/lib/thumb/v7-m\libm.a(lib_a-wf_sqrt.o)
                0x0802f004                sqrtf
 *fill*         0x0802f0a4        0x4 
 .text.__ieee754_asin
                0x0802f0a8      0x46c c:/users/aceinna/.platformio/packages/toolchain-gccarmnoneeabi/bin/../lib/gcc/arm-none-eabi/6.3.1/../../../../arm-none-eabi/lib/thumb/v7-m\libm.a(lib_a-e_asin.o)
                0x0802f0a8                __ieee754_asin
 *fill*         0x0802f514        0x4 
 .text.__ieee754_atan2
                0x0802f518      0x1d4 c:/users/aceinna/.platformio/packages/toolchain-gccarmnoneeabi/bin/../lib/gcc/arm-none-eabi/6.3.1/../../../../arm-none-eabi/lib/thumb/v7-m\libm.a(lib_a-e_atan2.o)
                0x0802f518                __ieee754_atan2
 *fill*         0x0802f6ec        0x4 
 .text.__ieee754_rem_pio2
                0x0802f6f0      0x42c c:/users/aceinna/.platformio/packages/toolchain-gccarmnoneeabi/bin/../lib/gcc/arm-none-eabi/6.3.1/../../../../arm-none-eabi/lib/thumb/v7-m\libm.a(lib_a-e_rem_pio2.o)
                0x0802f6f0                __ieee754_rem_pio2
 .text.__ieee754_sqrt
                0x0802fb1c      0x178 c:/users/aceinna/.platformio/packages/toolchain-gccarmnoneeabi/bin/../lib/gcc/arm-none-eabi/6.3.1/../../../../arm-none-eabi/lib/thumb/v7-m\libm.a(lib_a-e_sqrt.o)
                0x0802fb1c                __ieee754_sqrt
 .text.__ieee754_atan2f
                0x0802fc94      0x124 c:/users/aceinna/.platformio/packages/toolchain-gccarmnoneeabi/bin/../lib/gcc/arm-none-eabi/6.3.1/../../../../arm-none-eabi/lib/thumb/v7-m\libm.a(lib_a-ef_atan2.o)
                0x0802fc94                __ieee754_atan2f
 .text.__ieee754_sqrtf
                0x0802fdb8       0xa8 c:/users/aceinna/.platformio/packages/toolchain-gccarmnoneeabi/bin/../lib/gcc/arm-none-eabi/6.3.1/../../../../arm-none-eabi/lib/thumb/v7-m\libm.a(lib_a-ef_sqrt.o)
                0x0802fdb8                __ieee754_sqrtf
 .text.__kernel_cos
                0x0802fe60      0x248 c:/users/aceinna/.platformio/packages/toolchain-gccarmnoneeabi/bin/../lib/gcc/arm-none-eabi/6.3.1/../../../../arm-none-eabi/lib/thumb/v7-m\libm.a(lib_a-k_cos.o)
                0x0802fe60                __kernel_cos
 .text.__kernel_rem_pio2
                0x080300a8      0x88c c:/users/aceinna/.platformio/packages/toolchain-gccarmnoneeabi/bin/../lib/gcc/arm-none-eabi/6.3.1/../../../../arm-none-eabi/lib/thumb/v7-m\libm.a(lib_a-k_rem_pio2.o)
                0x080300a8                __kernel_rem_pio2
 *fill*         0x08030934        0x4 
 .text.__kernel_sin
                0x08030938      0x16c c:/users/aceinna/.platformio/packages/toolchain-gccarmnoneeabi/bin/../lib/gcc/arm-none-eabi/6.3.1/../../../../arm-none-eabi/lib/thumb/v7-m\libm.a(lib_a-k_sin.o)
                0x08030938                __kernel_sin
 *fill*         0x08030aa4        0x4 
 .text.atan     0x08030aa8      0x344 c:/users/aceinna/.platformio/packages/toolchain-gccarmnoneeabi/bin/../lib/gcc/arm-none-eabi/6.3.1/../../../../arm-none-eabi/lib/thumb/v7-m\libm.a(lib_a-s_atan.o)
                0x08030aa8                atan
 .text.fabs     0x08030dec        0x8 c:/users/aceinna/.platformio/packages/toolchain-gccarmnoneeabi/bin/../lib/gcc/arm-none-eabi/6.3.1/../../../../arm-none-eabi/lib/thumb/v7-m\libm.a(lib_a-s_fabs.o)
                0x08030dec                fabs
 .text.matherr  0x08030df4        0x4 c:/users/aceinna/.platformio/packages/toolchain-gccarmnoneeabi/bin/../lib/gcc/arm-none-eabi/6.3.1/../../../../arm-none-eabi/lib/thumb/v7-m\libm.a(lib_a-s_matherr.o)
                0x08030df4                matherr
 .text.nan      0x08030df8        0xc c:/users/aceinna/.platformio/packages/toolchain-gccarmnoneeabi/bin/../lib/gcc/arm-none-eabi/6.3.1/../../../../arm-none-eabi/lib/thumb/v7-m\libm.a(lib_a-s_nan.o)
                0x08030df8                nan
 *fill*         0x08030e04        0x4 
 .text.scalbn   0x08030e08       0xe4 c:/users/aceinna/.platformio/packages/toolchain-gccarmnoneeabi/bin/../lib/gcc/arm-none-eabi/6.3.1/../../../../arm-none-eabi/lib/thumb/v7-m\libm.a(lib_a-s_scalbn.o)
                0x08030e08                scalbn
 .text.atanf    0x08030eec      0x22c c:/users/aceinna/.platformio/packages/toolchain-gccarmnoneeabi/bin/../lib/gcc/arm-none-eabi/6.3.1/../../../../arm-none-eabi/lib/thumb/v7-m\libm.a(lib_a-sf_atan.o)
                0x08030eec                atanf