Archive member included to satisfy reference by file (symbol)

/Users/ikravets/.platformio/packages/toolchain-gccarmnoneeabi/bin/../lib/gcc/arm-none-eabi/7.2.1/../../../../arm-none-eabi/lib/thumb/v7e-m/libc.a(lib_a-atof.o)
                              .pioenvs/OpenIMU300ZA/lib001/openimu-core-libraries_ID5523/GPS/src/processNMEAGPS.o (atof)
/Users/ikravets/.platformio/packages/toolchain-gccarmnoneeabi/bin/../lib/gcc/arm-none-eabi/7.2.1/../../../../arm-none-eabi/lib/thumb/v7e-m/libc.a(lib_a-atoi.o)
                              .pioenvs/OpenIMU300ZA/libcc5/CLI/commandLine.o (atoi)
/Users/ikravets/.platformio/packages/toolchain-gccarmnoneeabi/bin/../lib/gcc/arm-none-eabi/7.2.1/../../../../arm-none-eabi/lib/thumb/v7e-m/libc.a(lib_a-malloc.o)
                              .pioenvs/OpenIMU300ZA/lib001/openimu-core-libraries_ID5523/Filter/src/filter.o (free)
/Users/ikravets/.platformio/packages/toolchain-gccarmnoneeabi/bin/../lib/gcc/arm-none-eabi/7.2.1/../../../../arm-none-eabi/lib/thumb/v7e-m/libc.a(lib_a-mallocr.o)
                              /Users/ikravets/.platformio/packages/toolchain-gccarmnoneeabi/bin/../lib/gcc/arm-none-eabi/7.2.1/../../../../arm-none-eabi/lib/thumb/v7e-m/libc.a(lib_a-malloc.o) (_malloc_r)
/Users/ikravets/.platformio/packages/toolchain-gccarmnoneeabi/bin/../lib/gcc/arm-none-eabi/7.2.1/../../../../arm-none-eabi/lib/thumb/v7e-m/libc.a(lib_a-memcpy.o)
                              .pioenvs/OpenIMU300ZA/lib001/openimu-core-libraries_ID5523/Algorithm/src/WorldMagneticModel.o (memcpy)
/Users/ikravets/.platformio/packages/toolchain-gccarmnoneeabi/bin/../lib/gcc/arm-none-eabi/7.2.1/../../../../arm-none-eabi/lib/thumb/v7e-m/libc.a(lib_a-memmove.o)
                              .pioenvs/OpenIMU300ZA/lib001/openimu-core-libraries_ID5523/Filter/src/filter.o (memmove)
/Users/ikravets/.platformio/packages/toolchain-gccarmnoneeabi/bin/../lib/gcc/arm-none-eabi/7.2.1/../../../../arm-none-eabi/lib/thumb/v7e-m/libc.a(lib_a-memset.o)
                              .pioenvs/OpenIMU300ZA/lib001/openimu-core-libraries_ID5523/Algorithm/src/PredictFunctions.o (memset)
/Users/ikravets/.platformio/packages/toolchain-gccarmnoneeabi/bin/../lib/gcc/arm-none-eabi/7.2.1/../../../../arm-none-eabi/lib/thumb/v7e-m/libc.a(lib_a-mlock.o)
                              /Users/ikravets/.platformio/packages/toolchain-gccarmnoneeabi/bin/../lib/gcc/arm-none-eabi/7.2.1/../../../../arm-none-eabi/lib/thumb/v7e-m/libc.a(lib_a-mallocr.o) (__malloc_lock)
/Users/ikravets/.platformio/packages/toolchain-gccarmnoneeabi/bin/../lib/gcc/arm-none-eabi/7.2.1/../../../../arm-none-eabi/lib/thumb/v7e-m/libc.a(lib_a-sbrkr.o)
                              /Users/ikravets/.platformio/packages/toolchain-gccarmnoneeabi/bin/../lib/gcc/arm-none-eabi/7.2.1/../../../../arm-none-eabi/lib/thumb/v7e-m/libc.a(lib_a-mallocr.o) (_sbrk_r)
/Users/ikravets/.platformio/packages/toolchain-gccarmnoneeabi/bin/../lib/gcc/arm-none-eabi/7.2.1/../../../../arm-none-eabi/lib/thumb/v7e-m/libc.a(lib_a-snprintf.o)
                              .pioenvs/OpenIMU300ZA/libcc5/CLI/commands.o (snprintf)
/Users/ikravets/.platformio/packages/toolchain-gccarmnoneeabi/bin/../lib/gcc/arm-none-eabi/7.2.1/../../../../arm-none-eabi/lib/thumb/v7e-m/libc.a(lib_a-sprintf.o)
                              .pioenvs/OpenIMU300ZA/libcc5/CLI/commandLine.o (sprintf)
/Users/ikravets/.platformio/packages/toolchain-gccarmnoneeabi/bin/../lib/gcc/arm-none-eabi/7.2.1/../../../../arm-none-eabi/lib/thumb/v7e-m/libc.a(lib_a-strcpy.o)
                              .pioenvs/OpenIMU300ZA/lib001/openimu-core-libraries_ID5523/Algorithm/src/WorldMagneticModel.o (strcpy)
/Users/ikravets/.platformio/packages/toolchain-gccarmnoneeabi/bin/../lib/gcc/arm-none-eabi/7.2.1/../../../../arm-none-eabi/lib/thumb/v7e-m/libc.a(lib_a-strlen.o)
                              .pioenvs/OpenIMU300ZA/lib001/openimu-core-libraries_ID5523/GPS/src/processNovAtelGPS.o (strlen)
/Users/ikravets/.platformio/packages/toolchain-gccarmnoneeabi/bin/../lib/gcc/arm-none-eabi/7.2.1/../../../../arm-none-eabi/lib/thumb/v7e-m/libc.a(lib_a-strncmp.o)
                              .pioenvs/OpenIMU300ZA/lib001/openimu-core-libraries_ID5523/GPS/src/processNMEAGPS.o (strncmp)
/Users/ikravets/.platformio/packages/toolchain-gccarmnoneeabi/bin/../lib/gcc/arm-none-eabi/7.2.1/../../../../arm-none-eabi/lib/thumb/v7e-m/libc.a(lib_a-strtod.o)
                              /Users/ikravets/.platformio/packages/toolchain-gccarmnoneeabi/bin/../lib/gcc/arm-none-eabi/7.2.1/../../../../arm-none-eabi/lib/thumb/v7e-m/libc.a(lib_a-atof.o) (strtod)
/Users/ikravets/.platformio/packages/toolchain-gccarmnoneeabi/bin/../lib/gcc/arm-none-eabi/7.2.1/../../../../arm-none-eabi/lib/thumb/v7e-m/libc.a(lib_a-strtol.o)
                              /Users/ikravets/.platformio/packages/toolchain-gccarmnoneeabi/bin/../lib/gcc/arm-none-eabi/7.2.1/../../../../arm-none-eabi/lib/thumb/v7e-m/libc.a(lib_a-atoi.o) (_strtol_r)
[...]
Memory Configuration

Name             Origin             Length             Attributes
FLASH            0x0000000008010000 0x0000000000070000 xr
EEPROM           0x0000000008008000 0x0000000000004000 rw
USER_EEPROM      0x000000000800c000 0x0000000000004000 rw
RAM              0x0000000020000000 0x0000000000020000 xrw
*default*        0x0000000000000000 0xffffffffffffffff

Linker script and memory map

LOAD .pioenvs/OpenIMU300ZA/lib001/openimu-core-libraries_ID5523/Algorithm/src/EKF_Algorithm.o
LOAD .pioenvs/OpenIMU300ZA/lib001/openimu-core-libraries_ID5523/Algorithm/src/PredictFunctions.o
LOAD .pioenvs/OpenIMU300ZA/lib001/openimu-core-libraries_ID5523/Algorithm/src/SelectState.o
LOAD .pioenvs/OpenIMU300ZA/lib001/openimu-core-libraries_ID5523/Algorithm/src/TimingVars.o
LOAD .pioenvs/OpenIMU300ZA/lib001/openimu-core-libraries_ID5523/Algorithm/src/UpdateFunctions.o
LOAD .pioenvs/OpenIMU300ZA/lib001/openimu-core-libraries_ID5523/Algorithm/src/WorldMagneticModel.o
LOAD .pioenvs/OpenIMU300ZA/lib001/openimu-core-libraries_ID5523/BSP/src/bsp.o
LOAD .pioenvs/OpenIMU300ZA/lib001/openimu-core-libraries_ID5523/BSP/src/configureGPIO.o
LOAD .pioenvs/OpenIMU300ZA/lib001/openimu-core-libraries_ID5523/BSP/src/stm32f4xx_it.o
LOAD .pioenvs/OpenIMU300ZA/lib001/openimu-core-libraries_ID5523/BSP/src/watchdog.o
LOAD .pioenvs/OpenIMU300ZA/lib001/openimu-core-libraries_ID5523/CSL/src/misc.o
LOAD .pioenvs/OpenIMU300ZA/lib001/openimu-core-libraries_ID5523/CSL/src/stm32f4xx_adc.o
LOAD .pioenvs/OpenIMU300ZA/lib001/openimu-core-libraries_ID5523/CSL/src/stm32f4xx_can.o
LOAD .pioenvs/OpenIMU300ZA/lib001/openimu-core-libraries_ID5523/CSL/src/stm32f4xx_crc.o
LOAD .pioenvs/OpenIMU300ZA/lib001/openimu-core-libraries_ID5523/CSL/src/stm32f4xx_cryp.o
LOAD .pioenvs/OpenIMU300ZA/lib001/openimu-core-libraries_ID5523/CSL/src/stm32f4xx_cryp_aes.o
LOAD .pioenvs/OpenIMU300ZA/lib001/openimu-core-libraries_ID5523/CSL/src/stm32f4xx_cryp_des.o
LOAD .pioenvs/OpenIMU300ZA/lib001/openimu-core-libraries_ID5523/CSL/src/stm32f4xx_cryp_tdes.o
LOAD .pioenvs/OpenIMU300ZA/lib001/openimu-core-libraries_ID5523/CSL/src/stm32f4xx_dac.o
LOAD .pioenvs/OpenIMU300ZA/lib001/openimu-core-libraries_ID5523/CSL/src/stm32f4xx_dbgmcu.o
LOAD .pioenvs/OpenIMU300ZA/lib001/openimu-core-libraries_ID5523/CSL/src/stm32f4xx_dcmi.o
LOAD .pioenvs/OpenIMU300ZA/lib001/openimu-core-libraries_ID5523/CSL/src/stm32f4xx_dma.o
LOAD .pioenvs/OpenIMU300ZA/lib001/openimu-core-libraries_ID5523/CSL/src/stm32f4xx_exti.o
LOAD .pioenvs/OpenIMU300ZA/lib001/openimu-core-libraries_ID5523/CSL/src/stm32f4xx_flash.o
LOAD .pioenvs/OpenIMU300ZA/lib001/openimu-core-libraries_ID5523/CSL/src/stm32f4xx_fsmc.o
LOAD .pioenvs/OpenIMU300ZA/lib001/openimu-core-libraries_ID5523/CSL/src/stm32f4xx_gpio.o
LOAD .pioenvs/OpenIMU300ZA/lib001/openimu-core-libraries_ID5523/CSL/src/stm32f4xx_hash.o
LOAD .pioenvs/OpenIMU300ZA/lib001/openimu-core-libraries_ID5523/CSL/src/stm32f4xx_hash_md5.o
LOAD .pioenvs/OpenIMU300ZA/lib001/openimu-core-libraries_ID5523/CSL/src/stm32f4xx_hash_sha1.o
LOAD .pioenvs/OpenIMU300ZA/lib001/openimu-core-libraries_ID5523/CSL/src/stm32f4xx_i2c.o
LOAD .pioenvs/OpenIMU300ZA/lib001/openimu-core-libraries_ID5523/CSL/src/stm32f4xx_iwdg.o
LOAD .pioenvs/OpenIMU300ZA/lib001/openimu-core-libraries_ID5523/CSL/src/stm32f4xx_pwr.o
LOAD .pioenvs/OpenIMU300ZA/lib001/openimu-core-libraries_ID5523/CSL/src/stm32f4xx_rcc.o
LOAD .pioenvs/OpenIMU300ZA/lib001/openimu-core-libraries_ID5523/CSL/src/stm32f4xx_rng.o
LOAD .pioenvs/OpenIMU300ZA/lib001/openimu-core-libraries_ID5523/CSL/src/stm32f4xx_rtc.o
LOAD .pioenvs/OpenIMU300ZA/lib001/openimu-core-libraries_ID5523/CSL/src/stm32f4xx_sdio.o
LOAD .pioenvs/OpenIMU300ZA/lib001/openimu-core-libraries_ID5523/CSL/src/stm32f4xx_spi.o
LOAD .pioenvs/OpenIMU300ZA/lib001/openimu-core-libraries_ID5523/CSL/src/stm32f4xx_syscfg.o
LOAD .pioenvs/OpenIMU300ZA/lib001/openimu-core-libraries_ID5523/CSL/src/stm32f4xx_tim.o
LOAD .pioenvs/OpenIMU300ZA/lib001/openimu-core-libraries_ID5523/CSL/src/stm32f4xx_usart.o
LOAD .pioenvs/OpenIMU300ZA/lib001/openimu-core-libraries_ID5523/CSL/src/stm32f4xx_wwdg.o
LOAD .pioenvs/OpenIMU300ZA/lib001/openimu-core-libraries_ID5523/Common/src/utilities.o
LOAD .pioenvs/OpenIMU300ZA/lib001/openimu-core-libraries_ID5523/Filter/src/filter.o
LOAD .pioenvs/OpenIMU300ZA/lib001/openimu-core-libraries_ID5523/Filter/src/lowpass_filter.o
LOAD .pioenvs/OpenIMU300ZA/lib001/openimu-core-libraries_ID5523/FreeRtos/src/cmsis_os.o
LOAD .pioenvs/OpenIMU300ZA/lib001/openimu-core-libraries_ID5523/FreeRtos/src/croutine.o
LOAD .pioenvs/OpenIMU300ZA/lib001/openimu-core-libraries_ID5523/FreeRtos/src/event_groups.o
LOAD .pioenvs/OpenIMU300ZA/lib001/openimu-core-libraries_ID5523/FreeRtos/src/heap_1.o
LOAD .pioenvs/OpenIMU300ZA/lib001/openimu-core-libraries_ID5523/FreeRtos/src/list.o
LOAD .pioenvs/OpenIMU300ZA/lib001/openimu-core-libraries_ID5523/FreeRtos/src/port.o
LOAD .pioenvs/OpenIMU300ZA/lib001/openimu-core-libraries_ID5523/FreeRtos/src/port1.o
LOAD .pioenvs/OpenIMU300ZA/lib001/openimu-core-libraries_ID5523/FreeRtos/src/queue.o
LOAD .pioenvs/OpenIMU300ZA/lib001/openimu-core-libraries_ID5523/FreeRtos/src/startup_stm32f405xx.o
LOAD .pioenvs/OpenIMU300ZA/lib001/openimu-core-libraries_ID5523/FreeRtos/src/system_stm32f4xx.o
LOAD .pioenvs/OpenIMU300ZA/lib001/openimu-core-libraries_ID5523/FreeRtos/src/tasks.o
LOAD .pioenvs/OpenIMU300ZA/lib001/openimu-core-libraries_ID5523/FreeRtos/src/timers.o
LOAD .pioenvs/OpenIMU300ZA/lib001/openimu-core-libraries_ID5523/GPS/src/GPSgroudSpeedFilter.o
LOAD .pioenvs/OpenIMU300ZA/lib001/openimu-core-libraries_ID5523/GPS/src/driverGPS.o
LOAD .pioenvs/OpenIMU300ZA/lib001/openimu-core-libraries_ID5523/GPS/src/driverGPSAllEntrance.o
LOAD .pioenvs/OpenIMU300ZA/lib001/openimu-core-libraries_ID5523/GPS/src/processNMEAGPS.o
LOAD .pioenvs/OpenIMU300ZA/lib001/openimu-core-libraries_ID5523/GPS/src/processNovAtelGPS.o
LOAD .pioenvs/OpenIMU300ZA/lib001/openimu-core-libraries_ID5523/GPS/src/processSiRFGPS.o
LOAD .pioenvs/OpenIMU300ZA/lib001/openimu-core-libraries_ID5523/GPS/src/processUbloxGPS.o
LOAD .pioenvs/OpenIMU300ZA/lib001/openimu-core-libraries_ID5523/GPS/src/taskGps.o
LOAD .pioenvs/OpenIMU300ZA/lib001/openimu-core-libraries_ID5523/Math/src/MatrixMath.o
LOAD .pioenvs/OpenIMU300ZA/lib001/openimu-core-libraries_ID5523/Math/src/QuaternionMath.o
LOAD .pioenvs/OpenIMU300ZA/lib001/openimu-core-libraries_ID5523/Math/src/TransformationMath.o
LOAD .pioenvs/OpenIMU300ZA/lib001/openimu-core-libraries_ID5523/Math/src/VectorMath.o
LOAD .pioenvs/OpenIMU300ZA/lib001/openimu-core-libraries_ID5523/Math/src/qmath.o
LOAD .pioenvs/OpenIMU300ZA/lib001/openimu-core-libraries_ID5523/UART/src/debug.o
LOAD .pioenvs/OpenIMU300ZA/lib001/openimu-core-libraries_ID5523/UART/src/debug_usart.o
LOAD .pioenvs/OpenIMU300ZA/lib001/openimu-core-libraries_ID5523/UART/src/uart.o
LOAD .pioenvs/OpenIMU300ZA/libcc5/CLI/commandLine.o
LOAD .pioenvs/OpenIMU300ZA/libcc5/CLI/commands.o
LOAD .pioenvs/OpenIMU300ZA/src/main.o
LOAD .pioenvs/OpenIMU300ZA/src/taskDataAcquisition.o
LOAD .pioenvs/OpenIMU300ZA/src/user/UserAlgorithm.o
LOAD .pioenvs/OpenIMU300ZA/src/user/UserConfiguration.o
LOAD .pioenvs/OpenIMU300ZA/src/user/UserMessaging.o
LOAD .pioenvs/OpenIMU300ZA/src/user/dataProcessingAndPresentation.o
START GROUP
LOAD /Users/ikravets/.platformio/packages/toolchain-gccarmnoneeabi/bin/../lib/gcc/arm-none-eabi/7.2.1/../../../../arm-none-eabi/lib/thumb/v7e-m/libc.a
LOAD /Users/ikravets/.platformio/packages/toolchain-gccarmnoneeabi/bin/../lib/gcc/arm-none-eabi/7.2.1/thumb/v7e-m/libgcc.a
LOAD /Users/ikravets/.platformio/packages/toolchain-gccarmnoneeabi/bin/../lib/gcc/arm-none-eabi/7.2.1/../../../../arm-none-eabi/lib/thumb/v7e-m/libm.a
LOAD /Users/ikravets/.platformio/packages/toolchain-gccarmnoneeabi/bin/../lib/gcc/arm-none-eabi/7.2.1/../../../../arm-none-eabi/lib/thumb/v7e-m/libstdc++.a
LOAD /Users/ikravets/.platformio/packages/toolchain-gccarmnoneeabi/bin/../lib/gcc/arm-none-eabi/7.2.1/../../../../arm-none-eabi/lib/thumb/v7e-m/libnosys.a
LOAD .piolibdeps/openimu-core-libraries_ID5523/Platform/libPlatform.a
END GROUP
                0x000000002001ff00                _estack = 0x2001ff00
                0x0000000000002000                _Min_Heap_Size = 0x2000
                0x0000000000002000                _Min_Stack_Size = 0x2000

.isr_vector     0x0000000008010000      0x198
                0x0000000008010000                . = ALIGN (0x4)
 *(.isr_vector)
 .isr_vector    0x0000000008010000      0x198 .pioenvs/OpenIMU300ZA/lib001/openimu-core-libraries_ID5523/FreeRtos/src/startup_stm32f405xx.o
                0x0000000008010000                g_pfnVectors
                0x0000000008010198                . = ALIGN (0x4)

.text           0x00000000080101c0    0x20a6c
                0x00000000080101c0                . = ALIGN (0x4)
 *(.text)
 .text          0x00000000080101c0      0x134 /Users/ikravets/.platformio/packages/toolchain-gccarmnoneeabi/bin/../lib/gcc/arm-none-eabi/7.2.1/../../../../arm-none-eabi/lib/thumb/v7e-m/libc.a(lib_a-memcpy.o)
                0x00000000080101c0                memcpy
 *fill*         0x00000000080102f4        0xc 
 .text          0x0000000008010300       0xdc /Users/ikravets/.platformio/packages/toolchain-gccarmnoneeabi/bin/../lib/gcc/arm-none-eabi/7.2.1/../../../../arm-none-eabi/lib/thumb/v7e-m/libc.a(lib_a-strlen.o)
                0x0000000008010300                strlen
 *fill*         0x00000000080103dc        0x4 
 .text          0x00000000080103e0       0xa0 /Users/ikravets/.platformio/packages/toolchain-gccarmnoneeabi/bin/../lib/gcc/arm-none-eabi/7.2.1/../../../../arm-none-eabi/lib/thumb/v7e-m/libc.a(lib_a-memchr.o)
                0x00000000080103e0                memchr
 .text          0x0000000008010480      0x378 /Users/ikravets/.platformio/packages/toolchain-gccarmnoneeabi/bin/../lib/gcc/arm-none-eabi/7.2.1/thumb/v7e-m/libgcc.a(_arm_addsubdf3.o)
                0x0000000008010480                __aeabi_drsub
                0x0000000008010488                __subdf3
                0x0000000008010488                __aeabi_dsub
                0x000000000801048c                __aeabi_dadd
                0x000000000801048c                __adddf3
                0x0000000008010704                __aeabi_ui2d
                0x0000000008010704                __floatunsidf
                0x0000000008010724                __floatsidf
                0x0000000008010724                __aeabi_i2d
                0x0000000008010748                __extendsfdf2
                0x0000000008010748                __aeabi_f2d
                0x000000000801078c                __aeabi_ul2d
                0x000000000801078c                __floatundidf
                0x000000000801079c                __aeabi_l2d
                0x000000000801079c                __floatdidf
 .text          0x00000000080107f8      0x424 /Users/ikravets/.platformio/packages/toolchain-gccarmnoneeabi/bin/../lib/gcc/arm-none-eabi/7.2.1/thumb/v7e-m/libgcc.a(_arm_muldivdf3.o)
                0x00000000080107f8                __aeabi_dmul
                0x00000000080107f8                __muldf3
                0x0000000008010a4c                __aeabi_ddiv
                0x0000000008010a4c                __divdf3
 .text          0x0000000008010c1c      0x110 /Users/ikravets/.platformio/packages/toolchain-gccarmnoneeabi/bin/../lib/gcc/arm-none-eabi/7.2.1/thumb/v7e-m/libgcc.a(_arm_cmpdf2.o)
                0x0000000008010c1c                __gedf2
                0x0000000008010c1c                __gtdf2
                0x0000000008010c24                __ledf2
                0x0000000008010c24                __ltdf2
                0x0000000008010c2c                __cmpdf2
                0x0000000008010c2c                __eqdf2
                0x0000000008010c2c                __nedf2
                0x0000000008010ca8                __aeabi_cdrcmple
                0x0000000008010cb8                __aeabi_cdcmple
                0x0000000008010cb8                __aeabi_cdcmpeq
                0x0000000008010cc8                __aeabi_dcmpeq
                0x0000000008010cdc                __aeabi_dcmplt
                0x0000000008010cf0                __aeabi_dcmple
                0x0000000008010d04                __aeabi_dcmpge
                0x0000000008010d18                __aeabi_dcmpgt
 .text          0x0000000008010d2c       0x2c /Users/ikravets/.platformio/packages/toolchain-gccarmnoneeabi/bin/../lib/gcc/arm-none-eabi/7.2.1/thumb/v7e-m/libgcc.a(_arm_unorddf2.o)
                0x0000000008010d2c                __aeabi_dcmpun
                0x0000000008010d2c                __unorddf2
 .text          0x0000000008010d58       0x50 /Users/ikravets/.platformio/packages/toolchain-gccarmnoneeabi/bin/../lib/gcc/arm-none-eabi/7.2.1/thumb/v7e-m/libgcc.a(_arm_fixdfsi.o)
                0x0000000008010d58                __fixdfsi
                0x0000000008010d58                __aeabi_d2iz
 .text          0x0000000008010da8       0x40 /Users/ikravets/.platformio/packages/toolchain-gccarmnoneeabi/bin/../lib/gcc/arm-none-eabi/7.2.1/thumb/v7e-m/libgcc.a(_arm_fixunsdfsi.o)
                0x0000000008010da8                __fixunsdfsi
                0x0000000008010da8                __aeabi_d2uiz
 .text          0x0000000008010de8       0xa0 /Users/ikravets/.platformio/packages/toolchain-gccarmnoneeabi/bin/../lib/gcc/arm-none-eabi/7.2.1/thumb/v7e-m/libgcc.a(_arm_truncdfsf2.o)
                0x0000000008010de8                __aeabi_d2f
                0x0000000008010de8                __truncdfsf2
 .text          0x0000000008010e88       0xec /Users/ikravets/.platformio/packages/toolchain-gccarmnoneeabi/bin/../lib/gcc/arm-none-eabi/7.2.1/thumb/v7e-m/libgcc.a(_arm_cmpsf2.o)
                0x0000000008010e88                __gesf2
                0x0000000008010e88                __gtsf2
                0x0000000008010e90                __ltsf2
                0x0000000008010e90                __lesf2
                0x0000000008010e98                __nesf2
                0x0000000008010e98                __eqsf2
                0x0000000008010e98                __cmpsf2
                0x0000000008010ef8                __aeabi_cfrcmple
                0x0000000008010f00                __aeabi_cfcmpeq
                0x0000000008010f00                __aeabi_cfcmple
                0x0000000008010f10                __aeabi_fcmpeq
                0x0000000008010f24                __aeabi_fcmplt
                0x0000000008010f38                __aeabi_fcmple
                0x0000000008010f4c                __aeabi_fcmpge
                0x0000000008010f60                __aeabi_fcmpgt
 .text          0x0000000008010f74       0x2c /Users/ikravets/.platformio/packages/toolchain-gccarmnoneeabi/bin/../lib/gcc/arm-none-eabi/7.2.1/thumb/v7e-m/libgcc.a(_arm_unordsf2.o)
                0x0000000008010f74                __aeabi_fcmpun
                0x0000000008010f74                __unordsf2
 .text          0x0000000008010fa0       0xa0 /Users/ikravets/.platformio/packages/toolchain-gccarmnoneeabi/bin/../lib/gcc/arm-none-eabi/7.2.1/thumb/v7e-m/libgcc.a(_aeabi_ldivmod.o)
                0x0000000008010fa0                __aeabi_ldivmod
 .text          0x0000000008011040       0x30 /Users/ikravets/.platformio/packages/toolchain-gccarmnoneeabi/bin/../lib/gcc/arm-none-eabi/7.2.1/thumb/v7e-m/libgcc.a(_aeabi_uldivmod.o)
                0x0000000008011040                __aeabi_uldivmod
 .text          0x0000000008011070      0x2cc /Users/ikravets/.platformio/packages/toolchain-gccarmnoneeabi/bin/../lib/gcc/arm-none-eabi/7.2.1/thumb/v7e-m/libgcc.a(_udivmoddi4.o)
                0x0000000008011070                __udivmoddi4
 .text          0x000000000801133c        0x4 /Users/ikravets/.platformio/packages/toolchain-gccarmnoneeabi/bin/../lib/gcc/arm-none-eabi/7.2.1/thumb/v7e-m/libgcc.a(_dvmd_tls.o)
                0x000000000801133c                __aeabi_ldiv0
                0x000000000801133c                __aeabi_idiv0
 .text          0x0000000008011340      0x21c /Users/ikravets/.platformio/packages/toolchain-gccarmnoneeabi/bin/../lib/gcc/arm-none-eabi/7.2.1/thumb/v7e-m/libgcc.a(_arm_addsubsf3.o)
                0x0000000008011340                __aeabi_frsub
                0x0000000008011348                __aeabi_fsub
                0x0000000008011348                __subsf3
                0x000000000801134c                __aeabi_fadd
                0x000000000801134c                __addsf3
                0x00000000080114ac                __aeabi_ui2f
                0x00000000080114ac                __floatunsisf
                0x00000000080114b4                __floatsisf
                0x00000000080114b4                __aeabi_i2f
                0x00000000080114d0                __aeabi_ul2f
                0x00000000080114d0                __floatundisf
                0x00000000080114e0                __aeabi_l2f
                0x00000000080114e0                __floatdisf
 .text          0x000000000801155c      0x2a0 /Users/ikravets/.platformio/packages/toolchain-gccarmnoneeabi/bin/../lib/gcc/arm-none-eabi/7.2.1/thumb/v7e-m/libgcc.a(_arm_muldivsf3.o)
                0x000000000801155c                __mulsf3
                0x000000000801155c                __aeabi_fmul
                0x00000000080116c4                __divsf3
                0x00000000080116c4                __aeabi_fdiv
 *(.text*)
 .text.setAlgorithmExeFreq
                0x00000000080117fc       0x24 .pioenvs/OpenIMU300ZA/lib001/openimu-core-libraries_ID5523/Algorithm/src/EKF_Algorithm.o
                0x00000000080117fc                setAlgorithmExeFreq
 .text.TimingVars_Increment
                0x0000000008011820       0xa8 .pioenvs/OpenIMU300ZA/lib001/openimu-core-libraries_ID5523/Algorithm/src/TimingVars.o
                0x0000000008011820                TimingVars_Increment
 .text.Initialize_Timing
                0x00000000080118c8       0x48 .pioenvs/OpenIMU300ZA/lib001/openimu-core-libraries_ID5523/Algorithm/src/TimingVars.o
                0x00000000080118c8                Initialize_Timing
 .text.NVIC_SetPriority
                0x0000000008011910       0x54 .pioenvs/OpenIMU300ZA/lib001/openimu-core-libraries_ID5523/BSP/src/bsp.o
 .text.SysTick_Config
                0x0000000008011964       0x44 .pioenvs/OpenIMU300ZA/lib001/openimu-core-libraries_ID5523/BSP/src/bsp.o
 .text.InitSystemTimer
                0x00000000080119a8       0x24 .pioenvs/OpenIMU300ZA/lib001/openimu-core-libraries_ID5523/BSP/src/bsp.o
                0x00000000080119a8                InitSystemTimer
 .text.BSP_init
                0x00000000080119cc       0x3c .pioenvs/OpenIMU300ZA/lib001/openimu-core-libraries_ID5523/BSP/src/bsp.o
                0x00000000080119cc                BSP_init
 .text.GPIO_config
                0x0000000008011a08        0xe .pioenvs/OpenIMU300ZA/lib001/openimu-core-libraries_ID5523/BSP/src/bsp.o
                0x0000000008011a08                GPIO_config
 .text.SetIntVectorOffset
                0x0000000008011a16       0x1a .pioenvs/OpenIMU300ZA/lib001/openimu-core-libraries_ID5523/BSP/src/bsp.o
                0x0000000008011a16                SetIntVectorOffset
 .text.ControlPortInit
                0x0000000008011a30       0x38 .pioenvs/OpenIMU300ZA/lib001/openimu-core-libraries_ID5523/BSP/src/bsp.o
                0x0000000008011a30                ControlPortInit
 .text.BoardInit
                0x0000000008011a68       0x40 .pioenvs/OpenIMU300ZA/lib001/openimu-core-libraries_ID5523/BSP/src/bsp.o
                0x0000000008011a68                BoardInit
 .text.BoardGetResetStatus
                0x0000000008011aa8      0x124 .pioenvs/OpenIMU300ZA/lib001/openimu-core-libraries_ID5523/BSP/src/bsp.o
                0x0000000008011aa8                BoardGetResetStatus
 .text.set_DebugI2CPin
                0x0000000008011bcc       0x14 .pioenvs/OpenIMU300ZA/lib001/openimu-core-libraries_ID5523/BSP/src/bsp.o
                0x0000000008011bcc                set_DebugI2CPin
 .text._InitCommonPins_GPIO
                0x0000000008011be0       0x2c .pioenvs/OpenIMU300ZA/lib001/openimu-core-libraries_ID5523/BSP/src/configureGPIO.o
                0x0000000008011be0                _InitCommonPins_GPIO
 .text._InitUnitConfigurationPins
                0x0000000008011c0c       0x30 .pioenvs/OpenIMU300ZA/lib001/openimu-core-libraries_ID5523/BSP/src/configureGPIO.o
                0x0000000008011c0c                _InitUnitConfigurationPins
 .text.InitBoardConfiguration_GPIO
                0x0000000008011c3c       0x4c .pioenvs/OpenIMU300ZA/lib001/openimu-core-libraries_ID5523/BSP/src/configureGPIO.o
                0x0000000008011c3c                InitBoardConfiguration_GPIO
 .text.ReadUnitHwConfiguration
                0x0000000008011c88       0x60 .pioenvs/OpenIMU300ZA/lib001/openimu-core-libraries_ID5523/BSP/src/configureGPIO.o
                0x0000000008011c88                ReadUnitHwConfiguration
 .text.InitPin_GPIO
                0x0000000008011ce8       0x4a .pioenvs/OpenIMU300ZA/lib001/openimu-core-libraries_ID5523/BSP/src/configureGPIO.o
                0x0000000008011ce8                InitPin_GPIO
 *fill*         0x0000000008011d32        0x2 
 .text.getUnitCommunicationType
                0x0000000008011d34       0x18 .pioenvs/OpenIMU300ZA/lib001/openimu-core-libraries_ID5523/BSP/src/configureGPIO.o
                0x0000000008011d34                getUnitCommunicationType
 .text.setUnitCommunicationType
                0x0000000008011d4c       0x2c .pioenvs/OpenIMU300ZA/lib001/openimu-core-libraries_ID5523/BSP/src/configureGPIO.o
                0x0000000008011d4c                setUnitCommunicationType
 .text.ConfigureSpiClkPin
                0x0000000008011d78       0x1c .pioenvs/OpenIMU300ZA/lib001/openimu-core-libraries_ID5523/BSP/src/configureGPIO.o
                0x0000000008011d78                ConfigureSpiClkPin
 .text.setIO2Pin
                0x0000000008011d94       0x24 .pioenvs/OpenIMU300ZA/lib001/openimu-core-libraries_ID5523/BSP/src/configureGPIO.o
                0x0000000008011d94                setIO2Pin
 .text.NMI_Handler
                0x0000000008011db8        0xe .pioenvs/OpenIMU300ZA/lib001/openimu-core-libraries_ID5523/BSP/src/stm32f4xx_it.o
                0x0000000008011db8                NMI_Handler
 *fill*         0x0000000008011dc6        0x2 
 .text.prvGetRegistersFromStack
                0x0000000008011dc8       0x50 .pioenvs/OpenIMU300ZA/lib001/openimu-core-libraries_ID5523/BSP/src/stm32f4xx_it.o
                0x0000000008011dc8                prvGetRegistersFromStack
 .text.HardFault_Handler
                0x0000000008011e18       0x1e .pioenvs/OpenIMU300ZA/lib001/openimu-core-libraries_ID5523/BSP/src/stm32f4xx_it.o
                0x0000000008011e18                HardFault_Handler
 .text.MemManage_Handler
                0x0000000008011e36        0x6 .pioenvs/OpenIMU300ZA/lib001/openimu-core-libraries_ID5523/BSP/src/stm32f4xx_it.o
                0x0000000008011e36                MemManage_Handler
 .text.BusFault_Handler
                0x0000000008011e3c        0x6 .pioenvs/OpenIMU300ZA/lib001/openimu-core-libraries_ID5523/BSP/src/stm32f4xx_it.o
                0x0000000008011e3c                BusFault_Handler
 .text.UsageFault_Handler
                0x0000000008011e42        0x6 .pioenvs/OpenIMU300ZA/lib001/openimu-core-libraries_ID5523/BSP/src/stm32f4xx_it.o
                0x0000000008011e42                UsageFault_Handler
 .text.DebugMon_Handler
                0x0000000008011e48        0xe .pioenvs/OpenIMU300ZA/lib001/openimu-core-libraries_ID5523/BSP/src/stm32f4xx_it.o
                0x0000000008011e48                DebugMon_Handler
 *fill*         0x0000000008011e56        0x2 
 .text.EXTI1_IRQHandler
                0x0000000008011e58       0x44 .pioenvs/OpenIMU300ZA/lib001/openimu-core-libraries_ID5523/BSP/src/stm32f4xx_it.o
                0x0000000008011e58                EXTI1_IRQHandler
 .text.EXTI9_5_IRQHandler
                0x0000000008011e9c       0x68 .pioenvs/OpenIMU300ZA/lib001/openimu-core-libraries_ID5523/BSP/src/stm32f4xx_it.o
                0x0000000008011e9c                EXTI9_5_IRQHandler
 .text.InitTimer_Watchdog
                0x0000000008011f04       0x44 .pioenvs/OpenIMU300ZA/lib001/openimu-core-libraries_ID5523/BSP/src/watchdog.o
                0x0000000008011f04                InitTimer_Watchdog
 .text.SetMaxDelay_Watchdog
                0x0000000008011f48       0x30 .pioenvs/OpenIMU300ZA/lib001/openimu-core-libraries_ID5523/BSP/src/watchdog.o
                0x0000000008011f48                SetMaxDelay_Watchdog
 .text.RestoreDelay_Watchdog
                0x0000000008011f78       0x30 .pioenvs/OpenIMU300ZA/lib001/openimu-core-libraries_ID5523/BSP/src/watchdog.o
                0x0000000008011f78                RestoreDelay_Watchdog
 .text.NVIC_PriorityGroupConfig
                0x0000000008011fa8       0x28 .pioenvs/OpenIMU300ZA/lib001/openimu-core-libraries_ID5523/CSL/src/misc.o
                0x0000000008011fa8                NVIC_PriorityGroupConfig
 .text.NVIC_Init
                0x0000000008011fd0       0xc4 .pioenvs/OpenIMU300ZA/lib001/openimu-core-libraries_ID5523/CSL/src/misc.o
                0x0000000008011fd0                NVIC_Init
 .text.NVIC_SetVectorTable
                0x0000000008012094       0x2c .pioenvs/OpenIMU300ZA/lib001/openimu-core-libraries_ID5523/CSL/src/misc.o
                0x0000000008012094                NVIC_SetVectorTable
 .text.DMA_Init
                0x00000000080120c0       0xb0 .pioenvs/OpenIMU300ZA/lib001/openimu-core-libraries_ID5523/CSL/src/stm32f4xx_dma.o
                0x00000000080120c0                DMA_Init
 .text.DMA_StructInit
                0x0000000008012170       0x6e .pioenvs/OpenIMU300ZA/lib001/openimu-core-libraries_ID5523/CSL/src/stm32f4xx_dma.o
                0x0000000008012170                DMA_StructInit
 .text.DMA_Cmd  0x00000000080121de       0x38 .pioenvs/OpenIMU300ZA/lib001/openimu-core-libraries_ID5523/CSL/src/stm32f4xx_dma.o
                0x00000000080121de                DMA_Cmd
 *fill*         0x0000000008012216        0x2 
 .text.DMA_ClearFlag
                0x0000000008012218       0x5c .pioenvs/OpenIMU300ZA/lib001/openimu-core-libraries_ID5523/CSL/src/stm32f4xx_dma.o
                0x0000000008012218                DMA_ClearFlag
 .text.DMA_ITConfig
                0x0000000008012274       0x74 .pioenvs/OpenIMU300ZA/lib001/openimu-core-libraries_ID5523/CSL/src/stm32f4xx_dma.o
                0x0000000008012274                DMA_ITConfig
 .text.DMA_GetITStatus
                0x00000000080122e8       0xb0 .pioenvs/OpenIMU300ZA/lib001/openimu-core-libraries_ID5523/CSL/src/stm32f4xx_dma.o
                0x00000000080122e8                DMA_GetITStatus
 .text.DMA_ClearITPendingBit
                0x0000000008012398       0x5c .pioenvs/OpenIMU300ZA/lib001/openimu-core-libraries_ID5523/CSL/src/stm32f4xx_dma.o
                0x0000000008012398                DMA_ClearITPendingBit
 .text.EXTI_Init
                0x00000000080123f4       0xe4 .pioenvs/OpenIMU300ZA/lib001/openimu-core-libraries_ID5523/CSL/src/stm32f4xx_exti.o
                0x00000000080123f4                EXTI_Init
 .text.EXTI_StructInit
                0x00000000080124d8       0x2c .pioenvs/OpenIMU300ZA/lib001/openimu-core-libraries_ID5523/CSL/src/stm32f4xx_exti.o
                0x00000000080124d8                EXTI_StructInit
 .text.EXTI_GetITStatus
                0x0000000008012504       0x48 .pioenvs/OpenIMU300ZA/lib001/openimu-core-libraries_ID5523/CSL/src/stm32f4xx_exti.o
                0x0000000008012504                EXTI_GetITStatus
 .text.FLASH_Unlock
                0x000000000801254c       0x30 .pioenvs/OpenIMU300ZA/lib001/openimu-core-libraries_ID5523/CSL/src/stm32f4xx_flash.o
                0x000000000801254c                FLASH_Unlock
 .text.FLASH_Lock
                0x000000000801257c       0x20 .pioenvs/OpenIMU300ZA/lib001/openimu-core-libraries_ID5523/CSL/src/stm32f4xx_flash.o
                0x000000000801257c                FLASH_Lock
 .text.FLASH_EraseSector
                0x000000000801259c       0xc0 .pioenvs/OpenIMU300ZA/lib001/openimu-core-libraries_ID5523/CSL/src/stm32f4xx_flash.o
                0x000000000801259c                FLASH_EraseSector
 .text.FLASH_ProgramWord
                0x000000000801265c       0x68 .pioenvs/OpenIMU300ZA/lib001/openimu-core-libraries_ID5523/CSL/src/stm32f4xx_flash.o
                0x000000000801265c                FLASH_ProgramWord
 .text.FLASH_OB_Unlock
                0x00000000080126c4       0x34 .pioenvs/OpenIMU300ZA/lib001/openimu-core-libraries_ID5523/CSL/src/stm32f4xx_flash.o
                0x00000000080126c4                FLASH_OB_Unlock
 .text.FLASH_OB_Lock
                0x00000000080126f8       0x20 .pioenvs/OpenIMU300ZA/lib001/openimu-core-libraries_ID5523/CSL/src/stm32f4xx_flash.o
                0x00000000080126f8                FLASH_OB_Lock
 .text.FLASH_OB_WRPConfig
                0x0000000008012718       0x5c .pioenvs/OpenIMU300ZA/lib001/openimu-core-libraries_ID5523/CSL/src/stm32f4xx_flash.o
                0x0000000008012718                FLASH_OB_WRPConfig
 .text.FLASH_OB_Launch
                0x0000000008012774       0x30 .pioenvs/OpenIMU300ZA/lib001/openimu-core-libraries_ID5523/CSL/src/stm32f4xx_flash.o
                0x0000000008012774                FLASH_OB_Launch
 .text.FLASH_ClearFlag
                0x00000000080127a4       0x20 .pioenvs/OpenIMU300ZA/lib001/openimu-core-libraries_ID5523/CSL/src/stm32f4xx_flash.o
                0x00000000080127a4                FLASH_ClearFlag
 .text.FLASH_GetStatus
                0x00000000080127c4       0x6c .pioenvs/OpenIMU300ZA/lib001/openimu-core-libraries_ID5523/CSL/src/stm32f4xx_flash.o
                0x00000000080127c4                FLASH_GetStatus
 .text.FLASH_WaitForLastOperation
                0x0000000008012830       0x30 .pioenvs/OpenIMU300ZA/lib001/openimu-core-libraries_ID5523/CSL/src/stm32f4xx_flash.o
                0x0000000008012830                FLASH_WaitForLastOperation
 .text.GPIO_Init
                0x0000000008012860      0x11c .pioenvs/OpenIMU300ZA/lib001/openimu-core-libraries_ID5523/CSL/src/stm32f4xx_gpio.o
                0x0000000008012860                GPIO_Init
 .text.GPIO_StructInit
                0x000000000801297c       0x34 .pioenvs/OpenIMU300ZA/lib001/openimu-core-libraries_ID5523/CSL/src/stm32f4xx_gpio.o
                0x000000000801297c                GPIO_StructInit
 .text.GPIO_ReadInputDataBit
                0x00000000080129b0       0x34 .pioenvs/OpenIMU300ZA/lib001/openimu-core-libraries_ID5523/CSL/src/stm32f4xx_gpio.o
                0x00000000080129b0                GPIO_ReadInputDataBit
 .text.GPIO_SetBits
                0x00000000080129e4       0x1e .pioenvs/OpenIMU300ZA/lib001/openimu-core-libraries_ID5523/CSL/src/stm32f4xx_gpio.o
                0x00000000080129e4                GPIO_SetBits
 .text.GPIO_ResetBits
                0x0000000008012a02       0x1e .pioenvs/OpenIMU300ZA/lib001/openimu-core-libraries_ID5523/CSL/src/stm32f4xx_gpio.o
                0x0000000008012a02                GPIO_ResetBits
 .text.GPIO_WriteBit
                0x0000000008012a20       0x30 .pioenvs/OpenIMU300ZA/lib001/openimu-core-libraries_ID5523/CSL/src/stm32f4xx_gpio.o
                0x0000000008012a20                GPIO_WriteBit
 .text.GPIO_ToggleBits
                0x0000000008012a50       0x24 .pioenvs/OpenIMU300ZA/lib001/openimu-core-libraries_ID5523/CSL/src/stm32f4xx_gpio.o
                0x0000000008012a50                GPIO_ToggleBits
 .text.GPIO_PinAFConfig
                0x0000000008012a74       0x92 .pioenvs/OpenIMU300ZA/lib001/openimu-core-libraries_ID5523/CSL/src/stm32f4xx_gpio.o
                0x0000000008012a74                GPIO_PinAFConfig
 *fill*         0x0000000008012b06        0x2 
 .text.I2C_DeInit
                0x0000000008012b08       0x74 .pioenvs/OpenIMU300ZA/lib001/openimu-core-libraries_ID5523/CSL/src/stm32f4xx_i2c.o
                0x0000000008012b08                I2C_DeInit
 .text.I2C_Init
                0x0000000008012b7c      0x1cc .pioenvs/OpenIMU300ZA/lib001/openimu-core-libraries_ID5523/CSL/src/stm32f4xx_i2c.o
                0x0000000008012b7c                I2C_Init
 .text.I2C_StructInit
                0x0000000008012d48       0x3e .pioenvs/OpenIMU300ZA/lib001/openimu-core-libraries_ID5523/CSL/src/stm32f4xx_i2c.o
                0x0000000008012d48                I2C_StructInit
 .text.I2C_Cmd  0x0000000008012d86       0x40 .pioenvs/OpenIMU300ZA/lib001/openimu-core-libraries_ID5523/CSL/src/stm32f4xx_i2c.o
                0x0000000008012d86                I2C_Cmd
 .text.I2C_Send7bitAddress
                0x0000000008012dc6       0x3c .pioenvs/OpenIMU300ZA/lib001/openimu-core-libraries_ID5523/CSL/src/stm32f4xx_i2c.o
                0x0000000008012dc6                I2C_Send7bitAddress
 .text.I2C_ReadRegister
                0x0000000008012e02       0x2e .pioenvs/OpenIMU300ZA/lib001/openimu-core-libraries_ID5523/CSL/src/stm32f4xx_i2c.o
                0x0000000008012e02                I2C_ReadRegister
 .text.I2C_ITConfig
                0x0000000008012e30       0x48 .pioenvs/OpenIMU300ZA/lib001/openimu-core-libraries_ID5523/CSL/src/stm32f4xx_i2c.o
                0x0000000008012e30                I2C_ITConfig
 .text.I2C_GetLastEvent
                0x0000000008012e78       0x44 .pioenvs/OpenIMU300ZA/lib001/openimu-core-libraries_ID5523/CSL/src/stm32f4xx_i2c.o
                0x0000000008012e78                I2C_GetLastEvent
 .text.I2C_GetITStatus
                0x0000000008012ebc       0x5a .pioenvs/OpenIMU300ZA/lib001/openimu-core-libraries_ID5523/CSL/src/stm32f4xx_i2c.o
                0x0000000008012ebc                I2C_GetITStatus
 *fill*         0x0000000008012f16        0x2 
 .text.RCC_GetClocksFreq
                0x0000000008012f18      0x150 .pioenvs/OpenIMU300ZA/lib001/openimu-core-libraries_ID5523/CSL/src/stm32f4xx_rcc.o
                0x0000000008012f18                RCC_GetClocksFreq
 .text.RCC_AHB1PeriphClockCmd
                0x0000000008013068       0x40 .pioenvs/OpenIMU300ZA/lib001/openimu-core-libraries_ID5523/CSL/src/stm32f4xx_rcc.o
                0x0000000008013068                RCC_AHB1PeriphClockCmd
 .text.RCC_AHB2PeriphClockCmd
                0x00000000080130a8       0x40 .pioenvs/OpenIMU300ZA/lib001/openimu-core-libraries_ID5523/CSL/src/stm32f4xx_rcc.o
                0x00000000080130a8                RCC_AHB2PeriphClockCmd
 .text.RCC_APB1PeriphClockCmd
                0x00000000080130e8       0x40 .pioenvs/OpenIMU300ZA/lib001/openimu-core-libraries_ID5523/CSL/src/stm32f4xx_rcc.o
                0x00000000080130e8                RCC_APB1PeriphClockCmd
 .text.RCC_APB2PeriphClockCmd
                0x0000000008013128       0x40 .pioenvs/OpenIMU300ZA/lib001/openimu-core-libraries_ID5523/CSL/src/stm32f4xx_rcc.o
                0x0000000008013128                RCC_APB2PeriphClockCmd
 .text.RCC_APB1PeriphResetCmd
                0x0000000008013168       0x40 .pioenvs/OpenIMU300ZA/lib001/openimu-core-libraries_ID5523/CSL/src/stm32f4xx_rcc.o
                0x0000000008013168                RCC_APB1PeriphResetCmd
 .text.RCC_APB2PeriphResetCmd
                0x00000000080131a8       0x40 .pioenvs/OpenIMU300ZA/lib001/openimu-core-libraries_ID5523/CSL/src/stm32f4xx_rcc.o
                0x00000000080131a8                RCC_APB2PeriphResetCmd
 .text.RCC_GetFlagStatus
                0x00000000080131e8       0x74 .pioenvs/OpenIMU300ZA/lib001/openimu-core-libraries_ID5523/CSL/src/stm32f4xx_rcc.o
                0x00000000080131e8                RCC_GetFlagStatus
 .text.RCC_ClearFlag
                0x000000000801325c       0x20 .pioenvs/OpenIMU300ZA/lib001/openimu-core-libraries_ID5523/CSL/src/stm32f4xx_rcc.o
                0x000000000801325c                RCC_ClearFlag
 .text.SPI_I2S_DeInit
                0x000000000801327c       0x74 .pioenvs/OpenIMU300ZA/lib001/openimu-core-libraries_ID5523/CSL/src/stm32f4xx_spi.o
                0x000000000801327c                SPI_I2S_DeInit
 .text.SPI_Init
                0x00000000080132f0       0x88 .pioenvs/OpenIMU300ZA/lib001/openimu-core-libraries_ID5523/CSL/src/stm32f4xx_spi.o
                0x00000000080132f0                SPI_Init
 .text.SPI_StructInit
                0x0000000008013378       0x4a .pioenvs/OpenIMU300ZA/lib001/openimu-core-libraries_ID5523/CSL/src/stm32f4xx_spi.o
                0x0000000008013378                SPI_StructInit
 .text.SPI_Cmd  0x00000000080133c2       0x40 .pioenvs/OpenIMU300ZA/lib001/openimu-core-libraries_ID5523/CSL/src/stm32f4xx_spi.o
                0x00000000080133c2                SPI_Cmd
 .text.SPI_I2S_GetFlagStatus
                0x0000000008013402       0x38 .pioenvs/OpenIMU300ZA/lib001/openimu-core-libraries_ID5523/CSL/src/stm32f4xx_spi.o
                0x0000000008013402                SPI_I2S_GetFlagStatus
 *fill*         0x000000000801343a        0x2 
 .text.SYSCFG_EXTILineConfig
                0x000000000801343c       0x84 .pioenvs/OpenIMU300ZA/lib001/openimu-core-libraries_ID5523/CSL/src/stm32f4xx_syscfg.o
                0x000000000801343c                SYSCFG_EXTILineConfig
 .text.TIM_TimeBaseInit
                0x00000000080134c0       0xd8 .pioenvs/OpenIMU300ZA/lib001/openimu-core-libraries_ID5523/CSL/src/stm32f4xx_tim.o
                0x00000000080134c0                TIM_TimeBaseInit
 .text.TIM_TimeBaseStructInit
                0x0000000008013598       0x34 .pioenvs/OpenIMU300ZA/lib001/openimu-core-libraries_ID5523/CSL/src/stm32f4xx_tim.o
                0x0000000008013598                TIM_TimeBaseStructInit
 .text.TIM_ARRPreloadConfig
                0x00000000080135cc       0x40 .pioenvs/OpenIMU300ZA/lib001/openimu-core-libraries_ID5523/CSL/src/stm32f4xx_tim.o
                0x00000000080135cc                TIM_ARRPreloadConfig
 .text.TIM_Cmd  0x000000000801360c       0x40 .pioenvs/OpenIMU300ZA/lib001/openimu-core-libraries_ID5523/CSL/src/stm32f4xx_tim.o
                0x000000000801360c                TIM_Cmd
 .text.TIM_ITConfig
                0x000000000801364c       0x48 .pioenvs/OpenIMU300ZA/lib001/openimu-core-libraries_ID5523/CSL/src/stm32f4xx_tim.o
                0x000000000801364c                TIM_ITConfig
 .text.TIM_ClearITPendingBit
                0x0000000008013694       0x22 .pioenvs/OpenIMU300ZA/lib001/openimu-core-libraries_ID5523/CSL/src/stm32f4xx_tim.o
                0x0000000008013694                TIM_ClearITPendingBit
 *fill*         0x00000000080136b6        0x2 
 .text.USART_Init
                0x00000000080136b8      0x174 .pioenvs/OpenIMU300ZA/lib001/openimu-core-libraries_ID5523/CSL/src/stm32f4xx_usart.o
                0x00000000080136b8                USART_Init
 .text.USART_Cmd
                0x000000000801382c       0x40 .pioenvs/OpenIMU300ZA/lib001/openimu-core-libraries_ID5523/CSL/src/stm32f4xx_usart.o
                0x000000000801382c                USART_Cmd
 .text.USART_SendData
                0x000000000801386c       0x24 .pioenvs/OpenIMU300ZA/lib001/openimu-core-libraries_ID5523/CSL/src/stm32f4xx_usart.o
                0x000000000801386c                USART_SendData
 .text.USART_ReceiveData
                0x0000000008013890       0x20 .pioenvs/OpenIMU300ZA/lib001/openimu-core-libraries_ID5523/CSL/src/stm32f4xx_usart.o
                0x0000000008013890                USART_ReceiveData
 .text.USART_ITConfig
                0x00000000080138b0       0x90 .pioenvs/OpenIMU300ZA/lib001/openimu-core-libraries_ID5523/CSL/src/stm32f4xx_usart.o
                0x00000000080138b0                USART_ITConfig
 .text.USART_GetFlagStatus
                0x0000000008013940       0x38 .pioenvs/OpenIMU300ZA/lib001/openimu-core-libraries_ID5523/CSL/src/stm32f4xx_usart.o
                0x0000000008013940                USART_GetFlagStatus
 .text.tlwr     0x0000000008013978       0x2c .pioenvs/OpenIMU300ZA/lib001/openimu-core-libraries_ID5523/Common/src/utilities.o
                0x0000000008013978                tlwr
 .text.strcmpi  0x00000000080139a4       0x72 .pioenvs/OpenIMU300ZA/lib001/openimu-core-libraries_ID5523/Common/src/utilities.o
                0x00000000080139a4                strcmpi
 .text.strrep   0x0000000008013a16       0x3c .pioenvs/OpenIMU300ZA/lib001/openimu-core-libraries_ID5523/Common/src/utilities.o
                0x0000000008013a16                strrep
 .text.strtok_r1
                0x0000000008013a52       0x9a .pioenvs/OpenIMU300ZA/lib001/openimu-core-libraries_ID5523/Common/src/utilities.o
                0x0000000008013a52                strtok_r1
 .text.FilterInit
                0x0000000008013aec      0x154 .pioenvs/OpenIMU300ZA/lib001/openimu-core-libraries_ID5523/Filter/src/filter.o
                0x0000000008013aec                FilterInit
 .text.Butterworth_Q27_PushSample
                0x0000000008013c40       0x30 .pioenvs/OpenIMU300ZA/lib001/openimu-core-libraries_ID5523/Filter/src/filter.o
                0x0000000008013c40                Butterworth_Q27_PushSample
 .text.Butterworth_Q27_Filter
                0x0000000008013c70      0x118 .pioenvs/OpenIMU300ZA/lib001/openimu-core-libraries_ID5523/Filter/src/filter.o
                0x0000000008013c70                Butterworth_Q27_Filter
 .text.Apply_Butterworth_Q27_Filter
                0x0000000008013d88       0x7c .pioenvs/OpenIMU300ZA/lib001/openimu-core-libraries_ID5523/Filter/src/filter.o
                0x0000000008013d88                Apply_Butterworth_Q27_Filter
 .text.Bartlett_Q27_PushSample
                0x0000000008013e04       0x32 .pioenvs/OpenIMU300ZA/lib001/openimu-core-libraries_ID5523/Filter/src/filter.o
                0x0000000008013e04                Bartlett_Q27_PushSample
 .text.Bartlett_Q27_Filter
                0x0000000008013e36      0x190 .pioenvs/OpenIMU300ZA/lib001/openimu-core-libraries_ID5523/Filter/src/filter.o
                0x0000000008013e36                Bartlett_Q27_Filter
 *fill*         0x0000000008013fc6        0x2 
 .text.Apply_Bartlett_Q27_Filter
                0x0000000008013fc8       0x4c .pioenvs/OpenIMU300ZA/lib001/openimu-core-libraries_ID5523/Filter/src/filter.o
                0x0000000008013fc8                Apply_Bartlett_Q27_Filter
 .text.debounce_init
                0x0000000008014014       0x44 .pioenvs/OpenIMU300ZA/lib001/openimu-core-libraries_ID5523/Filter/src/filter.o
                0x0000000008014014                debounce_init
 .text.debounce_calc
                0x0000000008014058       0x7e .pioenvs/OpenIMU300ZA/lib001/openimu-core-libraries_ID5523/Filter/src/filter.o
                0x0000000008014058                debounce_calc
 *fill*         0x00000000080140d6        0x2 
 .text._rateFilt_4thOrderBWF_LowPass_Axis_cascaded2nd
                0x00000000080140d8      0x41c .pioenvs/OpenIMU300ZA/lib001/openimu-core-libraries_ID5523/Filter/src/lowpass_filter.o
                0x00000000080140d8                _rateFilt_4thOrderBWF_LowPass_Axis_cascaded2nd
 .text._accel_4thOrderBWF_LowPass_Axis_cascaded2nd
                0x00000000080144f4      0x41c .pioenvs/OpenIMU300ZA/lib001/openimu-core-libraries_ID5523/Filter/src/lowpass_filter.o
                0x00000000080144f4                _accel_4thOrderBWF_LowPass_Axis_cascaded2nd
 .text._rateFilt_3rdOrderBWF_LowPass_Axis_cascaded1st
                0x0000000008014910      0x3c4 .pioenvs/OpenIMU300ZA/lib001/openimu-core-libraries_ID5523/Filter/src/lowpass_filter.o
                0x0000000008014910                _rateFilt_3rdOrderBWF_LowPass_Axis_cascaded1st
 .text._accelFilt_3rdOrderBWF_LowPass_Axis_cascaded1st
                0x0000000008014cd4      0x3c4 .pioenvs/OpenIMU300ZA/lib001/openimu-core-libraries_ID5523/Filter/src/lowpass_filter.o
                0x0000000008014cd4                _accelFilt_3rdOrderBWF_LowPass_Axis_cascaded1st
 .text.makeFreeRtosPriority
                0x0000000008015098       0x30 .pioenvs/OpenIMU300ZA/lib001/openimu-core-libraries_ID5523/FreeRtos/src/cmsis_os.o
 .text.inHandlerMode
                0x00000000080150c8       0x24 .pioenvs/OpenIMU300ZA/lib001/openimu-core-libraries_ID5523/FreeRtos/src/cmsis_os.o
                0x00000000080150c8                inHandlerMode
 .text.osKernelStart
                0x00000000080150ec        0xe .pioenvs/OpenIMU300ZA/lib001/openimu-core-libraries_ID5523/FreeRtos/src/cmsis_os.o
                0x00000000080150ec                osKernelStart
 .text.osKernelSysTick
                0x00000000080150fa       0x20 .pioenvs/OpenIMU300ZA/lib001/openimu-core-libraries_ID5523/FreeRtos/src/cmsis_os.o
                0x00000000080150fa                osKernelSysTick
 .text.osThreadCreate
                0x000000000801511a       0x4e .pioenvs/OpenIMU300ZA/lib001/openimu-core-libraries_ID5523/FreeRtos/src/cmsis_os.o
                0x000000000801511a                osThreadCreate
 .text.osDelay  0x0000000008015168       0x28 .pioenvs/OpenIMU300ZA/lib001/openimu-core-libraries_ID5523/FreeRtos/src/cmsis_os.o
                0x0000000008015168                osDelay
 .text.osSemaphoreCreate
                0x0000000008015190       0x48 .pioenvs/OpenIMU300ZA/lib001/openimu-core-libraries_ID5523/FreeRtos/src/cmsis_os.o
                0x0000000008015190                osSemaphoreCreate
 .text.osSemaphoreWait
                0x00000000080151d8       0xa0 .pioenvs/OpenIMU300ZA/lib001/openimu-core-libraries_ID5523/FreeRtos/src/cmsis_os.o
                0x00000000080151d8                osSemaphoreWait
 .text.osSemaphoreRelease
                0x0000000008015278       0x6c .pioenvs/OpenIMU300ZA/lib001/openimu-core-libraries_ID5523/FreeRtos/src/cmsis_os.o
                0x0000000008015278                osSemaphoreRelease
 .text.SysTick_Handler
                0x00000000080152e4       0x16 .pioenvs/OpenIMU300ZA/lib001/openimu-core-libraries_ID5523/FreeRtos/src/cmsis_os.o
                0x00000000080152e4                SysTick_Handler
 *fill*         0x00000000080152fa        0x2 
 .text.pvPortMalloc
                0x00000000080152fc       0x94 .pioenvs/OpenIMU300ZA/lib001/openimu-core-libraries_ID5523/FreeRtos/src/heap_1.o
                0x00000000080152fc                pvPortMalloc
 .text.vPortFree
                0x0000000008015390       0x2e .pioenvs/OpenIMU300ZA/lib001/openimu-core-libraries_ID5523/FreeRtos/src/heap_1.o
                0x0000000008015390                vPortFree
 .text.vListInitialise
                0x00000000080153be       0x40 .pioenvs/OpenIMU300ZA/lib001/openimu-core-libraries_ID5523/FreeRtos/src/list.o
                0x00000000080153be                vListInitialise
 .text.vListInitialiseItem
                0x00000000080153fe       0x1a .pioenvs/OpenIMU300ZA/lib001/openimu-core-libraries_ID5523/FreeRtos/src/list.o
                0x00000000080153fe                vListInitialiseItem
 .text.vListInsertEnd
                0x0000000008015418       0x48 .pioenvs/OpenIMU300ZA/lib001/openimu-core-libraries_ID5523/FreeRtos/src/list.o
                0x0000000008015418                vListInsertEnd
 .text.vListInsert
                0x0000000008015460       0x72 .pioenvs/OpenIMU300ZA/lib001/openimu-core-libraries_ID5523/FreeRtos/src/list.o
                0x0000000008015460                vListInsert
 .text.uxListRemove
                0x00000000080154d2       0x54 .pioenvs/OpenIMU300ZA/lib001/openimu-core-libraries_ID5523/FreeRtos/src/list.o
                0x00000000080154d2                uxListRemove
 *fill*         0x0000000008015526        0x2 
 .text.pxPortInitialiseStack
                0x0000000008015528       0x68 .pioenvs/OpenIMU300ZA/lib001/openimu-core-libraries_ID5523/FreeRtos/src/port.o
                0x0000000008015528                pxPortInitialiseStack
 .text.prvTaskExitError
                0x0000000008015590       0x3c .pioenvs/OpenIMU300ZA/lib001/openimu-core-libraries_ID5523/FreeRtos/src/port.o
 *fill*         0x00000000080155cc        0x4 
 .text.SVC_Handler
                0x00000000080155d0       0x28 .pioenvs/OpenIMU300ZA/lib001/openimu-core-libraries_ID5523/FreeRtos/src/port.o
                0x00000000080155d0                SVC_Handler
 .text.prvPortStartFirstTask
                0x00000000080155f8       0x20 .pioenvs/OpenIMU300ZA/lib001/openimu-core-libraries_ID5523/FreeRtos/src/port.o
 .text.xPortStartScheduler
                0x0000000008015618      0x118 .pioenvs/OpenIMU300ZA/lib001/openimu-core-libraries_ID5523/FreeRtos/src/port.o
                0x0000000008015618                xPortStartScheduler
 .text.vPortEnterCritical
                0x0000000008015730       0x5c .pioenvs/OpenIMU300ZA/lib001/openimu-core-libraries_ID5523/FreeRtos/src/port.o
                0x0000000008015730                vPortEnterCritical
 .text.vPortExitCritical
                0x000000000801578c       0x50 .pioenvs/OpenIMU300ZA/lib001/openimu-core-libraries_ID5523/FreeRtos/src/port.o
                0x000000000801578c                vPortExitCritical
 *fill*         0x00000000080157dc        0x4 
 .text.PendSV_Handler
                0x00000000080157e0       0x68 .pioenvs/OpenIMU300ZA/lib001/openimu-core-libraries_ID5523/FreeRtos/src/port.o
                0x00000000080157e0                PendSV_Handler
 .text.xPortSysTickHandler
                0x0000000008015848       0x40 .pioenvs/OpenIMU300ZA/lib001/openimu-core-libraries_ID5523/FreeRtos/src/port.o
                0x0000000008015848                xPortSysTickHandler
 .text.vPortSetupTimerInterrupt
                0x0000000008015888       0x38 .pioenvs/OpenIMU300ZA/lib001/openimu-core-libraries_ID5523/FreeRtos/src/port.o
                0x0000000008015888                vPortSetupTimerInterrupt
 .text.vPortEnableVFP
                0x00000000080158c0       0x14 .pioenvs/OpenIMU300ZA/lib001/openimu-core-libraries_ID5523/FreeRtos/src/port.o
 .text.vPortValidateInterruptPriority
                0x00000000080158d4       0x7c .pioenvs/OpenIMU300ZA/lib001/openimu-core-libraries_ID5523/FreeRtos/src/port.o
                0x00000000080158d4                vPortValidateInterruptPriority
 .text.OSDisableHook
                0x0000000008015950        0xc .pioenvs/OpenIMU300ZA/lib001/openimu-core-libraries_ID5523/FreeRtos/src/port1.o
                0x0000000008015950                OSDisableHook
 .text.OSEnableHook
                0x000000000801595c        0xc .pioenvs/OpenIMU300ZA/lib001/openimu-core-libraries_ID5523/FreeRtos/src/port1.o
                0x000000000801595c                OSEnableHook
 .text.OS_Delay
                0x0000000008015968       0x16 .pioenvs/OpenIMU300ZA/lib001/openimu-core-libraries_ID5523/FreeRtos/src/port1.o
                0x0000000008015968                OS_Delay
 *fill*         0x000000000801597e        0x2 
 .text.xQueueGenericReset
                0x0000000008015980       0xd0 .pioenvs/OpenIMU300ZA/lib001/openimu-core-libraries_ID5523/FreeRtos/src/queue.o
                0x0000000008015980                xQueueGenericReset
 .text.xQueueGenericCreate
                0x0000000008015a50       0x72 .pioenvs/OpenIMU300ZA/lib001/openimu-core-libraries_ID5523/FreeRtos/src/queue.o
                0x0000000008015a50                xQueueGenericCreate
 .text.prvInitialiseNewQueue
                0x0000000008015ac2       0x46 .pioenvs/OpenIMU300ZA/lib001/openimu-core-libraries_ID5523/FreeRtos/src/queue.o
 .text.xQueueCreateCountingSemaphore
                0x0000000008015b08       0x62 .pioenvs/OpenIMU300ZA/lib001/openimu-core-libraries_ID5523/FreeRtos/src/queue.o
                0x0000000008015b08                xQueueCreateCountingSemaphore
 *fill*         0x0000000008015b6a        0x2 
 .text.xQueueGenericSend
                0x0000000008015b6c      0x1f4 .pioenvs/OpenIMU300ZA/lib001/openimu-core-libraries_ID5523/FreeRtos/src/queue.o
                0x0000000008015b6c                xQueueGenericSend
 .text.xQueueGiveFromISR
                0x0000000008015d60      0x112 .pioenvs/OpenIMU300ZA/lib001/openimu-core-libraries_ID5523/FreeRtos/src/queue.o
                0x0000000008015d60                xQueueGiveFromISR
 *fill*         0x0000000008015e72        0x2 
 .text.xQueueGenericReceive
                0x0000000008015e74      0x224 .pioenvs/OpenIMU300ZA/lib001/openimu-core-libraries_ID5523/FreeRtos/src/queue.o
                0x0000000008015e74                xQueueGenericReceive
 .text.xQueueReceiveFromISR
                0x0000000008016098       0xfa .pioenvs/OpenIMU300ZA/lib001/openimu-core-libraries_ID5523/FreeRtos/src/queue.o
                0x0000000008016098                xQueueReceiveFromISR
 .text.prvCopyDataToQueue
                0x0000000008016192       0xd4 .pioenvs/OpenIMU300ZA/lib001/openimu-core-libraries_ID5523/FreeRtos/src/queue.o
 .text.prvCopyDataFromQueue
                0x0000000008016266       0x4c .pioenvs/OpenIMU300ZA/lib001/openimu-core-libraries_ID5523/FreeRtos/src/queue.o
 .text.prvUnlockQueue
                0x00000000080162b2       0xa4 .pioenvs/OpenIMU300ZA/lib001/openimu-core-libraries_ID5523/FreeRtos/src/queue.o
 .text.prvIsQueueEmpty
                0x0000000008016356       0x2c .pioenvs/OpenIMU300ZA/lib001/openimu-core-libraries_ID5523/FreeRtos/src/queue.o
 .text.prvIsQueueFull
                0x0000000008016382       0x30 .pioenvs/OpenIMU300ZA/lib001/openimu-core-libraries_ID5523/FreeRtos/src/queue.o
 *fill*         0x00000000080163b2        0x2 
 .text.Reset_Handler
                0x00000000080163b4       0x4c .pioenvs/OpenIMU300ZA/lib001/openimu-core-libraries_ID5523/FreeRtos/src/startup_stm32f405xx.o
                0x00000000080163b4                Reset_Handler
 .text.Default_Handler
                0x0000000008016400        0x2 .pioenvs/OpenIMU300ZA/lib001/openimu-core-libraries_ID5523/FreeRtos/src/startup_stm32f405xx.o
                0x0000000008016400                DMA2_Stream6_IRQHandler
                0x0000000008016400                HASH_RNG_IRQHandler
                0x0000000008016400                EXTI2_IRQHandler
                0x0000000008016400                TIM8_CC_IRQHandler
                0x0000000008016400                TIM1_CC_IRQHandler
                0x0000000008016400                DMA2_Stream5_IRQHandler
                0x0000000008016400                PVD_IRQHandler
                0x0000000008016400                SDIO_IRQHandler
                0x0000000008016400                TAMP_STAMP_IRQHandler
                0x0000000008016400                CAN2_RX1_IRQHandler
                0x0000000008016400                EXTI3_IRQHandler
                0x0000000008016400                TIM8_TRG_COM_TIM14_IRQHandler
                0x0000000008016400                TIM1_UP_TIM10_IRQHandler
                0x0000000008016400                TIM8_UP_TIM13_IRQHandler
                0x0000000008016400                CAN1_RX0_IRQHandler
                0x0000000008016400                FPU_IRQHandler
                0x0000000008016400                OTG_HS_WKUP_IRQHandler
                0x0000000008016400                CAN2_SCE_IRQHandler
                0x0000000008016400                DMA2_Stream2_IRQHandler
                0x0000000008016400                SPI1_IRQHandler
                0x0000000008016400                TIM6_DAC_IRQHandler
                0x0000000008016400                TIM1_BRK_TIM9_IRQHandler
                0x0000000008016400                CAN2_RX0_IRQHandler
                0x0000000008016400                DMA2_Stream3_IRQHandler
                0x0000000008016400                USART6_IRQHandler
                0x0000000008016400                USART3_IRQHandler
                0x0000000008016400                CAN1_RX1_IRQHandler
                0x0000000008016400                TIM4_IRQHandler
                0x0000000008016400                DMA1_Stream6_IRQHandler
                0x0000000008016400                DMA1_Stream1_IRQHandler
                0x0000000008016400                TIM3_IRQHandler
                0x0000000008016400                RCC_IRQHandler
                0x0000000008016400                TIM8_BRK_TIM12_IRQHandler
                0x0000000008016400                Default_Handler
                0x0000000008016400                EXTI15_10_IRQHandler
                0x0000000008016400                ADC_IRQHandler
                0x0000000008016400                TIM7_IRQHandler
                0x0000000008016400                CAN2_TX_IRQHandler
                0x0000000008016400                DMA2_Stream7_IRQHandler
                0x0000000008016400                RTC_WKUP_IRQHandler
                0x0000000008016400                SPI2_IRQHandler
                0x0000000008016400                OTG_HS_EP1_IN_IRQHandler
                0x0000000008016400                CAN1_TX_IRQHandler
                0x0000000008016400                EXTI4_IRQHandler
                0x0000000008016400                FSMC_IRQHandler
                0x0000000008016400                OTG_HS_EP1_OUT_IRQHandler
                0x0000000008016400                WWDG_IRQHandler
                0x0000000008016400                TIM2_IRQHandler
                0x0000000008016400                OTG_FS_WKUP_IRQHandler
                0x0000000008016400                TIM1_TRG_COM_TIM11_IRQHandler
                0x0000000008016400                OTG_HS_IRQHandler
                0x0000000008016400                USART2_IRQHandler
                0x0000000008016400                DMA2_Stream1_IRQHandler
                0x0000000008016400                CAN1_SCE_IRQHandler
                0x0000000008016400                FLASH_IRQHandler
                0x0000000008016400                DMA2_Stream4_IRQHandler
                0x0000000008016400                OTG_FS_IRQHandler
                0x0000000008016400                SPI3_IRQHandler
                0x0000000008016400                DMA1_Stream4_IRQHandler
                0x0000000008016400                RTC_Alarm_IRQHandler
 *fill*         0x0000000008016402        0x2 
 .text.SystemInit
                0x0000000008016404       0x5c .pioenvs/OpenIMU300ZA/lib001/openimu-core-libraries_ID5523/FreeRtos/src/system_stm32f4xx.o
                0x0000000008016404                SystemInit
 .text.SystemCoreClockUpdate
                0x0000000008016460      0x104 .pioenvs/OpenIMU300ZA/lib001/openimu-core-libraries_ID5523/FreeRtos/src/system_stm32f4xx.o
                0x0000000008016460                SystemCoreClockUpdate
 .text.SetSysClock
                0x0000000008016564      0x150 .pioenvs/OpenIMU300ZA/lib001/openimu-core-libraries_ID5523/FreeRtos/src/system_stm32f4xx.o
 .text.xTaskCreate
                0x00000000080166b4       0x82 .pioenvs/OpenIMU300ZA/lib001/openimu-core-libraries_ID5523/FreeRtos/src/tasks.o
                0x00000000080166b4                xTaskCreate
 .text.prvInitialiseNewTask
                0x0000000008016736      0x10c .pioenvs/OpenIMU300ZA/lib001/openimu-core-libraries_ID5523/FreeRtos/src/tasks.o
 *fill*         0x0000000008016842        0x2 
 .text.prvAddNewTaskToReadyList
                0x0000000008016844       0xdc .pioenvs/OpenIMU300ZA/lib001/openimu-core-libraries_ID5523/FreeRtos/src/tasks.o
 .text.vTaskDelay
                0x0000000008016920       0x68 .pioenvs/OpenIMU300ZA/lib001/openimu-core-libraries_ID5523/FreeRtos/src/tasks.o
                0x0000000008016920                vTaskDelay
 .text.vTaskStartScheduler
                0x0000000008016988       0x8c .pioenvs/OpenIMU300ZA/lib001/openimu-core-libraries_ID5523/FreeRtos/src/tasks.o
                0x0000000008016988                vTaskStartScheduler
 .text.vTaskSuspendAll
                0x0000000008016a14       0x1c .pioenvs/OpenIMU300ZA/lib001/openimu-core-libraries_ID5523/FreeRtos/src/tasks.o
                0x0000000008016a14                vTaskSuspendAll
 .text.xTaskResumeAll
                0x0000000008016a30      0x138 .pioenvs/OpenIMU300ZA/lib001/openimu-core-libraries_ID5523/FreeRtos/src/tasks.o
                0x0000000008016a30                xTaskResumeAll
 .text.xTaskGetTickCount
                0x0000000008016b68       0x20 .pioenvs/OpenIMU300ZA/lib001/openimu-core-libraries_ID5523/FreeRtos/src/tasks.o
                0x0000000008016b68                xTaskGetTickCount
 .text.xTaskGetTickCountFromISR
                0x0000000008016b88       0x24 .pioenvs/OpenIMU300ZA/lib001/openimu-core-libraries_ID5523/FreeRtos/src/tasks.o
                0x0000000008016b88                xTaskGetTickCountFromISR
 .text.xTaskIncrementTick
                0x0000000008016bac      0x178 .pioenvs/OpenIMU300ZA/lib001/openimu-core-libraries_ID5523/FreeRtos/src/tasks.o
                0x0000000008016bac                xTaskIncrementTick
 .text.vTaskSwitchContext
                0x0000000008016d24       0xd4 .pioenvs/OpenIMU300ZA/lib001/openimu-core-libraries_ID5523/FreeRtos/src/tasks.o
                0x0000000008016d24                vTaskSwitchContext
 .text.vTaskPlaceOnEventList
                0x0000000008016df8       0x48 .pioenvs/OpenIMU300ZA/lib001/openimu-core-libraries_ID5523/FreeRtos/src/tasks.o
                0x0000000008016df8                vTaskPlaceOnEventList
 .text.xTaskRemoveFromEventList
                0x0000000008016e40       0xc4 .pioenvs/OpenIMU300ZA/lib001/openimu-core-libraries_ID5523/FreeRtos/src/tasks.o
                0x0000000008016e40                xTaskRemoveFromEventList
 .text.vTaskSetTimeOutState
                0x0000000008016f04       0x48 .pioenvs/OpenIMU300ZA/lib001/openimu-core-libraries_ID5523/FreeRtos/src/tasks.o
                0x0000000008016f04                vTaskSetTimeOutState
 .text.xTaskCheckForTimeOut
                0x0000000008016f4c       0xbc .pioenvs/OpenIMU300ZA/lib001/openimu-core-libraries_ID5523/FreeRtos/src/tasks.o
                0x0000000008016f4c                xTaskCheckForTimeOut
 .text.vTaskMissedYield
                0x0000000008017008       0x18 .pioenvs/OpenIMU300ZA/lib001/openimu-core-libraries_ID5523/FreeRtos/src/tasks.o
                0x0000000008017008                vTaskMissedYield
 .text.prvIdleTask
                0x0000000008017020       0x30 .pioenvs/OpenIMU300ZA/lib001/openimu-core-libraries_ID5523/FreeRtos/src/tasks.o
 .text.prvInitialiseTaskLists
                0x0000000008017050       0x80 .pioenvs/OpenIMU300ZA/lib001/openimu-core-libraries_ID5523/FreeRtos/src/tasks.o
 .text.prvCheckTasksWaitingTermination
                0x00000000080170d0       0x78 .pioenvs/OpenIMU300ZA/lib001/openimu-core-libraries_ID5523/FreeRtos/src/tasks.o
 .text.prvDeleteTCB
                0x0000000008017148       0x20 .pioenvs/OpenIMU300ZA/lib001/openimu-core-libraries_ID5523/FreeRtos/src/tasks.o
 .text.prvResetNextTaskUnblockTime
                0x0000000008017168       0x4c .pioenvs/OpenIMU300ZA/lib001/openimu-core-libraries_ID5523/FreeRtos/src/tasks.o
 .text.xTaskGetSchedulerState
                0x00000000080171b4       0x3c .pioenvs/OpenIMU300ZA/lib001/openimu-core-libraries_ID5523/FreeRtos/src/tasks.o
                0x00000000080171b4                xTaskGetSchedulerState
 .text.vTaskPriorityInherit
                0x00000000080171f0       0xec .pioenvs/OpenIMU300ZA/lib001/openimu-core-libraries_ID5523/FreeRtos/src/tasks.o
                0x00000000080171f0                vTaskPriorityInherit
 .text.xTaskPriorityDisinherit
                0x00000000080172dc      0x108 .pioenvs/OpenIMU300ZA/lib001/openimu-core-libraries_ID5523/FreeRtos/src/tasks.o
                0x00000000080172dc                xTaskPriorityDisinherit
 .text.pvTaskIncrementMutexHeldCount
                0x00000000080173e4       0x28 .pioenvs/OpenIMU300ZA/lib001/openimu-core-libraries_ID5523/FreeRtos/src/tasks.o
                0x00000000080173e4                pvTaskIncrementMutexHeldCount
 .text.prvAddCurrentTaskToDelayedList
                0x000000000801740c       0xcc .pioenvs/OpenIMU300ZA/lib001/openimu-core-libraries_ID5523/FreeRtos/src/tasks.o
 .text.GetGPSData
                0x00000000080174d8      0x124 .pioenvs/OpenIMU300ZA/lib001/openimu-core-libraries_ID5523/GPS/src/driverGPS.o
                0x00000000080174d8                GetGPSData
 .text.initGPSHandler
                0x00000000080175fc       0x44 .pioenvs/OpenIMU300ZA/lib001/openimu-core-libraries_ID5523/GPS/src/driverGPSAllEntrance.o
                0x00000000080175fc                initGPSHandler
 .text.VectorNormalize
                0x0000000008017640       0x6e .pioenvs/OpenIMU300ZA/lib001/openimu-core-libraries_ID5523/Math/src/VectorMath.o
                0x0000000008017640                VectorNormalize
 .text.VectorMag
                0x00000000080176ae       0x8a .pioenvs/OpenIMU300ZA/lib001/openimu-core-libraries_ID5523/Math/src/VectorMath.o
                0x00000000080176ae                VectorMag
 .text.qsqrt_q27
                0x0000000008017738      0x120 .pioenvs/OpenIMU300ZA/lib001/openimu-core-libraries_ID5523/Math/src/qmath.o
                0x0000000008017738                qsqrt_q27
 .text.nabs     0x0000000008017858       0x22 .pioenvs/OpenIMU300ZA/lib001/openimu-core-libraries_ID5523/Math/src/qmath.o
                0x0000000008017858                nabs
 .text.nabs_64  0x000000000801787a       0x32 .pioenvs/OpenIMU300ZA/lib001/openimu-core-libraries_ID5523/Math/src/qmath.o
                0x000000000801787a                nabs_64
 .text.sign     0x00000000080178ac       0x22 .pioenvs/OpenIMU300ZA/lib001/openimu-core-libraries_ID5523/Math/src/qmath.o
                0x00000000080178ac                sign
 .text.asin_q29
                0x00000000080178ce       0x68 .pioenvs/OpenIMU300ZA/lib001/openimu-core-libraries_ID5523/Math/src/qmath.o
                0x00000000080178ce                asin_q29
 *fill*         0x0000000008017936        0x2 
 .text.atan2_q29
                0x0000000008017938      0x398 .pioenvs/OpenIMU300ZA/lib001/openimu-core-libraries_ID5523/Math/src/qmath.o
                0x0000000008017938                atan2_q29
 .text.sin_q30  0x0000000008017cd0      0x224 .pioenvs/OpenIMU300ZA/lib001/openimu-core-libraries_ID5523/Math/src/qmath.o
                0x0000000008017cd0                sin_q30
 .text.cos_q30  0x0000000008017ef4       0x50 .pioenvs/OpenIMU300ZA/lib001/openimu-core-libraries_ID5523/Math/src/qmath.o
                0x0000000008017ef4                cos_q30
 .text.VectorNormalize_q30
                0x0000000008017f44       0xae .pioenvs/OpenIMU300ZA/lib001/openimu-core-libraries_ID5523/Math/src/qmath.o
                0x0000000008017f44                VectorNormalize_q30
 .text.VectorMag_q27
                0x0000000008017ff2       0xd2 .pioenvs/OpenIMU300ZA/lib001/openimu-core-libraries_ID5523/Math/src/qmath.o
                0x0000000008017ff2                VectorMag_q27
 .text.DebugPrintString
                0x00000000080180c4       0x38 .pioenvs/OpenIMU300ZA/lib001/openimu-core-libraries_ID5523/UART/src/debug.o
                0x00000000080180c4                DebugPrintString
 .text.DebugPrintInt
                0x00000000080180fc       0x30 .pioenvs/OpenIMU300ZA/lib001/openimu-core-libraries_ID5523/UART/src/debug.o
                0x00000000080180fc                DebugPrintInt
 .text.DebugPrintHex
                0x000000000801812c       0x30 .pioenvs/OpenIMU300ZA/lib001/openimu-core-libraries_ID5523/UART/src/debug.o
                0x000000000801812c                DebugPrintHex
 .text.DebugPrintFloat
                0x000000000801815c       0xe0 .pioenvs/OpenIMU300ZA/lib001/openimu-core-libraries_ID5523/UART/src/debug.o
                0x000000000801815c                DebugPrintFloat
 .text.DebugPrintEndline
                0x000000000801823c       0x14 .pioenvs/OpenIMU300ZA/lib001/openimu-core-libraries_ID5523/UART/src/debug.o
                0x000000000801823c                DebugPrintEndline
 .text.itoa     0x0000000008018250       0xec .pioenvs/OpenIMU300ZA/lib001/openimu-core-libraries_ID5523/UART/src/debug.o
                0x0000000008018250                itoa
 .text.DebugSerialPutChar
                0x000000000801833c       0x34 .pioenvs/OpenIMU300ZA/lib001/openimu-core-libraries_ID5523/UART/src/debug_usart.o
                0x000000000801833c                DebugSerialPutChar
 .text.DebugSerialReadLine
                0x0000000008018370      0x128 .pioenvs/OpenIMU300ZA/lib001/openimu-core-libraries_ID5523/UART/src/debug_usart.o
                0x0000000008018370                DebugSerialReadLine
 .text.IsDebugSerialIdle
                0x0000000008018498       0x20 .pioenvs/OpenIMU300ZA/lib001/openimu-core-libraries_ID5523/UART/src/debug_usart.o
                0x0000000008018498                IsDebugSerialIdle
 .text.InitDebugSerialCommunication
                0x00000000080184b8      0x10c .pioenvs/OpenIMU300ZA/lib001/openimu-core-libraries_ID5523/UART/src/debug_usart.o
                0x00000000080184b8                InitDebugSerialCommunication
 .text.USART1_IRQHandler
                0x00000000080185c4       0xbc .pioenvs/OpenIMU300ZA/lib001/openimu-core-libraries_ID5523/UART/src/debug_usart.o
                0x00000000080185c4                USART1_IRQHandler
 .text.uart_init
                0x0000000008018680      0x154 .pioenvs/OpenIMU300ZA/lib001/openimu-core-libraries_ID5523/UART/src/uart.o
                0x0000000008018680                uart_init
 .text.uart_write
                0x00000000080187d4       0x38 .pioenvs/OpenIMU300ZA/lib001/openimu-core-libraries_ID5523/UART/src/uart.o
                0x00000000080187d4                uart_write
 .text.uart_isr
                0x000000000801880c      0x120 .pioenvs/OpenIMU300ZA/lib001/openimu-core-libraries_ID5523/UART/src/uart.o
                0x000000000801880c                uart_isr
 .text.UART4_IRQHandler
                0x000000000801892c       0x48 .pioenvs/OpenIMU300ZA/lib001/openimu-core-libraries_ID5523/UART/src/uart.o
                0x000000000801892c                UART4_IRQHandler
 .text.UART5_IRQHandler
                0x0000000008018974       0x48 .pioenvs/OpenIMU300ZA/lib001/openimu-core-libraries_ID5523/UART/src/uart.o
                0x0000000008018974                UART5_IRQHandler
 .text.bytes_remaining
                0x00000000080189bc       0x4c .pioenvs/OpenIMU300ZA/lib001/openimu-core-libraries_ID5523/UART/src/uart.o
                0x00000000080189bc                bytes_remaining
 .text.CmdPrintPrompt
                0x0000000008018a08       0x34 .pioenvs/OpenIMU300ZA/libcc5/CLI/commandLine.o
                0x0000000008018a08                CmdPrintPrompt
 .text.CmdLineLookup
                0x0000000008018a3c       0x58 .pioenvs/OpenIMU300ZA/libcc5/CLI/commandLine.o
                0x0000000008018a3c                CmdLineLookup
 .text._ExecLine
                0x0000000008018a94       0x2c .pioenvs/OpenIMU300ZA/libcc5/CLI/commandLine.o
 .text._Dispatch
                0x0000000008018ac0       0x78 .pioenvs/OpenIMU300ZA/libcc5/CLI/commandLine.o
 .text._CmdHelp
                0x0000000008018b38       0x6c .pioenvs/OpenIMU300ZA/libcc5/CLI/commandLine.o
 .text.TaskCommandLine
                0x0000000008018ba4       0x2c .pioenvs/OpenIMU300ZA/libcc5/CLI/commandLine.o
                0x0000000008018ba4                TaskCommandLine
 .text.CmdVersion
                0x0000000008018bd0       0x48 .pioenvs/OpenIMU300ZA/libcc5/CLI/commands.o
                0x0000000008018bd0                CmdVersion
 .text.CmdReadAccelerometer
                0x0000000008018c18       0x80 .pioenvs/OpenIMU300ZA/libcc5/CLI/commands.o
                0x0000000008018c18                CmdReadAccelerometer
 .text.CmdReadGyro
                0x0000000008018c98       0x80 .pioenvs/OpenIMU300ZA/libcc5/CLI/commands.o
                0x0000000008018c98                CmdReadGyro
 .text.CmdReadMagnetometer
                0x0000000008018d18       0x80 .pioenvs/OpenIMU300ZA/libcc5/CLI/commands.o
                0x0000000008018d18                CmdReadMagnetometer
 .text.getBuildInfo
                0x0000000008018d98       0x14 .pioenvs/OpenIMU300ZA/src/main.o
                0x0000000008018d98                getBuildInfo
 .text.DebugInterfaceInit
                0x0000000008018dac       0x4c .pioenvs/OpenIMU300ZA/src/main.o
                0x0000000008018dac                DebugInterfaceInit
 .text.CreateTasks
                0x0000000008018df8      0x120 .pioenvs/OpenIMU300ZA/src/main.o
                0x0000000008018df8                CreateTasks
 .text.main     0x0000000008018f18       0x1e .pioenvs/OpenIMU300ZA/src/main.o
                0x0000000008018f18                main
 .text.vApplicationStackOverflowHook
                0x0000000008018f36        0x6 .pioenvs/OpenIMU300ZA/src/main.o
                0x0000000008018f36                vApplicationStackOverflowHook
 .text.vApplicationMallocFailedHook
                0x0000000008018f3c        0x6 .pioenvs/OpenIMU300ZA/src/main.o
                0x0000000008018f3c                vApplicationMallocFailedHook
 *fill*         0x0000000008018f42        0x2 
 .text.getDacqTime
                0x0000000008018f44       0x18 .pioenvs/OpenIMU300ZA/src/taskDataAcquisition.o
                0x0000000008018f44                getDacqTime
 .text.TaskDataAcquisition
                0x0000000008018f5c       0x7c .pioenvs/OpenIMU300ZA/src/taskDataAcquisition.o
                0x0000000008018f5c                TaskDataAcquisition
 .text.InitUserAlgorithm
                0x0000000008018fd8       0x12 .pioenvs/OpenIMU300ZA/src/user/UserAlgorithm.o
                0x0000000008018fd8                InitUserAlgorithm
 *fill*         0x0000000008018fea        0x6 
 .text.RunUserNavAlgorithm
                0x0000000008018ff0      0x234 .pioenvs/OpenIMU300ZA/src/user/UserAlgorithm.o
                0x0000000008018ff0                RunUserNavAlgorithm
 *fill*         0x0000000008019224        0x4 
 .text.Leveler_GetAttitude_EA
                0x0000000008019228       0x74 .pioenvs/OpenIMU300ZA/src/user/UserAlgorithm.o
                0x0000000008019228                Leveler_GetAttitude_EA
 .text.Leveler_SetExeFreq
                0x000000000801929c       0x20 .pioenvs/OpenIMU300ZA/src/user/UserAlgorithm.o
                0x000000000801929c                Leveler_SetExeFreq
 .text.Leveler_InitializeDataStruct
                0x00000000080192bc       0x6c .pioenvs/OpenIMU300ZA/src/user/UserAlgorithm.o
                0x00000000080192bc                Leveler_InitializeDataStruct
 .text.userInitConfigureUnit
                0x0000000008019328       0xec .pioenvs/OpenIMU300ZA/src/user/UserConfiguration.o
                0x0000000008019328                userInitConfigureUnit
 .text.UpdateSystemParameter
                0x0000000008019414       0xdc .pioenvs/OpenIMU300ZA/src/user/UserConfiguration.o
                0x0000000008019414                UpdateSystemParameter
 .text.UpdateUserParameter
                0x00000000080194f0       0x4c .pioenvs/OpenIMU300ZA/src/user/UserConfiguration.o
                0x00000000080194f0                UpdateUserParameter
 .text.UpdateUserConfig
                0x000000000801953c      0x166 .pioenvs/OpenIMU300ZA/src/user/UserConfiguration.o
                0x000000000801953c                UpdateUserConfig
 .text.UpdateUserParam
                0x00000000080196a2       0xce .pioenvs/OpenIMU300ZA/src/user/UserConfiguration.o
                0x00000000080196a2                UpdateUserParam
 .text.UpdateAllUserParams
                0x0000000008019770      0x13e .pioenvs/OpenIMU300ZA/src/user/UserConfiguration.o
                0x0000000008019770                UpdateAllUserParams
 *fill*         0x00000000080198ae        0x2 
 .text.GetUserConfig
                0x00000000080198b0       0xd8 .pioenvs/OpenIMU300ZA/src/user/UserConfiguration.o
                0x00000000080198b0                GetUserConfig
 .text.GetUserParam
                0x0000000008019988       0x7c .pioenvs/OpenIMU300ZA/src/user/UserConfiguration.o
                0x0000000008019988                GetUserParam
 .text.GetAllUserParams
                0x0000000008019a04       0x64 .pioenvs/OpenIMU300ZA/src/user/UserConfiguration.o
                0x0000000008019a04                GetAllUserParams
 .text.SaveUserConfig
                0x0000000008019a68       0x2c .pioenvs/OpenIMU300ZA/src/user/UserConfiguration.o
                0x0000000008019a68                SaveUserConfig
 .text.RestoreDefaultUserConfig
                0x0000000008019a94       0x48 .pioenvs/OpenIMU300ZA/src/user/UserConfiguration.o
                0x0000000008019a94                RestoreDefaultUserConfig
 .text.checkUserPacketType
                0x0000000008019adc       0xa8 .pioenvs/OpenIMU300ZA/src/user/UserMessaging.o
                0x0000000008019adc                checkUserPacketType
 .text.userPacketTypeToBytes
                0x0000000008019b84       0xa0 .pioenvs/OpenIMU300ZA/src/user/UserMessaging.o
                0x0000000008019b84                userPacketTypeToBytes
 .text.setUserPacketType
                0x0000000008019c24       0xcc .pioenvs/OpenIMU300ZA/src/user/UserMessaging.o
                0x0000000008019c24                setUserPacketType
 .text.getUserPayloadLength
                0x0000000008019cf0       0x18 .pioenvs/OpenIMU300ZA/src/user/UserMessaging.o
                0x0000000008019cf0                getUserPayloadLength
 .text.HandleUserInputPacket
                0x0000000008019d08      0x18c .pioenvs/OpenIMU300ZA/src/user/UserMessaging.o
                0x0000000008019d08                HandleUserInputPacket
 *fill*         0x0000000008019e94        0x4 
 .text.HandleUserOutputPacket
                0x0000000008019e98      0x26c .pioenvs/OpenIMU300ZA/src/user/UserMessaging.o
                0x0000000008019e98                HandleUserOutputPacket
 .text.WriteResultsIntoOutputStream
                0x000000000801a104       0x20 .pioenvs/OpenIMU300ZA/src/user/UserMessaging.o
                0x000000000801a104                WriteResultsIntoOutputStream
 .text.initUserDataProcessingEngine
                0x000000000801a124        0xc .pioenvs/OpenIMU300ZA/src/user/dataProcessingAndPresentation.o
                0x000000000801a124                initUserDataProcessingEngine
 .text.inertialAndPositionDataProcessing
                0x000000000801a130       0x68 .pioenvs/OpenIMU300ZA/src/user/dataProcessingAndPresentation.o
                0x000000000801a130                inertialAndPositionDataProcessing
 .text._malloc_r
                0x000000000801a198      0x548 /Users/ikravets/.platformio/packages/toolchain-gccarmnoneeabi/bin/../lib/gcc/arm-none-eabi/7.2.1/../../../../arm-none-eabi/lib/thumb/v7e-m/libc.a(lib_a-mallocr.o)
                0x000000000801a198                _malloc_r
 .text.memmove  0x000000000801a6e0       0xc8 /Users/ikravets/.platformio/packages/toolchain-gccarmnoneeabi/bin/../lib/gcc/arm-none-eabi/7.2.1/../../../../arm-none-eabi/lib/thumb/v7e-m/libc.a(lib_a-memmove.o)
                0x000000000801a6e0                memmove
 .text.memset   0x000000000801a7a8       0x94 /Users/ikravets/.platformio/packages/toolchain-gccarmnoneeabi/bin/../lib/gcc/arm-none-eabi/7.2.1/../../../../arm-none-eabi/lib/thumb/v7e-m/libc.a(lib_a-memset.o)
                0x000000000801a7a8                memset
 .text.__malloc_lock
                0x000000000801a83c        0xc /Users/ikravets/.platformio/packages/toolchain-gccarmnoneeabi/bin/../lib/gcc/arm-none-eabi/7.2.1/../../../../arm-none-eabi/lib/thumb/v7e-m/libc.a(lib_a-mlock.o)
                0x000000000801a83c                __malloc_lock
 .text.__malloc_unlock
                0x000000000801a848        0xc /Users/ikravets/.platformio/packages/toolchain-gccarmnoneeabi/bin/../lib/gcc/arm-none-eabi/7.2.1/../../../../arm-none-eabi/lib/thumb/v7e-m/libc.a(lib_a-mlock.o)
                0x000000000801a848                __malloc_unlock
 .text._sbrk_r  0x000000000801a854       0x24 /Users/ikravets/.platformio/packages/toolchain-gccarmnoneeabi/bin/../lib/gcc/arm-none-eabi/7.2.1/../../../../arm-none-eabi/lib/thumb/v7e-m/libc.a(lib_a-sbrkr.o)
                0x000000000801a854                _sbrk_r
 .text.snprintf
                0x000000000801a878       0x90 /Users/ikravets/.platformio/packages/toolchain-gccarmnoneeabi/bin/../lib/gcc/arm-none-eabi/7.2.1/../../../../arm-none-eabi/lib/thumb/v7e-m/libc.a(lib_a-snprintf.o)
                0x000000000801a878                snprintf
 .text.sprintf  0x000000000801a908       0x44 /Users/ikravets/.platformio/packages/toolchain-gccarmnoneeabi/bin/../lib/gcc/arm-none-eabi/7.2.1/../../../../arm-none-eabi/lib/thumb/v7e-m/libc.a(lib_a-sprintf.o)
                0x000000000801a908                sprintf
 .text._strtol_l.isra.0
                0x000000000801a94c      0x124 /Users/ikravets/.platformio/packages/toolchain-gccarmnoneeabi/bin/../lib/gcc/arm-none-eabi/7.2.1/../../../../arm-none-eabi/lib/thumb/v7e-m/libc.a(lib_a-strtol.o)
 .text.strtol   0x000000000801aa70       0x2c /Users/ikravets/.platformio/packages/toolchain-gccarmnoneeabi/bin/../lib/gcc/arm-none-eabi/7.2.1/../../../../arm-none-eabi/lib/thumb/v7e-m/libc.a(lib_a-strtol.o)
                0x000000000801aa70                strtol
 .text._svfprintf_r
                0x000000000801aa9c     0x14a0 /Users/ikravets/.platformio/packages/toolchain-gccarmnoneeabi/bin/../lib/gcc/arm-none-eabi/7.2.1/../../../../arm-none-eabi/lib/thumb/v7e-m/libc.a(lib_a-svfprintf.o)
                0x000000000801aa9c                _svfprintf_r
 .text.quorem   0x000000000801bf3c      0x124 /Users/ikravets/.platformio/packages/toolchain-gccarmnoneeabi/bin/../lib/gcc/arm-none-eabi/7.2.1/../../../../arm-none-eabi/lib/thumb/v7e-m/libc.a(lib_a-dtoa.o)
 .text._dtoa_r  0x000000000801c060      0xdf0 /Users/ikravets/.platformio/packages/toolchain-gccarmnoneeabi/bin/../lib/gcc/arm-none-eabi/7.2.1/../../../../arm-none-eabi/lib/thumb/v7e-m/libc.a(lib_a-dtoa.o)
                0x000000000801c060                _dtoa_r
 .text._malloc_trim_r
                0x000000000801ce50       0xa0 /Users/ikravets/.platformio/packages/toolchain-gccarmnoneeabi/bin/../lib/gcc/arm-none-eabi/7.2.1/../../../../arm-none-eabi/lib/thumb/v7e-m/libc.a(lib_a-freer.o)
                0x000000000801ce50                _malloc_trim_r
 .text._free_r  0x000000000801cef0      0x1e8 /Users/ikravets/.platformio/packages/toolchain-gccarmnoneeabi/bin/../lib/gcc/arm-none-eabi/7.2.1/../../../../arm-none-eabi/lib/thumb/v7e-m/libc.a(lib_a-freer.o)
                0x000000000801cef0                _free_r
 .text.__locale_ctype_ptr_l
                0x000000000801d0d8        0x8 /Users/ikravets/.platformio/packages/toolchain-gccarmnoneeabi/bin/../lib/gcc/arm-none-eabi/7.2.1/../../../../arm-none-eabi/lib/thumb/v7e-m/libc.a(lib_a-locale.o)
                0x000000000801d0d8                __locale_ctype_ptr_l
 .text._localeconv_r
                0x000000000801d0e0       0x1c /Users/ikravets/.platformio/packages/toolchain-gccarmnoneeabi/bin/../lib/gcc/arm-none-eabi/7.2.1/../../../../arm-none-eabi/lib/thumb/v7e-m/libc.a(lib_a-localeconv.o)
                0x000000000801d0e0                _localeconv_r
 .text.__retarget_lock_acquire_recursive
                0x000000000801d0fc        0x4 /Users/ikravets/.platformio/packages/toolchain-gccarmnoneeabi/bin/../lib/gcc/arm-none-eabi/7.2.1/../../../../arm-none-eabi/lib/thumb/v7e-m/libc.a(lib_a-lock.o)
                0x000000000801d0fc                __retarget_lock_acquire_recursive
 .text.__retarget_lock_release_recursive
                0x000000000801d100        0x4 /Users/ikravets/.platformio/packages/toolchain-gccarmnoneeabi/bin/../lib/gcc/arm-none-eabi/7.2.1/../../../../arm-none-eabi/lib/thumb/v7e-m/libc.a(lib_a-lock.o)
                0x000000000801d100                __retarget_lock_release_recursive
 .text.__ascii_mbtowc
                0x000000000801d104       0x2c /Users/ikravets/.platformio/packages/toolchain-gccarmnoneeabi/bin/../lib/gcc/arm-none-eabi/7.2.1/../../../../arm-none-eabi/lib/thumb/v7e-m/libc.a(lib_a-mbtowc_r.o)
                0x000000000801d104                __ascii_mbtowc
 .text._Balloc  0x000000000801d130       0x4c /Users/ikravets/.platformio/packages/toolchain-gccarmnoneeabi/bin/../lib/gcc/arm-none-eabi/7.2.1/../../../../arm-none-eabi/lib/thumb/v7e-m/libc.a(lib_a-mprec.o)
                0x000000000801d130                _Balloc
 .text._Bfree   0x000000000801d17c       0x14 /Users/ikravets/.platformio/packages/toolchain-gccarmnoneeabi/bin/../lib/gcc/arm-none-eabi/7.2.1/../../../../arm-none-eabi/lib/thumb/v7e-m/libc.a(lib_a-mprec.o)
                0x000000000801d17c                _Bfree
 .text.__multadd
                0x000000000801d190       0x80 /Users/ikravets/.platformio/packages/toolchain-gccarmnoneeabi/bin/../lib/gcc/arm-none-eabi/7.2.1/../../../../arm-none-eabi/lib/thumb/v7e-m/libc.a(lib_a-mprec.o)
                0x000000000801d190                __multadd
 .text.__hi0bits
                0x000000000801d210       0x40 /Users/ikravets/.platformio/packages/toolchain-gccarmnoneeabi/bin/../lib/gcc/arm-none-eabi/7.2.1/../../../../arm-none-eabi/lib/thumb/v7e-m/libc.a(lib_a-mprec.o)
                0x000000000801d210                __hi0bits
 .text.__lo0bits
                0x000000000801d250       0x60 /Users/ikravets/.platformio/packages/toolchain-gccarmnoneeabi/bin/../lib/gcc/arm-none-eabi/7.2.1/../../../../arm-none-eabi/lib/thumb/v7e-m/libc.a(lib_a-mprec.o)
                0x000000000801d250                __lo0bits
 .text.__i2b    0x000000000801d2b0       0x14 /Users/ikravets/.platformio/packages/toolchain-gccarmnoneeabi/bin/../lib/gcc/arm-none-eabi/7.2.1/../../../../arm-none-eabi/lib/thumb/v7e-m/libc.a(lib_a-mprec.o)
                0x000000000801d2b0                __i2b
 .text.__multiply
                0x000000000801d2c4      0x14c /Users/ikravets/.platformio/packages/toolchain-gccarmnoneeabi/bin/../lib/gcc/arm-none-eabi/7.2.1/../../../../arm-none-eabi/lib/thumb/v7e-m/libc.a(lib_a-mprec.o)
                0x000000000801d2c4                __multiply
 .text.__pow5mult
                0x000000000801d410       0xa0 /Users/ikravets/.platformio/packages/toolchain-gccarmnoneeabi/bin/../lib/gcc/arm-none-eabi/7.2.1/../../../../arm-none-eabi/lib/thumb/v7e-m/libc.a(lib_a-mprec.o)
                0x000000000801d410                __pow5mult
 .text.__lshift
                0x000000000801d4b0       0xac /Users/ikravets/.platformio/packages/toolchain-gccarmnoneeabi/bin/../lib/gcc/arm-none-eabi/7.2.1/../../../../arm-none-eabi/lib/thumb/v7e-m/libc.a(lib_a-mprec.o)
                0x000000000801d4b0                __lshift
 .text.__mcmp   0x000000000801d55c       0x38 /Users/ikravets/.platformio/packages/toolchain-gccarmnoneeabi/bin/../lib/gcc/arm-none-eabi/7.2.1/../../../../arm-none-eabi/lib/thumb/v7e-m/libc.a(lib_a-mprec.o)
                0x000000000801d55c                __mcmp
 .text.__mdiff  0x000000000801d594       0xec /Users/ikravets/.platformio/packages/toolchain-gccarmnoneeabi/bin/../lib/gcc/arm-none-eabi/7.2.1/../../../../arm-none-eabi/lib/thumb/v7e-m/libc.a(lib_a-mprec.o)
                0x000000000801d594                __mdiff
 .text.__d2b    0x000000000801d680       0xb0 /Users/ikravets/.platformio/packages/toolchain-gccarmnoneeabi/bin/../lib/gcc/arm-none-eabi/7.2.1/../../../../arm-none-eabi/lib/thumb/v7e-m/libc.a(lib_a-mprec.o)
                0x000000000801d680                __d2b
 .text.__ssprint_r
                0x000000000801d730       0xf4 /Users/ikravets/.platformio/packages/toolchain-gccarmnoneeabi/bin/../lib/gcc/arm-none-eabi/7.2.1/../../../../arm-none-eabi/lib/thumb/v7e-m/libc.a(lib_a-svfiprintf.o)
                0x000000000801d730                __ssprint_r
 .text.__ascii_wctomb
                0x000000000801d824       0x1c /Users/ikravets/.platformio/packages/toolchain-gccarmnoneeabi/bin/../lib/gcc/arm-none-eabi/7.2.1/../../../../arm-none-eabi/lib/thumb/v7e-m/libc.a(lib_a-wctomb_r.o)
                0x000000000801d824                __ascii_wctomb
 .text._calloc_r
                0x000000000801d840       0x68 /Users/ikravets/.platformio/packages/toolchain-gccarmnoneeabi/bin/../lib/gcc/arm-none-eabi/7.2.1/../../../../arm-none-eabi/lib/thumb/v7e-m/libc.a(lib_a-callocr.o)
                0x000000000801d840                _calloc_r
 .text._realloc_r
                0x000000000801d8a8      0x35c /Users/ikravets/.platformio/packages/toolchain-gccarmnoneeabi/bin/../lib/gcc/arm-none-eabi/7.2.1/../../../../arm-none-eabi/lib/thumb/v7e-m/libc.a(lib_a-reallocr.o)
                0x000000000801d8a8                _realloc_r
 .text.cos      0x000000000801dc04       0x94 /Users/ikravets/.platformio/packages/toolchain-gccarmnoneeabi/bin/../lib/gcc/arm-none-eabi/7.2.1/../../../../arm-none-eabi/lib/thumb/v7e-m/libm.a(lib_a-s_cos.o)
                0x000000000801dc04                cos
 .text.floor    0x000000000801dc98      0x108 /Users/ikravets/.platformio/packages/toolchain-gccarmnoneeabi/bin/../lib/gcc/arm-none-eabi/7.2.1/../../../../arm-none-eabi/lib/thumb/v7e-m/libm.a(lib_a-s_floor.o)
                0x000000000801dc98                floor
 .text.sin      0x000000000801dda0       0x88 /Users/ikravets/.platformio/packages/toolchain-gccarmnoneeabi/bin/../lib/gcc/arm-none-eabi/7.2.1/../../../../arm-none-eabi/lib/thumb/v7e-m/libm.a(lib_a-s_sin.o)
                0x000000000801dda0                sin
 .text.asin     0x000000000801de28       0xa4 /Users/ikravets/.platformio/packages/toolchain-gccarmnoneeabi/bin/../lib/gcc/arm-none-eabi/7.2.1/../../../../arm-none-eabi/lib/thumb/v7e-m/libm.a(lib_a-w_asin.o)
                0x000000000801de28                asin
 .text.atan2    0x000000000801decc        0x4 /Users/ikravets/.platformio/packages/toolchain-gccarmnoneeabi/bin/../lib/gcc/arm-none-eabi/7.2.1/../../../../arm-none-eabi/lib/thumb/v7e-m/libm.a(lib_a-w_atan2.o)
                0x000000000801decc                atan2
 .text.sqrt     0x000000000801ded0       0xbc /Users/ikravets/.platformio/packages/toolchain-gccarmnoneeabi/bin/../lib/gcc/arm-none-eabi/7.2.1/../../../../arm-none-eabi/lib/thumb/v7e-m/libm.a(lib_a-w_sqrt.o)
                0x000000000801ded0                sqrt
 *fill*         0x000000000801df8c        0x4 
 .text.__ieee754_asin
                0x000000000801df90      0x474 /Users/ikravets/.platformio/packages/toolchain-gccarmnoneeabi/bin/../lib/gcc/arm-none-eabi/7.2.1/../../../../arm-none-eabi/lib/thumb/v7e-m/libm.a(lib_a-e_asin.o)
                0x000000000801df90                __ieee754_asin
 *fill*         0x000000000801e404        0x4 
 .text.__ieee754_atan2
                0x000000000801e408      0x1b4 /Users/ikravets/.platformio/packages/toolchain-gccarmnoneeabi/bin/../lib/gcc/arm-none-eabi/7.2.1/../../../../arm-none-eabi/lib/thumb/v7e-m/libm.a(lib_a-e_atan2.o)
                0x000000000801e408                __ieee754_atan2
 *fill*         0x000000000801e5bc        0x4 
 .text.__ieee754_rem_pio2
                0x000000000801e5c0      0x43c /Users/ikravets/.platformio/packages/toolchain-gccarmnoneeabi/bin/../lib/gcc/arm-none-eabi/7.2.1/../../../../arm-none-eabi/lib/thumb/v7e-m/libm.a(lib_a-e_rem_pio2.o)
                0x000000000801e5c0                __ieee754_rem_pio2
 .text.__ieee754_sqrt
                0x000000000801e9fc      0x184 /Users/ikravets/.platformio/packages/toolchain-gccarmnoneeabi/bin/../lib/gcc/arm-none-eabi/7.2.1/../../../../arm-none-eabi/lib/thumb/v7e-m/libm.a(lib_a-e_sqrt.o)
                0x000000000801e9fc                __ieee754_sqrt
 .text.__kernel_cos
                0x000000000801eb80      0x248 /Users/ikravets/.platformio/packages/toolchain-gccarmnoneeabi/bin/../lib/gcc/arm-none-eabi/7.2.1/../../../../arm-none-eabi/lib/thumb/v7e-m/libm.a(lib_a-k_cos.o)
                0x000000000801eb80                __kernel_cos
 .text.__kernel_rem_pio2
                0x000000000801edc8      0x840 /Users/ikravets/.platformio/packages/toolchain-gccarmnoneeabi/bin/../lib/gcc/arm-none-eabi/7.2.1/../../../../arm-none-eabi/lib/thumb/v7e-m/libm.a(lib_a-k_rem_pio2.o)
                0x000000000801edc8                __kernel_rem_pio2
 .text.__kernel_sin
                0x000000000801f608      0x16c /Users/ikravets/.platformio/packages/toolchain-gccarmnoneeabi/bin/../lib/gcc/arm-none-eabi/7.2.1/../../../../arm-none-eabi/lib/thumb/v7e-m/libm.a(lib_a-k_sin.o)
                0x000000000801f608                __kernel_sin
 *fill*         0x000000000801f774        0x4 
 .text.atan     0x000000000801f778      0x31c /Users/ikravets/.platformio/packages/toolchain-gccarmnoneeabi/bin/../lib/gcc/arm-none-eabi/7.2.1/../../../../arm-none-eabi/lib/thumb/v7e-m/libm.a(lib_a-s_atan.o)
                0x000000000801f778                atan
 .text.fabs     0x000000000801fa94        0x8 /Users/ikravets/.platformio/packages/toolchain-gccarmnoneeabi/bin/../lib/gcc/arm-none-eabi/7.2.1/../../../../arm-none-eabi/lib/thumb/v7e-m/libm.a(lib_a-s_fabs.o)
                0x000000000801fa94                fabs
 .text.matherr  0x000000000801fa9c        0x4 /Users/ikravets/.platformio/packages/toolchain-gccarmnoneeabi/bin/../lib/gcc/arm-none-eabi/7.2.1/../../../../arm-none-eabi/lib/thumb/v7e-m/libm.a(lib_a-s_matherr.o)
                0x000000000801fa9c                matherr
 .text.nan      0x000000000801faa0        0xc /Users/ikravets/.platformio/packages/toolchain-gccarmnoneeabi/bin/../lib/gcc/arm-none-eabi/7.2.1/../../../../arm-none-eabi/lib/thumb/v7e-m/libm.a(lib_a-s_nan.o)
                0x000000000801faa0                nan
 *fill*         0x000000000801faac        0x4 
 .text.scalbn   0x000000000801fab0       0xfc /Users/ikravets/.platformio/packages/toolchain-gccarmnoneeabi/bin/../lib/gcc/arm-none-eabi/7.2.1/../../../../arm-none-eabi/lib/thumb/v7e-m/libm.a(lib_a-s_scalbn.o)
                0x000000000801fab0                scalbn
 .text.copysign
                0x000000000801fbac       0x10 /Users/ikravets/.platformio/packages/toolchain-gccarmnoneeabi/bin/../lib/gcc/arm-none-eabi/7.2.1/../../../../arm-none-eabi/lib/thumb/v7e-m/libm.a(lib_a-s_copysign.o)
                0x000000000801fbac                copysign
 .text._sbrk    0x000000000801fbbc       0x1c /Users/ikravets/.platformio/packages/toolchain-gccarmnoneeabi/bin/../lib/gcc/arm-none-eabi/7.2.1/../../../../arm-none-eabi/lib/thumb/v7e-m/libnosys.a(sbrk.o)
                0x000000000801fbbc                _sbrk
 .text.updateBITandStatus
                0x000000000801fbd8      0x170 .piolibdeps/openimu-core-libraries_ID5523/Platform/libPlatform.a(BIT.o)
                0x000000000801fbd8                updateBITandStatus
 .text._handleComBIT
                0x000000000801fd48       0x7c .piolibdeps/openimu-core-libraries_ID5523/Platform/libPlatform.a(BIT.o)
                0x000000000801fd48                _handleComBIT
 .text.handleOverRange
                0x000000000801fdc4      0x298 .piolibdeps/openimu-core-libraries_ID5523/Platform/libPlatform.a(BIT.o)
                0x000000000801fdc4                handleOverRange
 .text.setPpsFlag