Archive member included to satisfy reference by file (symbol)

/Users/ikravets/.platformio/packages/toolchain-gccarmnoneeabi/bin/../lib/gcc/arm-none-eabi/7.2.1/../../../../arm-none-eabi/lib/thumb/v7e-m/libc.a(lib_a-atof.o)
                              .pioenvs/OpenIMU300ZA/lib2e8/openimu-core-libraries_ID5523/GPS/src/processNMEAGPS.o (atof)
/Users/ikravets/.platformio/packages/toolchain-gccarmnoneeabi/bin/../lib/gcc/arm-none-eabi/7.2.1/../../../../arm-none-eabi/lib/thumb/v7e-m/libc.a(lib_a-atoi.o)
                              .pioenvs/OpenIMU300ZA/lib342/CLI/commandLine.o (atoi)
/Users/ikravets/.platformio/packages/toolchain-gccarmnoneeabi/bin/../lib/gcc/arm-none-eabi/7.2.1/../../../../arm-none-eabi/lib/thumb/v7e-m/libc.a(lib_a-malloc.o)
                              .pioenvs/OpenIMU300ZA/lib2e8/openimu-core-libraries_ID5523/Filter/src/filter.o (free)
/Users/ikravets/.platformio/packages/toolchain-gccarmnoneeabi/bin/../lib/gcc/arm-none-eabi/7.2.1/../../../../arm-none-eabi/lib/thumb/v7e-m/libc.a(lib_a-mallocr.o)
                              /Users/ikravets/.platformio/packages/toolchain-gccarmnoneeabi/bin/../lib/gcc/arm-none-eabi/7.2.1/../../../../arm-none-eabi/lib/thumb/v7e-m/libc.a(lib_a-malloc.o) (_malloc_r)
/Users/ikravets/.platformio/packages/toolchain-gccarmnoneeabi/bin/../lib/gcc/arm-none-eabi/7.2.1/../../../../arm-none-eabi/lib/thumb/v7e-m/libc.a(lib_a-memcpy.o)
                              .pioenvs/OpenIMU300ZA/lib2e8/openimu-core-libraries_ID5523/Algorithm/src/WorldMagneticModel.o (memcpy)
/Users/ikravets/.platformio/packages/toolchain-gccarmnoneeabi/bin/../lib/gcc/arm-none-eabi/7.2.1/../../../../arm-none-eabi/lib/thumb/v7e-m/libc.a(lib_a-memmove.o)
                              .pioenvs/OpenIMU300ZA/lib2e8/openimu-core-libraries_ID5523/Filter/src/filter.o (memmove)
/Users/ikravets/.platformio/packages/toolchain-gccarmnoneeabi/bin/../lib/gcc/arm-none-eabi/7.2.1/../../../../arm-none-eabi/lib/thumb/v7e-m/libc.a(lib_a-memset.o)
                              .pioenvs/OpenIMU300ZA/lib2e8/openimu-core-libraries_ID5523/Algorithm/src/PredictFunctions.o (memset)
/Users/ikravets/.platformio/packages/toolchain-gccarmnoneeabi/bin/../lib/gcc/arm-none-eabi/7.2.1/../../../../arm-none-eabi/lib/thumb/v7e-m/libc.a(lib_a-mlock.o)
                              /Users/ikravets/.platformio/packages/toolchain-gccarmnoneeabi/bin/../lib/gcc/arm-none-eabi/7.2.1/../../../../arm-none-eabi/lib/thumb/v7e-m/libc.a(lib_a-mallocr.o) (__malloc_lock)
/Users/ikravets/.platformio/packages/toolchain-gccarmnoneeabi/bin/../lib/gcc/arm-none-eabi/7.2.1/../../../../arm-none-eabi/lib/thumb/v7e-m/libc.a(lib_a-sbrkr.o)
                              /Users/ikravets/.platformio/packages/toolchain-gccarmnoneeabi/bin/../lib/gcc/arm-none-eabi/7.2.1/../../../../arm-none-eabi/lib/thumb/v7e-m/libc.a(lib_a-mallocr.o) (_sbrk_r)
/Users/ikravets/.platformio/packages/toolchain-gccarmnoneeabi/bin/../lib/gcc/arm-none-eabi/7.2.1/../../../../arm-none-eabi/lib/thumb/v7e-m/libc.a(lib_a-snprintf.o)
                              .pioenvs/OpenIMU300ZA/lib342/CLI/commands.o (snprintf)
/Users/ikravets/.platformio/packages/toolchain-gccarmnoneeabi/bin/../lib/gcc/arm-none-eabi/7.2.1/../../../../arm-none-eabi/lib/thumb/v7e-m/libc.a(lib_a-sprintf.o)
                              .pioenvs/OpenIMU300ZA/lib342/CLI/commandLine.o (sprintf)
/Users/ikravets/.platformio/packages/toolchain-gccarmnoneeabi/bin/../lib/gcc/arm-none-eabi/7.2.1/../../../../arm-none-eabi/lib/thumb/v7e-m/libc.a(lib_a-strcpy.o)
                              .pioenvs/OpenIMU300ZA/lib2e8/openimu-core-libraries_ID5523/Algorithm/src/WorldMagneticModel.o (strcpy)
/Users/ikravets/.platformio/packages/toolchain-gccarmnoneeabi/bin/../lib/gcc/arm-none-eabi/7.2.1/../../../../arm-none-eabi/lib/thumb/v7e-m/libc.a(lib_a-strlen.o)
                              .pioenvs/OpenIMU300ZA/lib2e8/openimu-core-libraries_ID5523/GPS/src/processNovAtelGPS.o (strlen)
/Users/ikravets/.platformio/packages/toolchain-gccarmnoneeabi/bin/../lib/gcc/arm-none-eabi/7.2.1/../../../../arm-none-eabi/lib/thumb/v7e-m/libc.a(lib_a-strncmp.o)
                              .pioenvs/OpenIMU300ZA/lib2e8/openimu-core-libraries_ID5523/GPS/src/processNMEAGPS.o (strncmp)
/Users/ikravets/.platformio/packages/toolchain-gccarmnoneeabi/bin/../lib/gcc/arm-none-eabi/7.2.1/../../../../arm-none-eabi/lib/thumb/v7e-m/libc.a(lib_a-strtod.o)
                              /Users/ikravets/.platformio/packages/toolchain-gccarmnoneeabi/bin/../lib/gcc/arm-none-eabi/7.2.1/../../../../arm-none-eabi/lib/thumb/v7e-m/libc.a(lib_a-atof.o) (strtod)
/Users/ikravets/.platformio/packages/toolchain-gccarmnoneeabi/bin/../lib/gcc/arm-none-eabi/7.2.1/../../../../arm-none-eabi/lib/thumb/v7e-m/libc.a(lib_a-strtol.o)
                              /Users/ikravets/.platformio/packages/toolchain-gccarmnoneeabi/bin/../lib/gcc/arm-none-eabi/7.2.1/../../../../arm-none-eabi/lib/thumb/v7e-m/libc.a(lib_a-atoi.o) (_strtol_r)
[...]
Memory Configuration

Name             Origin             Length             Attributes
FLASH            0x0000000008010000 0x0000000000070000 xr
EEPROM           0x0000000008008000 0x0000000000004000 rw
USER_EEPROM      0x000000000800c000 0x0000000000004000 rw
RAM              0x0000000020000000 0x0000000000020000 xrw
*default*        0x0000000000000000 0xffffffffffffffff

Linker script and memory map

LOAD .pioenvs/OpenIMU300ZA/lib2e8/openimu-core-libraries_ID5523/Algorithm/src/EKF_Algorithm.o
LOAD .pioenvs/OpenIMU300ZA/lib2e8/openimu-core-libraries_ID5523/Algorithm/src/PredictFunctions.o
LOAD .pioenvs/OpenIMU300ZA/lib2e8/openimu-core-libraries_ID5523/Algorithm/src/SelectState.o
LOAD .pioenvs/OpenIMU300ZA/lib2e8/openimu-core-libraries_ID5523/Algorithm/src/TimingVars.o
LOAD .pioenvs/OpenIMU300ZA/lib2e8/openimu-core-libraries_ID5523/Algorithm/src/UpdateFunctions.o
LOAD .pioenvs/OpenIMU300ZA/lib2e8/openimu-core-libraries_ID5523/Algorithm/src/WorldMagneticModel.o
LOAD .pioenvs/OpenIMU300ZA/lib2e8/openimu-core-libraries_ID5523/BSP/src/bsp.o
LOAD .pioenvs/OpenIMU300ZA/lib2e8/openimu-core-libraries_ID5523/BSP/src/configureGPIO.o
LOAD .pioenvs/OpenIMU300ZA/lib2e8/openimu-core-libraries_ID5523/BSP/src/stm32f4xx_it.o
LOAD .pioenvs/OpenIMU300ZA/lib2e8/openimu-core-libraries_ID5523/BSP/src/watchdog.o
LOAD .pioenvs/OpenIMU300ZA/lib2e8/openimu-core-libraries_ID5523/CSL/src/misc.o
LOAD .pioenvs/OpenIMU300ZA/lib2e8/openimu-core-libraries_ID5523/CSL/src/stm32f4xx_adc.o
LOAD .pioenvs/OpenIMU300ZA/lib2e8/openimu-core-libraries_ID5523/CSL/src/stm32f4xx_can.o
LOAD .pioenvs/OpenIMU300ZA/lib2e8/openimu-core-libraries_ID5523/CSL/src/stm32f4xx_crc.o
LOAD .pioenvs/OpenIMU300ZA/lib2e8/openimu-core-libraries_ID5523/CSL/src/stm32f4xx_cryp.o
LOAD .pioenvs/OpenIMU300ZA/lib2e8/openimu-core-libraries_ID5523/CSL/src/stm32f4xx_cryp_aes.o
LOAD .pioenvs/OpenIMU300ZA/lib2e8/openimu-core-libraries_ID5523/CSL/src/stm32f4xx_cryp_des.o
LOAD .pioenvs/OpenIMU300ZA/lib2e8/openimu-core-libraries_ID5523/CSL/src/stm32f4xx_cryp_tdes.o
LOAD .pioenvs/OpenIMU300ZA/lib2e8/openimu-core-libraries_ID5523/CSL/src/stm32f4xx_dac.o
LOAD .pioenvs/OpenIMU300ZA/lib2e8/openimu-core-libraries_ID5523/CSL/src/stm32f4xx_dbgmcu.o
LOAD .pioenvs/OpenIMU300ZA/lib2e8/openimu-core-libraries_ID5523/CSL/src/stm32f4xx_dcmi.o
LOAD .pioenvs/OpenIMU300ZA/lib2e8/openimu-core-libraries_ID5523/CSL/src/stm32f4xx_dma.o
LOAD .pioenvs/OpenIMU300ZA/lib2e8/openimu-core-libraries_ID5523/CSL/src/stm32f4xx_exti.o
LOAD .pioenvs/OpenIMU300ZA/lib2e8/openimu-core-libraries_ID5523/CSL/src/stm32f4xx_flash.o
LOAD .pioenvs/OpenIMU300ZA/lib2e8/openimu-core-libraries_ID5523/CSL/src/stm32f4xx_fsmc.o
LOAD .pioenvs/OpenIMU300ZA/lib2e8/openimu-core-libraries_ID5523/CSL/src/stm32f4xx_gpio.o
LOAD .pioenvs/OpenIMU300ZA/lib2e8/openimu-core-libraries_ID5523/CSL/src/stm32f4xx_hash.o
LOAD .pioenvs/OpenIMU300ZA/lib2e8/openimu-core-libraries_ID5523/CSL/src/stm32f4xx_hash_md5.o
LOAD .pioenvs/OpenIMU300ZA/lib2e8/openimu-core-libraries_ID5523/CSL/src/stm32f4xx_hash_sha1.o
LOAD .pioenvs/OpenIMU300ZA/lib2e8/openimu-core-libraries_ID5523/CSL/src/stm32f4xx_i2c.o
LOAD .pioenvs/OpenIMU300ZA/lib2e8/openimu-core-libraries_ID5523/CSL/src/stm32f4xx_iwdg.o
LOAD .pioenvs/OpenIMU300ZA/lib2e8/openimu-core-libraries_ID5523/CSL/src/stm32f4xx_pwr.o
LOAD .pioenvs/OpenIMU300ZA/lib2e8/openimu-core-libraries_ID5523/CSL/src/stm32f4xx_rcc.o
LOAD .pioenvs/OpenIMU300ZA/lib2e8/openimu-core-libraries_ID5523/CSL/src/stm32f4xx_rng.o
LOAD .pioenvs/OpenIMU300ZA/lib2e8/openimu-core-libraries_ID5523/CSL/src/stm32f4xx_rtc.o
LOAD .pioenvs/OpenIMU300ZA/lib2e8/openimu-core-libraries_ID5523/CSL/src/stm32f4xx_sdio.o
LOAD .pioenvs/OpenIMU300ZA/lib2e8/openimu-core-libraries_ID5523/CSL/src/stm32f4xx_spi.o
LOAD .pioenvs/OpenIMU300ZA/lib2e8/openimu-core-libraries_ID5523/CSL/src/stm32f4xx_syscfg.o
LOAD .pioenvs/OpenIMU300ZA/lib2e8/openimu-core-libraries_ID5523/CSL/src/stm32f4xx_tim.o
LOAD .pioenvs/OpenIMU300ZA/lib2e8/openimu-core-libraries_ID5523/CSL/src/stm32f4xx_usart.o
LOAD .pioenvs/OpenIMU300ZA/lib2e8/openimu-core-libraries_ID5523/CSL/src/stm32f4xx_wwdg.o
LOAD .pioenvs/OpenIMU300ZA/lib2e8/openimu-core-libraries_ID5523/Common/src/utilities.o
LOAD .pioenvs/OpenIMU300ZA/lib2e8/openimu-core-libraries_ID5523/Filter/src/filter.o
LOAD .pioenvs/OpenIMU300ZA/lib2e8/openimu-core-libraries_ID5523/Filter/src/lowpass_filter.o
LOAD .pioenvs/OpenIMU300ZA/lib2e8/openimu-core-libraries_ID5523/FreeRtos/src/cmsis_os.o
LOAD .pioenvs/OpenIMU300ZA/lib2e8/openimu-core-libraries_ID5523/FreeRtos/src/croutine.o
LOAD .pioenvs/OpenIMU300ZA/lib2e8/openimu-core-libraries_ID5523/FreeRtos/src/event_groups.o
LOAD .pioenvs/OpenIMU300ZA/lib2e8/openimu-core-libraries_ID5523/FreeRtos/src/heap_1.o
LOAD .pioenvs/OpenIMU300ZA/lib2e8/openimu-core-libraries_ID5523/FreeRtos/src/list.o
LOAD .pioenvs/OpenIMU300ZA/lib2e8/openimu-core-libraries_ID5523/FreeRtos/src/port.o
LOAD .pioenvs/OpenIMU300ZA/lib2e8/openimu-core-libraries_ID5523/FreeRtos/src/port1.o
LOAD .pioenvs/OpenIMU300ZA/lib2e8/openimu-core-libraries_ID5523/FreeRtos/src/queue.o
LOAD .pioenvs/OpenIMU300ZA/lib2e8/openimu-core-libraries_ID5523/FreeRtos/src/startup_stm32f405xx.o
LOAD .pioenvs/OpenIMU300ZA/lib2e8/openimu-core-libraries_ID5523/FreeRtos/src/system_stm32f4xx.o
LOAD .pioenvs/OpenIMU300ZA/lib2e8/openimu-core-libraries_ID5523/FreeRtos/src/tasks.o
LOAD .pioenvs/OpenIMU300ZA/lib2e8/openimu-core-libraries_ID5523/FreeRtos/src/timers.o
LOAD .pioenvs/OpenIMU300ZA/lib2e8/openimu-core-libraries_ID5523/GPS/src/GPSgroudSpeedFilter.o
LOAD .pioenvs/OpenIMU300ZA/lib2e8/openimu-core-libraries_ID5523/GPS/src/driverGPS.o
LOAD .pioenvs/OpenIMU300ZA/lib2e8/openimu-core-libraries_ID5523/GPS/src/driverGPSAllEntrance.o
LOAD .pioenvs/OpenIMU300ZA/lib2e8/openimu-core-libraries_ID5523/GPS/src/processNMEAGPS.o
LOAD .pioenvs/OpenIMU300ZA/lib2e8/openimu-core-libraries_ID5523/GPS/src/processNovAtelGPS.o
LOAD .pioenvs/OpenIMU300ZA/lib2e8/openimu-core-libraries_ID5523/GPS/src/processSiRFGPS.o
LOAD .pioenvs/OpenIMU300ZA/lib2e8/openimu-core-libraries_ID5523/GPS/src/processUbloxGPS.o
LOAD .pioenvs/OpenIMU300ZA/lib2e8/openimu-core-libraries_ID5523/GPS/src/taskGps.o
LOAD .pioenvs/OpenIMU300ZA/lib2e8/openimu-core-libraries_ID5523/Math/src/MatrixMath.o
LOAD .pioenvs/OpenIMU300ZA/lib2e8/openimu-core-libraries_ID5523/Math/src/QuaternionMath.o
LOAD .pioenvs/OpenIMU300ZA/lib2e8/openimu-core-libraries_ID5523/Math/src/TransformationMath.o
LOAD .pioenvs/OpenIMU300ZA/lib2e8/openimu-core-libraries_ID5523/Math/src/VectorMath.o
LOAD .pioenvs/OpenIMU300ZA/lib2e8/openimu-core-libraries_ID5523/Math/src/qmath.o
LOAD .pioenvs/OpenIMU300ZA/lib2e8/openimu-core-libraries_ID5523/UART/src/debug.o
LOAD .pioenvs/OpenIMU300ZA/lib2e8/openimu-core-libraries_ID5523/UART/src/debug_usart.o
LOAD .pioenvs/OpenIMU300ZA/lib2e8/openimu-core-libraries_ID5523/UART/src/uart.o
LOAD .pioenvs/OpenIMU300ZA/lib342/CLI/commandLine.o
LOAD .pioenvs/OpenIMU300ZA/lib342/CLI/commands.o
LOAD .pioenvs/OpenIMU300ZA/src/main.o
LOAD .pioenvs/OpenIMU300ZA/src/taskDataAcquisition.o
LOAD .pioenvs/OpenIMU300ZA/src/user/UserAlgorithm.o
LOAD .pioenvs/OpenIMU300ZA/src/user/UserConfiguration.o
LOAD .pioenvs/OpenIMU300ZA/src/user/UserMessaging.o
LOAD .pioenvs/OpenIMU300ZA/src/user/dataProcessingAndPresentation.o
START GROUP
LOAD /Users/ikravets/.platformio/packages/toolchain-gccarmnoneeabi/bin/../lib/gcc/arm-none-eabi/7.2.1/../../../../arm-none-eabi/lib/thumb/v7e-m/libc.a
LOAD /Users/ikravets/.platformio/packages/toolchain-gccarmnoneeabi/bin/../lib/gcc/arm-none-eabi/7.2.1/thumb/v7e-m/libgcc.a
LOAD /Users/ikravets/.platformio/packages/toolchain-gccarmnoneeabi/bin/../lib/gcc/arm-none-eabi/7.2.1/../../../../arm-none-eabi/lib/thumb/v7e-m/libm.a
LOAD /Users/ikravets/.platformio/packages/toolchain-gccarmnoneeabi/bin/../lib/gcc/arm-none-eabi/7.2.1/../../../../arm-none-eabi/lib/thumb/v7e-m/libstdc++.a
LOAD /Users/ikravets/.platformio/packages/toolchain-gccarmnoneeabi/bin/../lib/gcc/arm-none-eabi/7.2.1/../../../../arm-none-eabi/lib/thumb/v7e-m/libnosys.a
LOAD .piolibdeps/openimu-core-libraries_ID5523/Platform/libPlatform.a
END GROUP
                0x000000002001ff00                _estack = 0x2001ff00
                0x0000000000002000                _Min_Heap_Size = 0x2000
                0x0000000000002000                _Min_Stack_Size = 0x2000

.isr_vector     0x0000000008010000      0x198
                0x0000000008010000                . = ALIGN (0x4)
 *(.isr_vector)
 .isr_vector    0x0000000008010000      0x198 .pioenvs/OpenIMU300ZA/lib2e8/openimu-core-libraries_ID5523/FreeRtos/src/startup_stm32f405xx.o
                0x0000000008010000                g_pfnVectors
                0x0000000008010198                . = ALIGN (0x4)

.text           0x00000000080101c0    0x27a4c
                0x00000000080101c0                . = ALIGN (0x4)
 *(.text)
 .text          0x00000000080101c0      0x134 /Users/ikravets/.platformio/packages/toolchain-gccarmnoneeabi/bin/../lib/gcc/arm-none-eabi/7.2.1/../../../../arm-none-eabi/lib/thumb/v7e-m/libc.a(lib_a-memcpy.o)
                0x00000000080101c0                memcpy
 *fill*         0x00000000080102f4        0xc 
 .text          0x0000000008010300       0xdc /Users/ikravets/.platformio/packages/toolchain-gccarmnoneeabi/bin/../lib/gcc/arm-none-eabi/7.2.1/../../../../arm-none-eabi/lib/thumb/v7e-m/libc.a(lib_a-strlen.o)
                0x0000000008010300                strlen
 *fill*         0x00000000080103dc        0x4 
 .text          0x00000000080103e0       0xa0 /Users/ikravets/.platformio/packages/toolchain-gccarmnoneeabi/bin/../lib/gcc/arm-none-eabi/7.2.1/../../../../arm-none-eabi/lib/thumb/v7e-m/libc.a(lib_a-memchr.o)
                0x00000000080103e0                memchr
 .text          0x0000000008010480      0x378 /Users/ikravets/.platformio/packages/toolchain-gccarmnoneeabi/bin/../lib/gcc/arm-none-eabi/7.2.1/thumb/v7e-m/libgcc.a(_arm_addsubdf3.o)
                0x0000000008010480                __aeabi_drsub
                0x0000000008010488                __subdf3
                0x0000000008010488                __aeabi_dsub
                0x000000000801048c                __aeabi_dadd
                0x000000000801048c                __adddf3
                0x0000000008010704                __aeabi_ui2d
                0x0000000008010704                __floatunsidf
                0x0000000008010724                __floatsidf
                0x0000000008010724                __aeabi_i2d
                0x0000000008010748                __extendsfdf2
                0x0000000008010748                __aeabi_f2d
                0x000000000801078c                __aeabi_ul2d
                0x000000000801078c                __floatundidf
                0x000000000801079c                __aeabi_l2d
                0x000000000801079c                __floatdidf
 .text          0x00000000080107f8      0x424 /Users/ikravets/.platformio/packages/toolchain-gccarmnoneeabi/bin/../lib/gcc/arm-none-eabi/7.2.1/thumb/v7e-m/libgcc.a(_arm_muldivdf3.o)
                0x00000000080107f8                __aeabi_dmul
                0x00000000080107f8                __muldf3
                0x0000000008010a4c                __aeabi_ddiv
                0x0000000008010a4c                __divdf3
 .text          0x0000000008010c1c      0x110 /Users/ikravets/.platformio/packages/toolchain-gccarmnoneeabi/bin/../lib/gcc/arm-none-eabi/7.2.1/thumb/v7e-m/libgcc.a(_arm_cmpdf2.o)
                0x0000000008010c1c                __gedf2
                0x0000000008010c1c                __gtdf2
                0x0000000008010c24                __ledf2
                0x0000000008010c24                __ltdf2
                0x0000000008010c2c                __cmpdf2
                0x0000000008010c2c                __eqdf2
                0x0000000008010c2c                __nedf2
                0x0000000008010ca8                __aeabi_cdrcmple
                0x0000000008010cb8                __aeabi_cdcmple
                0x0000000008010cb8                __aeabi_cdcmpeq
                0x0000000008010cc8                __aeabi_dcmpeq
                0x0000000008010cdc                __aeabi_dcmplt
                0x0000000008010cf0                __aeabi_dcmple
                0x0000000008010d04                __aeabi_dcmpge
                0x0000000008010d18                __aeabi_dcmpgt
 .text          0x0000000008010d2c       0x2c /Users/ikravets/.platformio/packages/toolchain-gccarmnoneeabi/bin/../lib/gcc/arm-none-eabi/7.2.1/thumb/v7e-m/libgcc.a(_arm_unorddf2.o)
                0x0000000008010d2c                __aeabi_dcmpun
                0x0000000008010d2c                __unorddf2
 .text          0x0000000008010d58       0x50 /Users/ikravets/.platformio/packages/toolchain-gccarmnoneeabi/bin/../lib/gcc/arm-none-eabi/7.2.1/thumb/v7e-m/libgcc.a(_arm_fixdfsi.o)
                0x0000000008010d58                __fixdfsi
                0x0000000008010d58                __aeabi_d2iz
 .text          0x0000000008010da8       0x40 /Users/ikravets/.platformio/packages/toolchain-gccarmnoneeabi/bin/../lib/gcc/arm-none-eabi/7.2.1/thumb/v7e-m/libgcc.a(_arm_fixunsdfsi.o)
                0x0000000008010da8                __fixunsdfsi
                0x0000000008010da8                __aeabi_d2uiz
 .text          0x0000000008010de8       0xa0 /Users/ikravets/.platformio/packages/toolchain-gccarmnoneeabi/bin/../lib/gcc/arm-none-eabi/7.2.1/thumb/v7e-m/libgcc.a(_arm_truncdfsf2.o)
                0x0000000008010de8                __aeabi_d2f
                0x0000000008010de8                __truncdfsf2
 .text          0x0000000008010e88       0xec /Users/ikravets/.platformio/packages/toolchain-gccarmnoneeabi/bin/../lib/gcc/arm-none-eabi/7.2.1/thumb/v7e-m/libgcc.a(_arm_cmpsf2.o)
                0x0000000008010e88                __gesf2
                0x0000000008010e88                __gtsf2
                0x0000000008010e90                __ltsf2
                0x0000000008010e90                __lesf2
                0x0000000008010e98                __nesf2
                0x0000000008010e98                __eqsf2
                0x0000000008010e98                __cmpsf2
                0x0000000008010ef8                __aeabi_cfrcmple
                0x0000000008010f00                __aeabi_cfcmpeq
                0x0000000008010f00                __aeabi_cfcmple
                0x0000000008010f10                __aeabi_fcmpeq
                0x0000000008010f24                __aeabi_fcmplt
                0x0000000008010f38                __aeabi_fcmple
                0x0000000008010f4c                __aeabi_fcmpge
                0x0000000008010f60                __aeabi_fcmpgt
 .text          0x0000000008010f74       0x2c /Users/ikravets/.platformio/packages/toolchain-gccarmnoneeabi/bin/../lib/gcc/arm-none-eabi/7.2.1/thumb/v7e-m/libgcc.a(_arm_unordsf2.o)
                0x0000000008010f74                __aeabi_fcmpun
                0x0000000008010f74                __unordsf2
 .text          0x0000000008010fa0       0xa0 /Users/ikravets/.platformio/packages/toolchain-gccarmnoneeabi/bin/../lib/gcc/arm-none-eabi/7.2.1/thumb/v7e-m/libgcc.a(_aeabi_ldivmod.o)
                0x0000000008010fa0                __aeabi_ldivmod
 .text          0x0000000008011040       0x30 /Users/ikravets/.platformio/packages/toolchain-gccarmnoneeabi/bin/../lib/gcc/arm-none-eabi/7.2.1/thumb/v7e-m/libgcc.a(_aeabi_uldivmod.o)
                0x0000000008011040                __aeabi_uldivmod
 .text          0x0000000008011070      0x2cc /Users/ikravets/.platformio/packages/toolchain-gccarmnoneeabi/bin/../lib/gcc/arm-none-eabi/7.2.1/thumb/v7e-m/libgcc.a(_udivmoddi4.o)
                0x0000000008011070                __udivmoddi4
 .text          0x000000000801133c        0x4 /Users/ikravets/.platformio/packages/toolchain-gccarmnoneeabi/bin/../lib/gcc/arm-none-eabi/7.2.1/thumb/v7e-m/libgcc.a(_dvmd_tls.o)
                0x000000000801133c                __aeabi_ldiv0
                0x000000000801133c                __aeabi_idiv0
 .text          0x0000000008011340      0x21c /Users/ikravets/.platformio/packages/toolchain-gccarmnoneeabi/bin/../lib/gcc/arm-none-eabi/7.2.1/thumb/v7e-m/libgcc.a(_arm_addsubsf3.o)
                0x0000000008011340                __aeabi_frsub
                0x0000000008011348                __aeabi_fsub
                0x0000000008011348                __subsf3
                0x000000000801134c                __aeabi_fadd
                0x000000000801134c                __addsf3
                0x00000000080114ac                __aeabi_ui2f
                0x00000000080114ac                __floatunsisf
                0x00000000080114b4                __floatsisf
                0x00000000080114b4                __aeabi_i2f
                0x00000000080114d0                __aeabi_ul2f
                0x00000000080114d0                __floatundisf
                0x00000000080114e0                __aeabi_l2f
                0x00000000080114e0                __floatdisf
 .text          0x000000000801155c      0x2a0 /Users/ikravets/.platformio/packages/toolchain-gccarmnoneeabi/bin/../lib/gcc/arm-none-eabi/7.2.1/thumb/v7e-m/libgcc.a(_arm_muldivsf3.o)
                0x000000000801155c                __mulsf3
                0x000000000801155c                __aeabi_fmul
                0x00000000080116c4                __divsf3
                0x00000000080116c4                __aeabi_fdiv
 *(.text*)
 .text.EKF_Algorithm
                0x00000000080117fc       0xe4 .pioenvs/OpenIMU300ZA/lib2e8/openimu-core-libraries_ID5523/Algorithm/src/EKF_Algorithm.o
                0x00000000080117fc                EKF_Algorithm
 .text.enableFreeIntegration
                0x00000000080118e0       0x30 .pioenvs/OpenIMU300ZA/lib2e8/openimu-core-libraries_ID5523/Algorithm/src/EKF_Algorithm.o
                0x00000000080118e0                enableFreeIntegration
 .text.setAlgorithmExeFreq
                0x0000000008011910       0x24 .pioenvs/OpenIMU300ZA/lib2e8/openimu-core-libraries_ID5523/Algorithm/src/EKF_Algorithm.o
                0x0000000008011910                setAlgorithmExeFreq
 .text.enableMagInAlgorithm
                0x0000000008011934       0x44 .pioenvs/OpenIMU300ZA/lib2e8/openimu-core-libraries_ID5523/Algorithm/src/EKF_Algorithm.o
                0x0000000008011934                enableMagInAlgorithm
 .text.magUsedInAlgorithm
                0x0000000008011978       0x28 .pioenvs/OpenIMU300ZA/lib2e8/openimu-core-libraries_ID5523/Algorithm/src/EKF_Algorithm.o
                0x0000000008011978                magUsedInAlgorithm
 .text.gpsUsedInAlgorithm
                0x00000000080119a0       0x20 .pioenvs/OpenIMU300ZA/lib2e8/openimu-core-libraries_ID5523/Algorithm/src/EKF_Algorithm.o
                0x00000000080119a0                gpsUsedInAlgorithm
 .text.EKF_GetAttitude_EA
                0x00000000080119c0       0x58 .pioenvs/OpenIMU300ZA/lib2e8/openimu-core-libraries_ID5523/Algorithm/src/EKF_Algorithm.o
                0x00000000080119c0                EKF_GetAttitude_EA
 .text.EKF_GetCorrectedAngRates
                0x0000000008011a18       0x58 .pioenvs/OpenIMU300ZA/lib2e8/openimu-core-libraries_ID5523/Algorithm/src/EKF_Algorithm.o
                0x0000000008011a18                EKF_GetCorrectedAngRates
 .text.EKF_GetEstimatedAngRateBias
                0x0000000008011a70       0x58 .pioenvs/OpenIMU300ZA/lib2e8/openimu-core-libraries_ID5523/Algorithm/src/EKF_Algorithm.o
                0x0000000008011a70                EKF_GetEstimatedAngRateBias
 .text.EKF_GetOperationalMode
                0x0000000008011ac8       0x24 .pioenvs/OpenIMU300ZA/lib2e8/openimu-core-libraries_ID5523/Algorithm/src/EKF_Algorithm.o
                0x0000000008011ac8                EKF_GetOperationalMode
 .text.EKF_GetOperationalSwitches
                0x0000000008011aec       0x30 .pioenvs/OpenIMU300ZA/lib2e8/openimu-core-libraries_ID5523/Algorithm/src/EKF_Algorithm.o
                0x0000000008011aec                EKF_GetOperationalSwitches
 .text.EKF_SetInputStruct
                0x0000000008011b1c       0x88 .pioenvs/OpenIMU300ZA/lib2e8/openimu-core-libraries_ID5523/Algorithm/src/EKF_Algorithm.o
                0x0000000008011b1c                EKF_SetInputStruct
 *fill*         0x0000000008011ba4        0x4 
 .text.EKF_SetOutputStruct
                0x0000000008011ba8      0x3b4 .pioenvs/OpenIMU300ZA/lib2e8/openimu-core-libraries_ID5523/Algorithm/src/EKF_Algorithm.o
                0x0000000008011ba8                EKF_SetOutputStruct
 .text.EKF_PredictionStage
                0x0000000008011f5c      0x570 .pioenvs/OpenIMU300ZA/lib2e8/openimu-core-libraries_ID5523/Algorithm/src/PredictFunctions.o
                0x0000000008011f5c                EKF_PredictionStage
 *fill*         0x00000000080124cc        0x4 
 .text._PredictStateEstimate
                0x00000000080124d0      0x5b4 .pioenvs/OpenIMU300ZA/lib2e8/openimu-core-libraries_ID5523/Algorithm/src/PredictFunctions.o
 .text._PredictCovarianceEstimate
                0x0000000008012a84      0x504 .pioenvs/OpenIMU300ZA/lib2e8/openimu-core-libraries_ID5523/Algorithm/src/PredictFunctions.o
 .text.GenerateProcessJacobian
                0x0000000008012f88      0x10c .pioenvs/OpenIMU300ZA/lib2e8/openimu-core-libraries_ID5523/Algorithm/src/PredictFunctions.o
                0x0000000008012f88                GenerateProcessJacobian
 .text._UpdateProcessJacobian
                0x0000000008013094      0x6c4 .pioenvs/OpenIMU300ZA/lib2e8/openimu-core-libraries_ID5523/Algorithm/src/PredictFunctions.o
 .text._UpdateProcessCovariance
                0x0000000008013758      0x474 .pioenvs/OpenIMU300ZA/lib2e8/openimu-core-libraries_ID5523/Algorithm/src/PredictFunctions.o
 *fill*         0x0000000008013bcc        0x4 
 .text.GenerateProcessCovariance
                0x0000000008013bd0      0x10c .pioenvs/OpenIMU300ZA/lib2e8/openimu-core-libraries_ID5523/Algorithm/src/PredictFunctions.o
                0x0000000008013bd0                GenerateProcessCovariance
 .text._FirstOrderLowPass
                0x0000000008013cdc       0x9c .pioenvs/OpenIMU300ZA/lib2e8/openimu-core-libraries_ID5523/Algorithm/src/PredictFunctions.o
                0x0000000008013cdc                _FirstOrderLowPass
 .text._PopulateFilterCoefficients
                0x0000000008013d78      0x394 .pioenvs/OpenIMU300ZA/lib2e8/openimu-core-libraries_ID5523/Algorithm/src/PredictFunctions.o
 .text.StabilizeSystem
                0x000000000801410c       0x80 .pioenvs/OpenIMU300ZA/lib2e8/openimu-core-libraries_ID5523/Algorithm/src/SelectState.o
                0x000000000801410c                StabilizeSystem
 *fill*         0x000000000801418c        0x4 
 .text.InitializeAttitude
                0x0000000008014190      0x158 .pioenvs/OpenIMU300ZA/lib2e8/openimu-core-libraries_ID5523/Algorithm/src/SelectState.o
                0x0000000008014190                InitializeAttitude
 .text.HG_To_LG_Transition_Test
                0x00000000080142e8       0xcc .pioenvs/OpenIMU300ZA/lib2e8/openimu-core-libraries_ID5523/Algorithm/src/SelectState.o
                0x00000000080142e8                HG_To_LG_Transition_Test
 .text.LG_To_INS_Transition_Test
                0x00000000080143b4      0x1b0 .pioenvs/OpenIMU300ZA/lib2e8/openimu-core-libraries_ID5523/Algorithm/src/SelectState.o
                0x00000000080143b4                LG_To_INS_Transition_Test
 .text._InitINSFilter
                0x0000000008014564      0x1a8 .pioenvs/OpenIMU300ZA/lib2e8/openimu-core-libraries_ID5523/Algorithm/src/SelectState.o
 .text.INS_To_AHRS_Transition_Test
                0x000000000801470c       0xd4 .pioenvs/OpenIMU300ZA/lib2e8/openimu-core-libraries_ID5523/Algorithm/src/SelectState.o
                0x000000000801470c                INS_To_AHRS_Transition_Test
 .text.DynamicMotion
                0x00000000080147e0       0x44 .pioenvs/OpenIMU300ZA/lib2e8/openimu-core-libraries_ID5523/Algorithm/src/SelectState.o
                0x00000000080147e0                DynamicMotion
 .text._DropToHighGainAHRS
                0x0000000008014824       0x44 .pioenvs/OpenIMU300ZA/lib2e8/openimu-core-libraries_ID5523/Algorithm/src/SelectState.o
 .text._AccumulateFieldVectors
                0x0000000008014868      0x110 .pioenvs/OpenIMU300ZA/lib2e8/openimu-core-libraries_ID5523/Algorithm/src/SelectState.o
 .text._AverageFieldVectors
                0x0000000008014978       0xd0 .pioenvs/OpenIMU300ZA/lib2e8/openimu-core-libraries_ID5523/Algorithm/src/SelectState.o
 .text._ResetAlgorithm
                0x0000000008014a48       0xa8 .pioenvs/OpenIMU300ZA/lib2e8/openimu-core-libraries_ID5523/Algorithm/src/SelectState.o
 .text.TimingVars_Increment
                0x0000000008014af0       0xa8 .pioenvs/OpenIMU300ZA/lib2e8/openimu-core-libraries_ID5523/Algorithm/src/TimingVars.o
                0x0000000008014af0                TimingVars_Increment
 .text.Initialize_Timing
                0x0000000008014b98       0x48 .pioenvs/OpenIMU300ZA/lib2e8/openimu-core-libraries_ID5523/Algorithm/src/TimingVars.o
                0x0000000008014b98                Initialize_Timing
 .text.EKF_UpdateStage
                0x0000000008014be0      0x238 .pioenvs/OpenIMU300ZA/lib2e8/openimu-core-libraries_ID5523/Algorithm/src/UpdateFunctions.o
                0x0000000008014be0                EKF_UpdateStage
 .text.ComputeSystemInnovation_Pos
                0x0000000008014e18       0xc0 .pioenvs/OpenIMU300ZA/lib2e8/openimu-core-libraries_ID5523/Algorithm/src/UpdateFunctions.o
                0x0000000008014e18                ComputeSystemInnovation_Pos
 .text.ComputeSystemInnovation_Vel
                0x0000000008014ed8       0xec .pioenvs/OpenIMU300ZA/lib2e8/openimu-core-libraries_ID5523/Algorithm/src/UpdateFunctions.o
                0x0000000008014ed8                ComputeSystemInnovation_Vel
 .text.ComputeSystemInnovation_Att
                0x0000000008014fc4      0x184 .pioenvs/OpenIMU300ZA/lib2e8/openimu-core-libraries_ID5523/Algorithm/src/UpdateFunctions.o
                0x0000000008014fc4                ComputeSystemInnovation_Att
 .text._GenerateObservationJacobian_AHRS
                0x0000000008015148      0x520 .pioenvs/OpenIMU300ZA/lib2e8/openimu-core-libraries_ID5523/Algorithm/src/UpdateFunctions.o
                0x0000000008015148                _GenerateObservationJacobian_AHRS
 .text._GenerateObservationCovariance_AHRS
                0x0000000008015668      0x1d0 .pioenvs/OpenIMU300ZA/lib2e8/openimu-core-libraries_ID5523/Algorithm/src/UpdateFunctions.o
                0x0000000008015668                _GenerateObservationCovariance_AHRS
 .text._GenerateObservationCovariance_INS
                0x0000000008015838       0x80 .pioenvs/OpenIMU300ZA/lib2e8/openimu-core-libraries_ID5523/Algorithm/src/UpdateFunctions.o
                0x0000000008015838                _GenerateObservationCovariance_INS
 .text.Update_Att
                0x00000000080158b8      0x628 .pioenvs/OpenIMU300ZA/lib2e8/openimu-core-libraries_ID5523/Algorithm/src/UpdateFunctions.o
                0x00000000080158b8                Update_Att
 .text.Update_Pos
                0x0000000008015ee0      0x390 .pioenvs/OpenIMU300ZA/lib2e8/openimu-core-libraries_ID5523/Algorithm/src/UpdateFunctions.o
                0x0000000008015ee0                Update_Pos
 .text.Update_Vel
                0x0000000008016270      0x414 .pioenvs/OpenIMU300ZA/lib2e8/openimu-core-libraries_ID5523/Algorithm/src/UpdateFunctions.o
                0x0000000008016270                Update_Vel
 .text._TurnSwitch
                0x0000000008016684      0x144 .pioenvs/OpenIMU300ZA/lib2e8/openimu-core-libraries_ID5523/Algorithm/src/UpdateFunctions.o
 .text._UnwrapAttitudeError
                0x00000000080167c8       0x9c .pioenvs/OpenIMU300ZA/lib2e8/openimu-core-libraries_ID5523/Algorithm/src/UpdateFunctions.o
 .text._LimitValue
                0x0000000008016864       0x56 .pioenvs/OpenIMU300ZA/lib2e8/openimu-core-libraries_ID5523/Algorithm/src/UpdateFunctions.o
 *fill*         0x00000000080168ba        0x2 
 .text.NVIC_SetPriority
                0x00000000080168bc       0x54 .pioenvs/OpenIMU300ZA/lib2e8/openimu-core-libraries_ID5523/BSP/src/bsp.o
 .text.SysTick_Config
                0x0000000008016910       0x44 .pioenvs/OpenIMU300ZA/lib2e8/openimu-core-libraries_ID5523/BSP/src/bsp.o
 .text.InitSystemTimer
                0x0000000008016954       0x24 .pioenvs/OpenIMU300ZA/lib2e8/openimu-core-libraries_ID5523/BSP/src/bsp.o
                0x0000000008016954                InitSystemTimer
 .text.BSP_init
                0x0000000008016978       0x3c .pioenvs/OpenIMU300ZA/lib2e8/openimu-core-libraries_ID5523/BSP/src/bsp.o
                0x0000000008016978                BSP_init
 .text.GPIO_config
                0x00000000080169b4        0xe .pioenvs/OpenIMU300ZA/lib2e8/openimu-core-libraries_ID5523/BSP/src/bsp.o
                0x00000000080169b4                GPIO_config
 .text.SetIntVectorOffset
                0x00000000080169c2       0x1a .pioenvs/OpenIMU300ZA/lib2e8/openimu-core-libraries_ID5523/BSP/src/bsp.o
                0x00000000080169c2                SetIntVectorOffset
 .text.ControlPortInit
                0x00000000080169dc       0x38 .pioenvs/OpenIMU300ZA/lib2e8/openimu-core-libraries_ID5523/BSP/src/bsp.o
                0x00000000080169dc                ControlPortInit
 .text.BoardInit
                0x0000000008016a14       0x40 .pioenvs/OpenIMU300ZA/lib2e8/openimu-core-libraries_ID5523/BSP/src/bsp.o
                0x0000000008016a14                BoardInit
 .text.BoardGetResetStatus
                0x0000000008016a54      0x124 .pioenvs/OpenIMU300ZA/lib2e8/openimu-core-libraries_ID5523/BSP/src/bsp.o
                0x0000000008016a54                BoardGetResetStatus
 .text.set_DebugI2CPin
                0x0000000008016b78       0x14 .pioenvs/OpenIMU300ZA/lib2e8/openimu-core-libraries_ID5523/BSP/src/bsp.o
                0x0000000008016b78                set_DebugI2CPin
 .text._InitCommonPins_GPIO
                0x0000000008016b8c       0x2c .pioenvs/OpenIMU300ZA/lib2e8/openimu-core-libraries_ID5523/BSP/src/configureGPIO.o
                0x0000000008016b8c                _InitCommonPins_GPIO
 .text._InitUnitConfigurationPins
                0x0000000008016bb8       0x30 .pioenvs/OpenIMU300ZA/lib2e8/openimu-core-libraries_ID5523/BSP/src/configureGPIO.o
                0x0000000008016bb8                _InitUnitConfigurationPins
 .text.InitBoardConfiguration_GPIO
                0x0000000008016be8       0x4c .pioenvs/OpenIMU300ZA/lib2e8/openimu-core-libraries_ID5523/BSP/src/configureGPIO.o
                0x0000000008016be8                InitBoardConfiguration_GPIO
 .text.ReadUnitHwConfiguration
                0x0000000008016c34       0x60 .pioenvs/OpenIMU300ZA/lib2e8/openimu-core-libraries_ID5523/BSP/src/configureGPIO.o
                0x0000000008016c34                ReadUnitHwConfiguration
 .text.InitPin_GPIO
                0x0000000008016c94       0x4a .pioenvs/OpenIMU300ZA/lib2e8/openimu-core-libraries_ID5523/BSP/src/configureGPIO.o
                0x0000000008016c94                InitPin_GPIO
 *fill*         0x0000000008016cde        0x2 
 .text.getUnitCommunicationType
                0x0000000008016ce0       0x18 .pioenvs/OpenIMU300ZA/lib2e8/openimu-core-libraries_ID5523/BSP/src/configureGPIO.o
                0x0000000008016ce0                getUnitCommunicationType
 .text.setUnitCommunicationType
                0x0000000008016cf8       0x2c .pioenvs/OpenIMU300ZA/lib2e8/openimu-core-libraries_ID5523/BSP/src/configureGPIO.o
                0x0000000008016cf8                setUnitCommunicationType
 .text.ConfigureSpiClkPin
                0x0000000008016d24       0x1c .pioenvs/OpenIMU300ZA/lib2e8/openimu-core-libraries_ID5523/BSP/src/configureGPIO.o
                0x0000000008016d24                ConfigureSpiClkPin
 .text.setIO2Pin
                0x0000000008016d40       0x24 .pioenvs/OpenIMU300ZA/lib2e8/openimu-core-libraries_ID5523/BSP/src/configureGPIO.o
                0x0000000008016d40                setIO2Pin
 .text.NMI_Handler
                0x0000000008016d64        0xe .pioenvs/OpenIMU300ZA/lib2e8/openimu-core-libraries_ID5523/BSP/src/stm32f4xx_it.o
                0x0000000008016d64                NMI_Handler
 *fill*         0x0000000008016d72        0x2 
 .text.prvGetRegistersFromStack
                0x0000000008016d74       0x50 .pioenvs/OpenIMU300ZA/lib2e8/openimu-core-libraries_ID5523/BSP/src/stm32f4xx_it.o
                0x0000000008016d74                prvGetRegistersFromStack
 .text.HardFault_Handler
                0x0000000008016dc4       0x1e .pioenvs/OpenIMU300ZA/lib2e8/openimu-core-libraries_ID5523/BSP/src/stm32f4xx_it.o
                0x0000000008016dc4                HardFault_Handler
 .text.MemManage_Handler
                0x0000000008016de2        0x6 .pioenvs/OpenIMU300ZA/lib2e8/openimu-core-libraries_ID5523/BSP/src/stm32f4xx_it.o
                0x0000000008016de2                MemManage_Handler
 .text.BusFault_Handler
                0x0000000008016de8        0x6 .pioenvs/OpenIMU300ZA/lib2e8/openimu-core-libraries_ID5523/BSP/src/stm32f4xx_it.o
                0x0000000008016de8                BusFault_Handler
 .text.UsageFault_Handler
                0x0000000008016dee        0x6 .pioenvs/OpenIMU300ZA/lib2e8/openimu-core-libraries_ID5523/BSP/src/stm32f4xx_it.o
                0x0000000008016dee                UsageFault_Handler
 .text.DebugMon_Handler
                0x0000000008016df4        0xe .pioenvs/OpenIMU300ZA/lib2e8/openimu-core-libraries_ID5523/BSP/src/stm32f4xx_it.o
                0x0000000008016df4                DebugMon_Handler
 *fill*         0x0000000008016e02        0x2 
 .text.EXTI1_IRQHandler
                0x0000000008016e04       0x44 .pioenvs/OpenIMU300ZA/lib2e8/openimu-core-libraries_ID5523/BSP/src/stm32f4xx_it.o
                0x0000000008016e04                EXTI1_IRQHandler
 .text.EXTI9_5_IRQHandler
                0x0000000008016e48       0x68 .pioenvs/OpenIMU300ZA/lib2e8/openimu-core-libraries_ID5523/BSP/src/stm32f4xx_it.o
                0x0000000008016e48                EXTI9_5_IRQHandler
 .text.InitTimer_Watchdog
                0x0000000008016eb0       0x44 .pioenvs/OpenIMU300ZA/lib2e8/openimu-core-libraries_ID5523/BSP/src/watchdog.o
                0x0000000008016eb0                InitTimer_Watchdog
 .text.SetMaxDelay_Watchdog
                0x0000000008016ef4       0x30 .pioenvs/OpenIMU300ZA/lib2e8/openimu-core-libraries_ID5523/BSP/src/watchdog.o
                0x0000000008016ef4                SetMaxDelay_Watchdog
 .text.RestoreDelay_Watchdog
                0x0000000008016f24       0x30 .pioenvs/OpenIMU300ZA/lib2e8/openimu-core-libraries_ID5523/BSP/src/watchdog.o
                0x0000000008016f24                RestoreDelay_Watchdog
 .text.NVIC_PriorityGroupConfig
                0x0000000008016f54       0x28 .pioenvs/OpenIMU300ZA/lib2e8/openimu-core-libraries_ID5523/CSL/src/misc.o
                0x0000000008016f54                NVIC_PriorityGroupConfig
 .text.NVIC_Init
                0x0000000008016f7c       0xc4 .pioenvs/OpenIMU300ZA/lib2e8/openimu-core-libraries_ID5523/CSL/src/misc.o
                0x0000000008016f7c                NVIC_Init
 .text.NVIC_SetVectorTable
                0x0000000008017040       0x2c .pioenvs/OpenIMU300ZA/lib2e8/openimu-core-libraries_ID5523/CSL/src/misc.o
                0x0000000008017040                NVIC_SetVectorTable
 .text.DMA_Init
                0x000000000801706c       0xb0 .pioenvs/OpenIMU300ZA/lib2e8/openimu-core-libraries_ID5523/CSL/src/stm32f4xx_dma.o
                0x000000000801706c                DMA_Init
 .text.DMA_StructInit
                0x000000000801711c       0x6e .pioenvs/OpenIMU300ZA/lib2e8/openimu-core-libraries_ID5523/CSL/src/stm32f4xx_dma.o
                0x000000000801711c                DMA_StructInit
 .text.DMA_Cmd  0x000000000801718a       0x38 .pioenvs/OpenIMU300ZA/lib2e8/openimu-core-libraries_ID5523/CSL/src/stm32f4xx_dma.o
                0x000000000801718a                DMA_Cmd
 *fill*         0x00000000080171c2        0x2 
 .text.DMA_ClearFlag
                0x00000000080171c4       0x5c .pioenvs/OpenIMU300ZA/lib2e8/openimu-core-libraries_ID5523/CSL/src/stm32f4xx_dma.o
                0x00000000080171c4                DMA_ClearFlag
 .text.DMA_ITConfig
                0x0000000008017220       0x74 .pioenvs/OpenIMU300ZA/lib2e8/openimu-core-libraries_ID5523/CSL/src/stm32f4xx_dma.o
                0x0000000008017220                DMA_ITConfig
 .text.DMA_GetITStatus
                0x0000000008017294       0xb0 .pioenvs/OpenIMU300ZA/lib2e8/openimu-core-libraries_ID5523/CSL/src/stm32f4xx_dma.o
                0x0000000008017294                DMA_GetITStatus
 .text.DMA_ClearITPendingBit
                0x0000000008017344       0x5c .pioenvs/OpenIMU300ZA/lib2e8/openimu-core-libraries_ID5523/CSL/src/stm32f4xx_dma.o
                0x0000000008017344                DMA_ClearITPendingBit
 .text.EXTI_Init
                0x00000000080173a0       0xe4 .pioenvs/OpenIMU300ZA/lib2e8/openimu-core-libraries_ID5523/CSL/src/stm32f4xx_exti.o
                0x00000000080173a0                EXTI_Init
 .text.EXTI_StructInit
                0x0000000008017484       0x2c .pioenvs/OpenIMU300ZA/lib2e8/openimu-core-libraries_ID5523/CSL/src/stm32f4xx_exti.o
                0x0000000008017484                EXTI_StructInit
 .text.EXTI_GetITStatus
                0x00000000080174b0       0x48 .pioenvs/OpenIMU300ZA/lib2e8/openimu-core-libraries_ID5523/CSL/src/stm32f4xx_exti.o
                0x00000000080174b0                EXTI_GetITStatus
 .text.FLASH_Unlock
                0x00000000080174f8       0x30 .pioenvs/OpenIMU300ZA/lib2e8/openimu-core-libraries_ID5523/CSL/src/stm32f4xx_flash.o
                0x00000000080174f8                FLASH_Unlock
 .text.FLASH_Lock
                0x0000000008017528       0x20 .pioenvs/OpenIMU300ZA/lib2e8/openimu-core-libraries_ID5523/CSL/src/stm32f4xx_flash.o
                0x0000000008017528                FLASH_Lock
 .text.FLASH_EraseSector
                0x0000000008017548       0xc0 .pioenvs/OpenIMU300ZA/lib2e8/openimu-core-libraries_ID5523/CSL/src/stm32f4xx_flash.o
                0x0000000008017548                FLASH_EraseSector
 .text.FLASH_ProgramWord
                0x0000000008017608       0x68 .pioenvs/OpenIMU300ZA/lib2e8/openimu-core-libraries_ID5523/CSL/src/stm32f4xx_flash.o
                0x0000000008017608                FLASH_ProgramWord
 .text.FLASH_OB_Unlock
                0x0000000008017670       0x34 .pioenvs/OpenIMU300ZA/lib2e8/openimu-core-libraries_ID5523/CSL/src/stm32f4xx_flash.o
                0x0000000008017670                FLASH_OB_Unlock
 .text.FLASH_OB_Lock
                0x00000000080176a4       0x20 .pioenvs/OpenIMU300ZA/lib2e8/openimu-core-libraries_ID5523/CSL/src/stm32f4xx_flash.o
                0x00000000080176a4                FLASH_OB_Lock
 .text.FLASH_OB_WRPConfig
                0x00000000080176c4       0x5c .pioenvs/OpenIMU300ZA/lib2e8/openimu-core-libraries_ID5523/CSL/src/stm32f4xx_flash.o
                0x00000000080176c4                FLASH_OB_WRPConfig
 .text.FLASH_OB_Launch
                0x0000000008017720       0x30 .pioenvs/OpenIMU300ZA/lib2e8/openimu-core-libraries_ID5523/CSL/src/stm32f4xx_flash.o
                0x0000000008017720                FLASH_OB_Launch
 .text.FLASH_ClearFlag
                0x0000000008017750       0x20 .pioenvs/OpenIMU300ZA/lib2e8/openimu-core-libraries_ID5523/CSL/src/stm32f4xx_flash.o
                0x0000000008017750                FLASH_ClearFlag
 .text.FLASH_GetStatus
                0x0000000008017770       0x6c .pioenvs/OpenIMU300ZA/lib2e8/openimu-core-libraries_ID5523/CSL/src/stm32f4xx_flash.o
                0x0000000008017770                FLASH_GetStatus
 .text.FLASH_WaitForLastOperation
                0x00000000080177dc       0x30 .pioenvs/OpenIMU300ZA/lib2e8/openimu-core-libraries_ID5523/CSL/src/stm32f4xx_flash.o
                0x00000000080177dc                FLASH_WaitForLastOperation
 .text.GPIO_Init
                0x000000000801780c      0x11c .pioenvs/OpenIMU300ZA/lib2e8/openimu-core-libraries_ID5523/CSL/src/stm32f4xx_gpio.o
                0x000000000801780c                GPIO_Init
 .text.GPIO_StructInit
                0x0000000008017928       0x34 .pioenvs/OpenIMU300ZA/lib2e8/openimu-core-libraries_ID5523/CSL/src/stm32f4xx_gpio.o
                0x0000000008017928                GPIO_StructInit
 .text.GPIO_ReadInputDataBit
                0x000000000801795c       0x34 .pioenvs/OpenIMU300ZA/lib2e8/openimu-core-libraries_ID5523/CSL/src/stm32f4xx_gpio.o
                0x000000000801795c                GPIO_ReadInputDataBit
 .text.GPIO_SetBits
                0x0000000008017990       0x1e .pioenvs/OpenIMU300ZA/lib2e8/openimu-core-libraries_ID5523/CSL/src/stm32f4xx_gpio.o
                0x0000000008017990                GPIO_SetBits
 .text.GPIO_ResetBits
                0x00000000080179ae       0x1e .pioenvs/OpenIMU300ZA/lib2e8/openimu-core-libraries_ID5523/CSL/src/stm32f4xx_gpio.o
                0x00000000080179ae                GPIO_ResetBits
 .text.GPIO_WriteBit
                0x00000000080179cc       0x30 .pioenvs/OpenIMU300ZA/lib2e8/openimu-core-libraries_ID5523/CSL/src/stm32f4xx_gpio.o
                0x00000000080179cc                GPIO_WriteBit
 .text.GPIO_ToggleBits
                0x00000000080179fc       0x24 .pioenvs/OpenIMU300ZA/lib2e8/openimu-core-libraries_ID5523/CSL/src/stm32f4xx_gpio.o
                0x00000000080179fc                GPIO_ToggleBits
 .text.GPIO_PinAFConfig
                0x0000000008017a20       0x92 .pioenvs/OpenIMU300ZA/lib2e8/openimu-core-libraries_ID5523/CSL/src/stm32f4xx_gpio.o
                0x0000000008017a20                GPIO_PinAFConfig
 *fill*         0x0000000008017ab2        0x2 
 .text.I2C_DeInit
                0x0000000008017ab4       0x74 .pioenvs/OpenIMU300ZA/lib2e8/openimu-core-libraries_ID5523/CSL/src/stm32f4xx_i2c.o
                0x0000000008017ab4                I2C_DeInit
 .text.I2C_Init
                0x0000000008017b28      0x1cc .pioenvs/OpenIMU300ZA/lib2e8/openimu-core-libraries_ID5523/CSL/src/stm32f4xx_i2c.o
                0x0000000008017b28                I2C_Init
 .text.I2C_StructInit
                0x0000000008017cf4       0x3e .pioenvs/OpenIMU300ZA/lib2e8/openimu-core-libraries_ID5523/CSL/src/stm32f4xx_i2c.o
                0x0000000008017cf4                I2C_StructInit
 .text.I2C_Cmd  0x0000000008017d32       0x40 .pioenvs/OpenIMU300ZA/lib2e8/openimu-core-libraries_ID5523/CSL/src/stm32f4xx_i2c.o
                0x0000000008017d32                I2C_Cmd
 .text.I2C_Send7bitAddress
                0x0000000008017d72       0x3c .pioenvs/OpenIMU300ZA/lib2e8/openimu-core-libraries_ID5523/CSL/src/stm32f4xx_i2c.o
                0x0000000008017d72                I2C_Send7bitAddress
 .text.I2C_ReadRegister
                0x0000000008017dae       0x2e .pioenvs/OpenIMU300ZA/lib2e8/openimu-core-libraries_ID5523/CSL/src/stm32f4xx_i2c.o
                0x0000000008017dae                I2C_ReadRegister
 .text.I2C_ITConfig
                0x0000000008017ddc       0x48 .pioenvs/OpenIMU300ZA/lib2e8/openimu-core-libraries_ID5523/CSL/src/stm32f4xx_i2c.o
                0x0000000008017ddc                I2C_ITConfig
 .text.I2C_GetLastEvent
                0x0000000008017e24       0x44 .pioenvs/OpenIMU300ZA/lib2e8/openimu-core-libraries_ID5523/CSL/src/stm32f4xx_i2c.o
                0x0000000008017e24                I2C_GetLastEvent
 .text.I2C_GetITStatus
                0x0000000008017e68       0x5a .pioenvs/OpenIMU300ZA/lib2e8/openimu-core-libraries_ID5523/CSL/src/stm32f4xx_i2c.o
                0x0000000008017e68                I2C_GetITStatus
 *fill*         0x0000000008017ec2        0x2 
 .text.RCC_GetClocksFreq
                0x0000000008017ec4      0x150 .pioenvs/OpenIMU300ZA/lib2e8/openimu-core-libraries_ID5523/CSL/src/stm32f4xx_rcc.o
                0x0000000008017ec4                RCC_GetClocksFreq
 .text.RCC_AHB1PeriphClockCmd
                0x0000000008018014       0x40 .pioenvs/OpenIMU300ZA/lib2e8/openimu-core-libraries_ID5523/CSL/src/stm32f4xx_rcc.o
                0x0000000008018014                RCC_AHB1PeriphClockCmd
 .text.RCC_AHB2PeriphClockCmd
                0x0000000008018054       0x40 .pioenvs/OpenIMU300ZA/lib2e8/openimu-core-libraries_ID5523/CSL/src/stm32f4xx_rcc.o
                0x0000000008018054                RCC_AHB2PeriphClockCmd
 .text.RCC_APB1PeriphClockCmd
                0x0000000008018094       0x40 .pioenvs/OpenIMU300ZA/lib2e8/openimu-core-libraries_ID5523/CSL/src/stm32f4xx_rcc.o
                0x0000000008018094                RCC_APB1PeriphClockCmd
 .text.RCC_APB2PeriphClockCmd
                0x00000000080180d4       0x40 .pioenvs/OpenIMU300ZA/lib2e8/openimu-core-libraries_ID5523/CSL/src/stm32f4xx_rcc.o
                0x00000000080180d4                RCC_APB2PeriphClockCmd
 .text.RCC_APB1PeriphResetCmd
                0x0000000008018114       0x40 .pioenvs/OpenIMU300ZA/lib2e8/openimu-core-libraries_ID5523/CSL/src/stm32f4xx_rcc.o
                0x0000000008018114                RCC_APB1PeriphResetCmd
 .text.RCC_APB2PeriphResetCmd
                0x0000000008018154       0x40 .pioenvs/OpenIMU300ZA/lib2e8/openimu-core-libraries_ID5523/CSL/src/stm32f4xx_rcc.o
                0x0000000008018154                RCC_APB2PeriphResetCmd
 .text.RCC_GetFlagStatus
                0x0000000008018194       0x74 .pioenvs/OpenIMU300ZA/lib2e8/openimu-core-libraries_ID5523/CSL/src/stm32f4xx_rcc.o
                0x0000000008018194                RCC_GetFlagStatus
 .text.RCC_ClearFlag
                0x0000000008018208       0x20 .pioenvs/OpenIMU300ZA/lib2e8/openimu-core-libraries_ID5523/CSL/src/stm32f4xx_rcc.o
                0x0000000008018208                RCC_ClearFlag
 .text.SPI_I2S_DeInit
                0x0000000008018228       0x74 .pioenvs/OpenIMU300ZA/lib2e8/openimu-core-libraries_ID5523/CSL/src/stm32f4xx_spi.o
                0x0000000008018228                SPI_I2S_DeInit
 .text.SPI_Init
                0x000000000801829c       0x88 .pioenvs/OpenIMU300ZA/lib2e8/openimu-core-libraries_ID5523/CSL/src/stm32f4xx_spi.o
                0x000000000801829c                SPI_Init
 .text.SPI_StructInit
                0x0000000008018324       0x4a .pioenvs/OpenIMU300ZA/lib2e8/openimu-core-libraries_ID5523/CSL/src/stm32f4xx_spi.o
                0x0000000008018324                SPI_StructInit
 .text.SPI_Cmd  0x000000000801836e       0x40 .pioenvs/OpenIMU300ZA/lib2e8/openimu-core-libraries_ID5523/CSL/src/stm32f4xx_spi.o
                0x000000000801836e                SPI_Cmd
 .text.SPI_I2S_GetFlagStatus
                0x00000000080183ae       0x38 .pioenvs/OpenIMU300ZA/lib2e8/openimu-core-libraries_ID5523/CSL/src/stm32f4xx_spi.o
                0x00000000080183ae                SPI_I2S_GetFlagStatus
 *fill*         0x00000000080183e6        0x2 
 .text.SYSCFG_EXTILineConfig
                0x00000000080183e8       0x84 .pioenvs/OpenIMU300ZA/lib2e8/openimu-core-libraries_ID5523/CSL/src/stm32f4xx_syscfg.o
                0x00000000080183e8                SYSCFG_EXTILineConfig
 .text.TIM_TimeBaseInit
                0x000000000801846c       0xd8 .pioenvs/OpenIMU300ZA/lib2e8/openimu-core-libraries_ID5523/CSL/src/stm32f4xx_tim.o
                0x000000000801846c                TIM_TimeBaseInit
 .text.TIM_TimeBaseStructInit
                0x0000000008018544       0x34 .pioenvs/OpenIMU300ZA/lib2e8/openimu-core-libraries_ID5523/CSL/src/stm32f4xx_tim.o
                0x0000000008018544                TIM_TimeBaseStructInit
 .text.TIM_ARRPreloadConfig
                0x0000000008018578       0x40 .pioenvs/OpenIMU300ZA/lib2e8/openimu-core-libraries_ID5523/CSL/src/stm32f4xx_tim.o
                0x0000000008018578                TIM_ARRPreloadConfig
 .text.TIM_Cmd  0x00000000080185b8       0x40 .pioenvs/OpenIMU300ZA/lib2e8/openimu-core-libraries_ID5523/CSL/src/stm32f4xx_tim.o
                0x00000000080185b8                TIM_Cmd
 .text.TIM_ITConfig
                0x00000000080185f8       0x48 .pioenvs/OpenIMU300ZA/lib2e8/openimu-core-libraries_ID5523/CSL/src/stm32f4xx_tim.o
                0x00000000080185f8                TIM_ITConfig
 .text.TIM_ClearITPendingBit
                0x0000000008018640       0x22 .pioenvs/OpenIMU300ZA/lib2e8/openimu-core-libraries_ID5523/CSL/src/stm32f4xx_tim.o
                0x0000000008018640                TIM_ClearITPendingBit
 *fill*         0x0000000008018662        0x2 
 .text.USART_Init
                0x0000000008018664      0x174 .pioenvs/OpenIMU300ZA/lib2e8/openimu-core-libraries_ID5523/CSL/src/stm32f4xx_usart.o
                0x0000000008018664                USART_Init
 .text.USART_Cmd
                0x00000000080187d8       0x40 .pioenvs/OpenIMU300ZA/lib2e8/openimu-core-libraries_ID5523/CSL/src/stm32f4xx_usart.o
                0x00000000080187d8                USART_Cmd
 .text.USART_SendData
                0x0000000008018818       0x24 .pioenvs/OpenIMU300ZA/lib2e8/openimu-core-libraries_ID5523/CSL/src/stm32f4xx_usart.o
                0x0000000008018818                USART_SendData
 .text.USART_ReceiveData
                0x000000000801883c       0x20 .pioenvs/OpenIMU300ZA/lib2e8/openimu-core-libraries_ID5523/CSL/src/stm32f4xx_usart.o
                0x000000000801883c                USART_ReceiveData
 .text.USART_ITConfig
                0x000000000801885c       0x90 .pioenvs/OpenIMU300ZA/lib2e8/openimu-core-libraries_ID5523/CSL/src/stm32f4xx_usart.o
                0x000000000801885c                USART_ITConfig
 .text.USART_GetFlagStatus
                0x00000000080188ec       0x38 .pioenvs/OpenIMU300ZA/lib2e8/openimu-core-libraries_ID5523/CSL/src/stm32f4xx_usart.o
                0x00000000080188ec                USART_GetFlagStatus
 .text.tlwr     0x0000000008018924       0x2c .pioenvs/OpenIMU300ZA/lib2e8/openimu-core-libraries_ID5523/Common/src/utilities.o
                0x0000000008018924                tlwr
 .text.strcmpi  0x0000000008018950       0x72 .pioenvs/OpenIMU300ZA/lib2e8/openimu-core-libraries_ID5523/Common/src/utilities.o
                0x0000000008018950                strcmpi
 .text.strrep   0x00000000080189c2       0x3c .pioenvs/OpenIMU300ZA/lib2e8/openimu-core-libraries_ID5523/Common/src/utilities.o
                0x00000000080189c2                strrep
 .text.strtok_r1
                0x00000000080189fe       0x9a .pioenvs/OpenIMU300ZA/lib2e8/openimu-core-libraries_ID5523/Common/src/utilities.o
                0x00000000080189fe                strtok_r1
 .text.FilterInit
                0x0000000008018a98      0x154 .pioenvs/OpenIMU300ZA/lib2e8/openimu-core-libraries_ID5523/Filter/src/filter.o
                0x0000000008018a98                FilterInit
 .text.Butterworth_Q27_PushSample
                0x0000000008018bec       0x30 .pioenvs/OpenIMU300ZA/lib2e8/openimu-core-libraries_ID5523/Filter/src/filter.o
                0x0000000008018bec                Butterworth_Q27_PushSample
 .text.Butterworth_Q27_Filter
                0x0000000008018c1c      0x118 .pioenvs/OpenIMU300ZA/lib2e8/openimu-core-libraries_ID5523/Filter/src/filter.o
                0x0000000008018c1c                Butterworth_Q27_Filter
 .text.Apply_Butterworth_Q27_Filter
                0x0000000008018d34       0x7c .pioenvs/OpenIMU300ZA/lib2e8/openimu-core-libraries_ID5523/Filter/src/filter.o
                0x0000000008018d34                Apply_Butterworth_Q27_Filter
 .text.Bartlett_Q27_PushSample
                0x0000000008018db0       0x32 .pioenvs/OpenIMU300ZA/lib2e8/openimu-core-libraries_ID5523/Filter/src/filter.o
                0x0000000008018db0                Bartlett_Q27_PushSample
 .text.Bartlett_Q27_Filter
                0x0000000008018de2      0x190 .pioenvs/OpenIMU300ZA/lib2e8/openimu-core-libraries_ID5523/Filter/src/filter.o
                0x0000000008018de2                Bartlett_Q27_Filter
 *fill*         0x0000000008018f72        0x2 
 .text.Apply_Bartlett_Q27_Filter
                0x0000000008018f74       0x4c .pioenvs/OpenIMU300ZA/lib2e8/openimu-core-libraries_ID5523/Filter/src/filter.o
                0x0000000008018f74                Apply_Bartlett_Q27_Filter
 .text.debounce_init
                0x0000000008018fc0       0x44 .pioenvs/OpenIMU300ZA/lib2e8/openimu-core-libraries_ID5523/Filter/src/filter.o
                0x0000000008018fc0                debounce_init
 .text.debounce_calc
                0x0000000008019004       0x7e .pioenvs/OpenIMU300ZA/lib2e8/openimu-core-libraries_ID5523/Filter/src/filter.o
                0x0000000008019004                debounce_calc
 *fill*         0x0000000008019082        0x2 
 .text._rateFilt_4thOrderBWF_LowPass_Axis_cascaded2nd
                0x0000000008019084      0x41c .pioenvs/OpenIMU300ZA/lib2e8/openimu-core-libraries_ID5523/Filter/src/lowpass_filter.o
                0x0000000008019084                _rateFilt_4thOrderBWF_LowPass_Axis_cascaded2nd
 .text._accel_4thOrderBWF_LowPass_Axis_cascaded2nd
                0x00000000080194a0      0x41c .pioenvs/OpenIMU300ZA/lib2e8/openimu-core-libraries_ID5523/Filter/src/lowpass_filter.o
                0x00000000080194a0                _accel_4thOrderBWF_LowPass_Axis_cascaded2nd
 .text._rateFilt_3rdOrderBWF_LowPass_Axis_cascaded1st
                0x00000000080198bc      0x3c4 .pioenvs/OpenIMU300ZA/lib2e8/openimu-core-libraries_ID5523/Filter/src/lowpass_filter.o
                0x00000000080198bc                _rateFilt_3rdOrderBWF_LowPass_Axis_cascaded1st
 .text._accelFilt_3rdOrderBWF_LowPass_Axis_cascaded1st
                0x0000000008019c80      0x3c4 .pioenvs/OpenIMU300ZA/lib2e8/openimu-core-libraries_ID5523/Filter/src/lowpass_filter.o
                0x0000000008019c80                _accelFilt_3rdOrderBWF_LowPass_Axis_cascaded1st
 .text.makeFreeRtosPriority
                0x000000000801a044       0x30 .pioenvs/OpenIMU300ZA/lib2e8/openimu-core-libraries_ID5523/FreeRtos/src/cmsis_os.o
 .text.inHandlerMode
                0x000000000801a074       0x24 .pioenvs/OpenIMU300ZA/lib2e8/openimu-core-libraries_ID5523/FreeRtos/src/cmsis_os.o
                0x000000000801a074                inHandlerMode
 .text.osKernelStart
                0x000000000801a098        0xe .pioenvs/OpenIMU300ZA/lib2e8/openimu-core-libraries_ID5523/FreeRtos/src/cmsis_os.o
                0x000000000801a098                osKernelStart
 .text.osKernelSysTick
                0x000000000801a0a6       0x20 .pioenvs/OpenIMU300ZA/lib2e8/openimu-core-libraries_ID5523/FreeRtos/src/cmsis_os.o
                0x000000000801a0a6                osKernelSysTick
 .text.osThreadCreate
                0x000000000801a0c6       0x4e .pioenvs/OpenIMU300ZA/lib2e8/openimu-core-libraries_ID5523/FreeRtos/src/cmsis_os.o
                0x000000000801a0c6                osThreadCreate
 .text.osDelay  0x000000000801a114       0x28 .pioenvs/OpenIMU300ZA/lib2e8/openimu-core-libraries_ID5523/FreeRtos/src/cmsis_os.o
                0x000000000801a114                osDelay
 .text.osSemaphoreCreate
                0x000000000801a13c       0x48 .pioenvs/OpenIMU300ZA/lib2e8/openimu-core-libraries_ID5523/FreeRtos/src/cmsis_os.o
                0x000000000801a13c                osSemaphoreCreate
 .text.osSemaphoreWait
                0x000000000801a184       0xa0 .pioenvs/OpenIMU300ZA/lib2e8/openimu-core-libraries_ID5523/FreeRtos/src/cmsis_os.o
                0x000000000801a184                osSemaphoreWait
 .text.osSemaphoreRelease
                0x000000000801a224       0x6c .pioenvs/OpenIMU300ZA/lib2e8/openimu-core-libraries_ID5523/FreeRtos/src/cmsis_os.o
                0x000000000801a224                osSemaphoreRelease
 .text.SysTick_Handler
                0x000000000801a290       0x16 .pioenvs/OpenIMU300ZA/lib2e8/openimu-core-libraries_ID5523/FreeRtos/src/cmsis_os.o
                0x000000000801a290                SysTick_Handler
 *fill*         0x000000000801a2a6        0x2 
 .text.pvPortMalloc
                0x000000000801a2a8       0x94 .pioenvs/OpenIMU300ZA/lib2e8/openimu-core-libraries_ID5523/FreeRtos/src/heap_1.o
                0x000000000801a2a8                pvPortMalloc
 .text.vPortFree
                0x000000000801a33c       0x2e .pioenvs/OpenIMU300ZA/lib2e8/openimu-core-libraries_ID5523/FreeRtos/src/heap_1.o
                0x000000000801a33c                vPortFree
 .text.vListInitialise
                0x000000000801a36a       0x40 .pioenvs/OpenIMU300ZA/lib2e8/openimu-core-libraries_ID5523/FreeRtos/src/list.o
                0x000000000801a36a                vListInitialise
 .text.vListInitialiseItem
                0x000000000801a3aa       0x1a .pioenvs/OpenIMU300ZA/lib2e8/openimu-core-libraries_ID5523/FreeRtos/src/list.o
                0x000000000801a3aa                vListInitialiseItem
 .text.vListInsertEnd
                0x000000000801a3c4       0x48 .pioenvs/OpenIMU300ZA/lib2e8/openimu-core-libraries_ID5523/FreeRtos/src/list.o
                0x000000000801a3c4                vListInsertEnd
 .text.vListInsert
                0x000000000801a40c       0x72 .pioenvs/OpenIMU300ZA/lib2e8/openimu-core-libraries_ID5523/FreeRtos/src/list.o
                0x000000000801a40c                vListInsert
 .text.uxListRemove
                0x000000000801a47e       0x54 .pioenvs/OpenIMU300ZA/lib2e8/openimu-core-libraries_ID5523/FreeRtos/src/list.o
                0x000000000801a47e                uxListRemove
 *fill*         0x000000000801a4d2        0x2 
 .text.pxPortInitialiseStack
                0x000000000801a4d4       0x68 .pioenvs/OpenIMU300ZA/lib2e8/openimu-core-libraries_ID5523/FreeRtos/src/port.o
                0x000000000801a4d4                pxPortInitialiseStack
 .text.prvTaskExitError
                0x000000000801a53c       0x3c .pioenvs/OpenIMU300ZA/lib2e8/openimu-core-libraries_ID5523/FreeRtos/src/port.o
 *fill*         0x000000000801a578        0x8 
 .text.SVC_Handler
                0x000000000801a580       0x28 .pioenvs/OpenIMU300ZA/lib2e8/openimu-core-libraries_ID5523/FreeRtos/src/port.o
                0x000000000801a580                SVC_Handler
 .text.prvPortStartFirstTask
                0x000000000801a5a8       0x20 .pioenvs/OpenIMU300ZA/lib2e8/openimu-core-libraries_ID5523/FreeRtos/src/port.o
 .text.xPortStartScheduler
                0x000000000801a5c8      0x118 .pioenvs/OpenIMU300ZA/lib2e8/openimu-core-libraries_ID5523/FreeRtos/src/port.o
                0x000000000801a5c8                xPortStartScheduler
 .text.vPortEnterCritical
                0x000000000801a6e0       0x5c .pioenvs/OpenIMU300ZA/lib2e8/openimu-core-libraries_ID5523/FreeRtos/src/port.o
                0x000000000801a6e0                vPortEnterCritical
 .text.vPortExitCritical
                0x000000000801a73c       0x50 .pioenvs/OpenIMU300ZA/lib2e8/openimu-core-libraries_ID5523/FreeRtos/src/port.o
                0x000000000801a73c                vPortExitCritical
 *fill*         0x000000000801a78c        0x4 
 .text.PendSV_Handler
                0x000000000801a790       0x68 .pioenvs/OpenIMU300ZA/lib2e8/openimu-core-libraries_ID5523/FreeRtos/src/port.o
                0x000000000801a790                PendSV_Handler
 .text.xPortSysTickHandler
                0x000000000801a7f8       0x40 .pioenvs/OpenIMU300ZA/lib2e8/openimu-core-libraries_ID5523/FreeRtos/src/port.o
                0x000000000801a7f8                xPortSysTickHandler
 .text.vPortSetupTimerInterrupt
                0x000000000801a838       0x38 .pioenvs/OpenIMU300ZA/lib2e8/openimu-core-libraries_ID5523/FreeRtos/src/port.o
                0x000000000801a838                vPortSetupTimerInterrupt
 .text.vPortEnableVFP
                0x000000000801a870       0x14 .pioenvs/OpenIMU300ZA/lib2e8/openimu-core-libraries_ID5523/FreeRtos/src/port.o
 .text.vPortValidateInterruptPriority
                0x000000000801a884       0x7c .pioenvs/OpenIMU300ZA/lib2e8/openimu-core-libraries_ID5523/FreeRtos/src/port.o
                0x000000000801a884                vPortValidateInterruptPriority
 .text.OSDisableHook
                0x000000000801a900        0xc .pioenvs/OpenIMU300ZA/lib2e8/openimu-core-libraries_ID5523/FreeRtos/src/port1.o
                0x000000000801a900                OSDisableHook
 .text.OSEnableHook
                0x000000000801a90c        0xc .pioenvs/OpenIMU300ZA/lib2e8/openimu-core-libraries_ID5523/FreeRtos/src/port1.o
                0x000000000801a90c                OSEnableHook
 .text.OS_Delay
                0x000000000801a918       0x16 .pioenvs/OpenIMU300ZA/lib2e8/openimu-core-libraries_ID5523/FreeRtos/src/port1.o
                0x000000000801a918                OS_Delay
 *fill*         0x000000000801a92e        0x2 
 .text.xQueueGenericReset
                0x000000000801a930       0xd0 .pioenvs/OpenIMU300ZA/lib2e8/openimu-core-libraries_ID5523/FreeRtos/src/queue.o
                0x000000000801a930                xQueueGenericReset
 .text.xQueueGenericCreate
                0x000000000801aa00       0x72 .pioenvs/OpenIMU300ZA/lib2e8/openimu-core-libraries_ID5523/FreeRtos/src/queue.o
                0x000000000801aa00                xQueueGenericCreate
 .text.prvInitialiseNewQueue
                0x000000000801aa72       0x46 .pioenvs/OpenIMU300ZA/lib2e8/openimu-core-libraries_ID5523/FreeRtos/src/queue.o
 .text.xQueueCreateCountingSemaphore
                0x000000000801aab8       0x62 .pioenvs/OpenIMU300ZA/lib2e8/openimu-core-libraries_ID5523/FreeRtos/src/queue.o
                0x000000000801aab8                xQueueCreateCountingSemaphore
 *fill*         0x000000000801ab1a        0x2 
 .text.xQueueGenericSend
                0x000000000801ab1c      0x1f4 .pioenvs/OpenIMU300ZA/lib2e8/openimu-core-libraries_ID5523/FreeRtos/src/queue.o
                0x000000000801ab1c                xQueueGenericSend
 .text.xQueueGiveFromISR
                0x000000000801ad10      0x112 .pioenvs/OpenIMU300ZA/lib2e8/openimu-core-libraries_ID5523/FreeRtos/src/queue.o
                0x000000000801ad10                xQueueGiveFromISR
 *fill*         0x000000000801ae22        0x2 
 .text.xQueueGenericReceive
                0x000000000801ae24      0x224 .pioenvs/OpenIMU300ZA/lib2e8/openimu-core-libraries_ID5523/FreeRtos/src/queue.o
                0x000000000801ae24                xQueueGenericReceive
 .text.xQueueReceiveFromISR
                0x000000000801b048       0xfa .pioenvs/OpenIMU300ZA/lib2e8/openimu-core-libraries_ID5523/FreeRtos/src/queue.o
                0x000000000801b048                xQueueReceiveFromISR
 .text.prvCopyDataToQueue
                0x000000000801b142       0xd4 .pioenvs/OpenIMU300ZA/lib2e8/openimu-core-libraries_ID5523/FreeRtos/src/queue.o
 .text.prvCopyDataFromQueue
                0x000000000801b216       0x4c .pioenvs/OpenIMU300ZA/lib2e8/openimu-core-libraries_ID5523/FreeRtos/src/queue.o
 .text.prvUnlockQueue
                0x000000000801b262       0xa4 .pioenvs/OpenIMU300ZA/lib2e8/openimu-core-libraries_ID5523/FreeRtos/src/queue.o
 .text.prvIsQueueEmpty
                0x000000000801b306       0x2c .pioenvs/OpenIMU300ZA/lib2e8/openimu-core-libraries_ID5523/FreeRtos/src/queue.o
 .text.prvIsQueueFull
                0x000000000801b332       0x30 .pioenvs/OpenIMU300ZA/lib2e8/openimu-core-libraries_ID5523/FreeRtos/src/queue.o
 *fill*         0x000000000801b362        0x2 
 .text.Reset_Handler
                0x000000000801b364       0x4c .pioenvs/OpenIMU300ZA/lib2e8/openimu-core-libraries_ID5523/FreeRtos/src/startup_stm32f405xx.o
                0x000000000801b364                Reset_Handler
 .text.Default_Handler
                0x000000000801b3b0        0x2 .pioenvs/OpenIMU300ZA/lib2e8/openimu-core-libraries_ID5523/FreeRtos/src/startup_stm32f405xx.o
                0x000000000801b3b0                DMA2_Stream6_IRQHandler
                0x000000000801b3b0                HASH_RNG_IRQHandler
                0x000000000801b3b0                EXTI2_IRQHandler
                0x000000000801b3b0                TIM8_CC_IRQHandler
                0x000000000801b3b0                TIM1_CC_IRQHandler
                0x000000000801b3b0                DMA2_Stream5_IRQHandler
                0x000000000801b3b0                PVD_IRQHandler
                0x000000000801b3b0                SDIO_IRQHandler
                0x000000000801b3b0                TAMP_STAMP_IRQHandler
                0x000000000801b3b0                CAN2_RX1_IRQHandler
                0x000000000801b3b0                EXTI3_IRQHandler
                0x000000000801b3b0                TIM8_TRG_COM_TIM14_IRQHandler
                0x000000000801b3b0                TIM1_UP_TIM10_IRQHandler
                0x000000000801b3b0                TIM8_UP_TIM13_IRQHandler
                0x000000000801b3b0                CAN1_RX0_IRQHandler
                0x000000000801b3b0                FPU_IRQHandler
                0x000000000801b3b0                OTG_HS_WKUP_IRQHandler
                0x000000000801b3b0                CAN2_SCE_IRQHandler
                0x000000000801b3b0                DMA2_Stream2_IRQHandler
                0x000000000801b3b0                SPI1_IRQHandler
                0x000000000801b3b0                TIM6_DAC_IRQHandler
                0x000000000801b3b0                TIM1_BRK_TIM9_IRQHandler
                0x000000000801b3b0                CAN2_RX0_IRQHandler
                0x000000000801b3b0                DMA2_Stream3_IRQHandler
                0x000000000801b3b0                USART6_IRQHandler
                0x000000000801b3b0                USART3_IRQHandler
                0x000000000801b3b0                CAN1_RX1_IRQHandler
                0x000000000801b3b0                TIM4_IRQHandler
                0x000000000801b3b0                DMA1_Stream6_IRQHandler
                0x000000000801b3b0                DMA1_Stream1_IRQHandler
                0x000000000801b3b0                TIM3_IRQHandler
                0x000000000801b3b0                RCC_IRQHandler
                0x000000000801b3b0                TIM8_BRK_TIM12_IRQHandler
                0x000000000801b3b0                Default_Handler
                0x000000000801b3b0                EXTI15_10_IRQHandler
                0x000000000801b3b0                ADC_IRQHandler
                0x000000000801b3b0                TIM7_IRQHandler
                0x000000000801b3b0                CAN2_TX_IRQHandler
                0x000000000801b3b0                DMA2_Stream7_IRQHandler
                0x000000000801b3b0                RTC_WKUP_IRQHandler
                0x000000000801b3b0                SPI2_IRQHandler
                0x000000000801b3b0                OTG_HS_EP1_IN_IRQHandler
                0x000000000801b3b0                CAN1_TX_IRQHandler
                0x000000000801b3b0                EXTI4_IRQHandler
                0x000000000801b3b0                FSMC_IRQHandler
                0x000000000801b3b0                OTG_HS_EP1_OUT_IRQHandler
                0x000000000801b3b0                WWDG_IRQHandler
                0x000000000801b3b0                TIM2_IRQHandler
                0x000000000801b3b0                OTG_FS_WKUP_IRQHandler
                0x000000000801b3b0                TIM1_TRG_COM_TIM11_IRQHandler
                0x000000000801b3b0                OTG_HS_IRQHandler
                0x000000000801b3b0                USART2_IRQHandler
                0x000000000801b3b0                DMA2_Stream1_IRQHandler
                0x000000000801b3b0                CAN1_SCE_IRQHandler
                0x000000000801b3b0                FLASH_IRQHandler
                0x000000000801b3b0                DMA2_Stream4_IRQHandler
                0x000000000801b3b0                OTG_FS_IRQHandler
                0x000000000801b3b0                SPI3_IRQHandler
                0x000000000801b3b0                DMA1_Stream4_IRQHandler
                0x000000000801b3b0                RTC_Alarm_IRQHandler
 *fill*         0x000000000801b3b2        0x2 
 .text.SystemInit
                0x000000000801b3b4       0x5c .pioenvs/OpenIMU300ZA/lib2e8/openimu-core-libraries_ID5523/FreeRtos/src/system_stm32f4xx.o
                0x000000000801b3b4                SystemInit
 .text.SystemCoreClockUpdate
                0x000000000801b410      0x104 .pioenvs/OpenIMU300ZA/lib2e8/openimu-core-libraries_ID5523/FreeRtos/src/system_stm32f4xx.o
                0x000000000801b410                SystemCoreClockUpdate
 .text.SetSysClock
                0x000000000801b514      0x150 .pioenvs/OpenIMU300ZA/lib2e8/openimu-core-libraries_ID5523/FreeRtos/src/system_stm32f4xx.o
 .text.xTaskCreate
                0x000000000801b664       0x82 .pioenvs/OpenIMU300ZA/lib2e8/openimu-core-libraries_ID5523/FreeRtos/src/tasks.o
                0x000000000801b664                xTaskCreate
 .text.prvInitialiseNewTask
                0x000000000801b6e6      0x10c .pioenvs/OpenIMU300ZA/lib2e8/openimu-core-libraries_ID5523/FreeRtos/src/tasks.o
 *fill*         0x000000000801b7f2        0x2 
 .text.prvAddNewTaskToReadyList
                0x000000000801b7f4       0xdc .pioenvs/OpenIMU300ZA/lib2e8/openimu-core-libraries_ID5523/FreeRtos/src/tasks.o
 .text.vTaskDelay
                0x000000000801b8d0       0x68 .pioenvs/OpenIMU300ZA/lib2e8/openimu-core-libraries_ID5523/FreeRtos/src/tasks.o
                0x000000000801b8d0                vTaskDelay
 .text.vTaskStartScheduler
                0x000000000801b938       0x8c .pioenvs/OpenIMU300ZA/lib2e8/openimu-core-libraries_ID5523/FreeRtos/src/tasks.o
                0x000000000801b938                vTaskStartScheduler
 .text.vTaskSuspendAll
                0x000000000801b9c4       0x1c .pioenvs/OpenIMU300ZA/lib2e8/openimu-core-libraries_ID5523/FreeRtos/src/tasks.o
                0x000000000801b9c4                vTaskSuspendAll
 .text.xTaskResumeAll
                0x000000000801b9e0      0x138 .pioenvs/OpenIMU300ZA/lib2e8/openimu-core-libraries_ID5523/FreeRtos/src/tasks.o
                0x000000000801b9e0                xTaskResumeAll
 .text.xTaskGetTickCount
                0x000000000801bb18       0x20 .pioenvs/OpenIMU300ZA/lib2e8/openimu-core-libraries_ID5523/FreeRtos/src/tasks.o
                0x000000000801bb18                xTaskGetTickCount
 .text.xTaskGetTickCountFromISR
                0x000000000801bb38       0x24 .pioenvs/OpenIMU300ZA/lib2e8/openimu-core-libraries_ID5523/FreeRtos/src/tasks.o
                0x000000000801bb38                xTaskGetTickCountFromISR
 .text.xTaskIncrementTick
                0x000000000801bb5c      0x178 .pioenvs/OpenIMU300ZA/lib2e8/openimu-core-libraries_ID5523/FreeRtos/src/tasks.o
                0x000000000801bb5c                xTaskIncrementTick
 .text.vTaskSwitchContext
                0x000000000801bcd4       0xd4 .pioenvs/OpenIMU300ZA/lib2e8/openimu-core-libraries_ID5523/FreeRtos/src/tasks.o
                0x000000000801bcd4                vTaskSwitchContext
 .text.vTaskPlaceOnEventList
                0x000000000801bda8       0x48 .pioenvs/OpenIMU300ZA/lib2e8/openimu-core-libraries_ID5523/FreeRtos/src/tasks.o
                0x000000000801bda8                vTaskPlaceOnEventList
 .text.xTaskRemoveFromEventList
                0x000000000801bdf0       0xc4 .pioenvs/OpenIMU300ZA/lib2e8/openimu-core-libraries_ID5523/FreeRtos/src/tasks.o
                0x000000000801bdf0                xTaskRemoveFromEventList
 .text.vTaskSetTimeOutState
                0x000000000801beb4       0x48 .pioenvs/OpenIMU300ZA/lib2e8/openimu-core-libraries_ID5523/FreeRtos/src/tasks.o
                0x000000000801beb4                vTaskSetTimeOutState
 .text.xTaskCheckForTimeOut
                0x000000000801befc       0xbc .pioenvs/OpenIMU300ZA/lib2e8/openimu-core-libraries_ID5523/FreeRtos/src/tasks.o
                0x000000000801befc                xTaskCheckForTimeOut
 .text.vTaskMissedYield
                0x000000000801bfb8       0x18 .pioenvs/OpenIMU300ZA/lib2e8/openimu-core-libraries_ID5523/FreeRtos/src/tasks.o
                0x000000000801bfb8                vTaskMissedYield
 .text.prvIdleTask
                0x000000000801bfd0       0x30 .pioenvs/OpenIMU300ZA/lib2e8/openimu-core-libraries_ID5523/FreeRtos/src/tasks.o
 .text.prvInitialiseTaskLists
                0x000000000801c000       0x80 .pioenvs/OpenIMU300ZA/lib2e8/openimu-core-libraries_ID5523/FreeRtos/src/tasks.o
 .text.prvCheckTasksWaitingTermination
                0x000000000801c080       0x78 .pioenvs/OpenIMU300ZA/lib2e8/openimu-core-libraries_ID5523/FreeRtos/src/tasks.o
 .text.prvDeleteTCB
                0x000000000801c0f8       0x20 .pioenvs/OpenIMU300ZA/lib2e8/openimu-core-libraries_ID5523/FreeRtos/src/tasks.o
 .text.prvResetNextTaskUnblockTime
                0x000000000801c118       0x4c .pioenvs/OpenIMU300ZA/lib2e8/openimu-core-libraries_ID5523/FreeRtos/src/tasks.o
 .text.xTaskGetSchedulerState
                0x000000000801c164       0x3c .pioenvs/OpenIMU300ZA/lib2e8/openimu-core-libraries_ID5523/FreeRtos/src/tasks.o
                0x000000000801c164                xTaskGetSchedulerState
 .text.vTaskPriorityInherit
                0x000000000801c1a0       0xec .pioenvs/OpenIMU300ZA/lib2e8/openimu-core-libraries_ID5523/FreeRtos/src/tasks.o
                0x000000000801c1a0                vTaskPriorityInherit
 .text.xTaskPriorityDisinherit
                0x000000000801c28c      0x108 .pioenvs/OpenIMU300ZA/lib2e8/openimu-core-libraries_ID5523/FreeRtos/src/tasks.o
                0x000000000801c28c                xTaskPriorityDisinherit
 .text.pvTaskIncrementMutexHeldCount
                0x000000000801c394       0x28 .pioenvs/OpenIMU300ZA/lib2e8/openimu-core-libraries_ID5523/FreeRtos/src/tasks.o
                0x000000000801c394                pvTaskIncrementMutexHeldCount
 .text.prvAddCurrentTaskToDelayedList
                0x000000000801c3bc       0xcc .pioenvs/OpenIMU300ZA/lib2e8/openimu-core-libraries_ID5523/FreeRtos/src/tasks.o
 .text.initGPSHandler
                0x000000000801c488       0x44 .pioenvs/OpenIMU300ZA/lib2e8/openimu-core-libraries_ID5523/GPS/src/driverGPSAllEntrance.o
                0x000000000801c488                initGPSHandler
 .text.AxB      0x000000000801c4cc       0xea .pioenvs/OpenIMU300ZA/lib2e8/openimu-core-libraries_ID5523/Math/src/MatrixMath.o
                0x000000000801c4cc                AxB
 .text.AxV      0x000000000801c5b6       0x9e .pioenvs/OpenIMU300ZA/lib2e8/openimu-core-libraries_ID5523/Math/src/MatrixMath.o
                0x000000000801c5b6                AxV
 .text.AMinusB  0x000000000801c654       0xa0 .pioenvs/OpenIMU300ZA/lib2e8/openimu-core-libraries_ID5523/Math/src/MatrixMath.o
                0x000000000801c654                AMinusB
 .text.ForceMatrixSymmetry
                0x000000000801c6f4       0x70 .pioenvs/OpenIMU300ZA/lib2e8/openimu-core-libraries_ID5523/Math/src/MatrixMath.o
                0x000000000801c6f4                ForceMatrixSymmetry
 .text.LimitValuesAndForceMatrixSymmetry_noAvg
                0x000000000801c764      0x100 .pioenvs/OpenIMU300ZA/lib2e8/openimu-core-libraries_ID5523/Math/src/MatrixMath.o
                0x000000000801c764                LimitValuesAndForceMatrixSymmetry_noAvg
 .text.matrixInverse_3x3
                0x000000000801c864      0x2c4 .pioenvs/OpenIMU300ZA/lib2e8/openimu-core-libraries_ID5523/Math/src/MatrixMath.o
                0x000000000801c864                matrixInverse_3x3
 .text.EulerAnglesToQuaternion
                0x000000000801cb28      0x1ee .pioenvs/OpenIMU300ZA/lib2e8/openimu-core-libraries_ID5523/Math/src/QuaternionMath.o
                0x000000000801cb28                EulerAnglesToQuaternion
 .text.QuatNormalize
                0x000000000801cd16      0x178 .pioenvs/OpenIMU300ZA/lib2e8/openimu-core-libraries_ID5523/Math/src/QuaternionMath.o
                0x000000000801cd16                QuatNormalize
 .text.QuaternionToEulerAngles
                0x000000000801ce8e      0x210 .pioenvs/OpenIMU300ZA/lib2e8/openimu-core-libraries_ID5523/Math/src/QuaternionMath.o
                0x000000000801ce8e                QuaternionToEulerAngles
 .text.QuaternionToR321
                0x000000000801d09e      0x1f8 .pioenvs/OpenIMU300ZA/lib2e8/openimu-core-libraries_ID5523/Math/src/QuaternionMath.o
                0x000000000801d09e                QuaternionToR321
 *fill*         0x000000000801d296        0x2 
 .text.FieldVectorsToEulerAngles
                0x000000000801d298      0x1ec .pioenvs/OpenIMU300ZA/lib2e8/openimu-core-libraries_ID5523/Math/src/TransformationMath.o
                0x000000000801d298                FieldVectorsToEulerAngles
 .text._TransformMagFieldToPerpFrame
                0x000000000801d484      0x152 .pioenvs/OpenIMU300ZA/lib2e8/openimu-core-libraries_ID5523/Math/src/TransformationMath.o
 *fill*         0x000000000801d5d6        0x2 
 .text.LLA_To_Base
                0x000000000801d5d8      0x36c .pioenvs/OpenIMU300ZA/lib2e8/openimu-core-libraries_ID5523/Math/src/TransformationMath.o
                0x000000000801d5d8                LLA_To_Base
 .text.PosNED_To_PosECEF
                0x000000000801d944      0x15c .pioenvs/OpenIMU300ZA/lib2e8/openimu-core-libraries_ID5523/Math/src/TransformationMath.o
                0x000000000801d944                PosNED_To_PosECEF
 .text.ECEF_To_LLA
                0x000000000801daa0      0x254 .pioenvs/OpenIMU300ZA/lib2e8/openimu-core-libraries_ID5523/Math/src/TransformationMath.o
                0x000000000801daa0                ECEF_To_LLA
 .text.GPS_PosVel_To_NED
                0x000000000801dcf4      0x228 .pioenvs/OpenIMU300ZA/lib2e8/openimu-core-libraries_ID5523/Math/src/TransformationMath.o
                0x000000000801dcf4                GPS_PosVel_To_NED
 .text.VectorNormalize
                0x000000000801df1c       0x6e .pioenvs/OpenIMU300ZA/lib2e8/openimu-core-libraries_ID5523/Math/src/VectorMath.o
                0x000000000801df1c                VectorNormalize
 .text.VectorMag
                0x000000000801df8a       0x8a .pioenvs/OpenIMU300ZA/lib2e8/openimu-core-libraries_ID5523/Math/src/VectorMath.o
                0x000000000801df8a                VectorMag
 .text.qsqrt_q27
                0x000000000801e014      0x120 .pioenvs/OpenIMU300ZA/lib2e8/openimu-core-libraries_ID5523/Math/src/qmath.o
                0x000000000801e014                qsqrt_q27
 .text.nabs     0x000000000801e134       0x22 .pioenvs/OpenIMU300ZA/lib2e8/openimu-core-libraries_ID5523/Math/src/qmath.o
                0x000000000801e134                nabs
 .text.nabs_64  0x000000000801e156       0x32 .pioenvs/OpenIMU300ZA/lib2e8/openimu-core-libraries_ID5523/Math/src/qmath.o
                0x000000000801e156                nabs_64
 .text.sign     0x000000000801e188       0x22 .pioenvs/OpenIMU300ZA/lib2e8/openimu-core-libraries_ID5523/Math/src/qmath.o
                0x000000000801e188                sign
 .text.asin_q29
                0x000000000801e1aa       0x68 .pioenvs/OpenIMU300ZA/lib2e8/openimu-core-libraries_ID5523/Math/src/qmath.o
                0x000000000801e1aa                asin_q29
 *fill*         0x000000000801e212        0x2 
 .text.atan2_q29
                0x000000000801e214      0x398 .pioenvs/OpenIMU300ZA/lib2e8/openimu-core-libraries_ID5523/Math/src/qmath.o
                0x000000000801e214                atan2_q29
 .text.sin_q30  0x000000000801e5ac      0x224 .pioenvs/OpenIMU300ZA/lib2e8/openimu-core-libraries_ID5523/Math/src/qmath.o
                0x000000000801e5ac                sin_q30
 .text.cos_q30  0x000000000801e7d0       0x50 .pioenvs/OpenIMU300ZA/lib2e8/openimu-core-libraries_ID5523/Math/src/qmath.o
                0x000000000801e7d0                cos_q30
 .text.VectorNormalize_q30
                0x000000000801e820       0xae .pioenvs/OpenIMU300ZA/lib2e8/openimu-core-libraries_ID5523/Math/src/qmath.o
                0x000000000801e820                VectorNormalize_q30
 .text.VectorMag_q27
                0x000000000801e8ce       0xd2 .pioenvs/OpenIMU300ZA/lib2e8/openimu-core-libraries_ID5523/Math/src/qmath.o
                0x000000000801e8ce                VectorMag_q27
 .text.DebugPrintString
                0x000000000801e9a0       0x38 .pioenvs/OpenIMU300ZA/lib2e8/openimu-core-libraries_ID5523/UART/src/debug.o
                0x000000000801e9a0                DebugPrintString
 .text.DebugPrintInt
                0x000000000801e9d8       0x30 .pioenvs/OpenIMU300ZA/lib2e8/openimu-core-libraries_ID5523/UART/src/debug.o
                0x000000000801e9d8                DebugPrintInt
 .text.DebugPrintHex
                0x000000000801ea08       0x30 .pioenvs/OpenIMU300ZA/lib2e8/openimu-core-libraries_ID5523/UART/src/debug.o
                0x000000000801ea08                DebugPrintHex
 .text.DebugPrintFloat
                0x000000000801ea38       0xe0 .pioenvs/OpenIMU300ZA/lib2e8/openimu-core-libraries_ID5523/UART/src/debug.o
                0x000000000801ea38                DebugPrintFloat
 .text.DebugPrintEndline
                0x000000000801eb18       0x14 .pioenvs/OpenIMU300ZA/lib2e8/openimu-core-libraries_ID5523/UART/src/debug.o
                0x000000000801eb18                DebugPrintEndline
 .text.itoa     0x000000000801eb2c       0xec .pioenvs/OpenIMU300ZA/lib2e8/openimu-core-libraries_ID5523/UART/src/debug.o
                0x000000000801eb2c                itoa
 .text.DebugSerialPutChar
                0x000000000801ec18       0x34 .pioenvs/OpenIMU300ZA/lib2e8/openimu-core-libraries_ID5523/UART/src/debug_usart.o
                0x000000000801ec18                DebugSerialPutChar
 .text.DebugSerialReadLine
                0x000000000801ec4c      0x128 .pioenvs/OpenIMU300ZA/lib2e8/openimu-core-libraries_ID5523/UART/src/debug_usart.o
                0x000000000801ec4c                DebugSerialReadLine
 .text.IsDebugSerialIdle
                0x000000000801ed74       0x20 .pioenvs/OpenIMU300ZA/lib2e8/openimu-core-libraries_ID5523/UART/src/debug_usart.o
                0x000000000801ed74                IsDebugSerialIdle
 .text.InitDebugSerialCommunication
                0x000000000801ed94      0x10c .pioenvs/OpenIMU300ZA/lib2e8/openimu-core-libraries_ID5523/UART/src/debug_usart.o
                0x000000000801ed94                InitDebugSerialCommunication
 .text.USART1_IRQHandler
                0x000000000801eea0       0xbc .pioenvs/OpenIMU300ZA/lib2e8/openimu-core-libraries_ID5523/UART/src/debug_usart.o
                0x000000000801eea0                USART1_IRQHandler
 .text.uart_init
                0x000000000801ef5c      0x154 .pioenvs/OpenIMU300ZA/lib2e8/openimu-core-libraries_ID5523/UART/src/uart.o
                0x000000000801ef5c                uart_init
 .text.uart_write
                0x000000000801f0b0       0x38 .pioenvs/OpenIMU300ZA/lib2e8/openimu-core-libraries_ID5523/UART/src/uart.o
                0x000000000801f0b0                uart_write
 .text.uart_isr
                0x000000000801f0e8      0x120 .pioenvs/OpenIMU300ZA/lib2e8/openimu-core-libraries_ID5523/UART/src/uart.o
                0x000000000801f0e8                uart_isr
 .text.UART4_IRQHandler
                0x000000000801f208       0x48 .pioenvs/OpenIMU300ZA/lib2e8/openimu-core-libraries_ID5523/UART/src/uart.o
                0x000000000801f208                UART4_IRQHandler
 .text.UART5_IRQHandler
                0x000000000801f250       0x48 .pioenvs/OpenIMU300ZA/lib2e8/openimu-core-libraries_ID5523/UART/src/uart.o
                0x000000000801f250                UART5_IRQHandler
 .text.bytes_remaining
                0x000000000801f298       0x4c .pioenvs/OpenIMU300ZA/lib2e8/openimu-core-libraries_ID5523/UART/src/uart.o
                0x000000000801f298                bytes_remaining
 .text.CmdPrintPrompt
                0x000000000801f2e4       0x34 .pioenvs/OpenIMU300ZA/lib342/CLI/commandLine.o
                0x000000000801f2e4                CmdPrintPrompt
 .text.CmdLineLookup
                0x000000000801f318       0x58 .pioenvs/OpenIMU300ZA/lib342/CLI/commandLine.o
                0x000000000801f318                CmdLineLookup
 .text._ExecLine
                0x000000000801f370       0x2c .pioenvs/OpenIMU300ZA/lib342/CLI/commandLine.o
 .text._Dispatch
                0x000000000801f39c       0x78 .pioenvs/OpenIMU300ZA/lib342/CLI/commandLine.o
 .text._CmdHelp
                0x000000000801f414       0x6c .pioenvs/OpenIMU300ZA/lib342/CLI/commandLine.o
 .text.TaskCommandLine
                0x000000000801f480       0x2c .pioenvs/OpenIMU300ZA/lib342/CLI/commandLine.o
                0x000000000801f480                TaskCommandLine
 .text.CmdVersion
                0x000000000801f4ac       0x48 .pioenvs/OpenIMU300ZA/lib342/CLI/commands.o
                0x000000000801f4ac                CmdVersion
 .text.CmdReadAccelerometer
                0x000000000801f4f4       0x80 .pioenvs/OpenIMU300ZA/lib342/CLI/commands.o
                0x000000000801f4f4                CmdReadAccelerometer
 .text.CmdReadGyro
                0x000000000801f574       0x80 .pioenvs/OpenIMU300ZA/lib342/CLI/commands.o
                0x000000000801f574                CmdReadGyro
 .text.CmdReadMagnetometer
                0x000000000801f5f4       0x80 .pioenvs/OpenIMU300ZA/lib342/CLI/commands.o
                0x000000000801f5f4                CmdReadMagnetometer
 .text.getBuildInfo
                0x000000000801f674       0x14 .pioenvs/OpenIMU300ZA/src/main.o
                0x000000000801f674                getBuildInfo
 .text.DebugInterfaceInit
                0x000000000801f688       0x40 .pioenvs/OpenIMU300ZA/src/main.o
                0x000000000801f688                DebugInterfaceInit
 .text.CreateTasks
                0x000000000801f6c8      0x120 .pioenvs/OpenIMU300ZA/src/main.o
                0x000000000801f6c8                CreateTasks
 .text.main     0x000000000801f7e8       0x1e .pioenvs/OpenIMU300ZA/src/main.o
                0x000000000801f7e8                main
 .text.vApplicationStackOverflowHook
                0x000000000801f806        0x6 .pioenvs/OpenIMU300ZA/src/main.o
                0x000000000801f806                vApplicationStackOverflowHook
 .text.vApplicationMallocFailedHook
                0x000000000801f80c        0x6 .pioenvs/OpenIMU300ZA/src/main.o
                0x000000000801f80c                vApplicationMallocFailedHook
 *fill*         0x000000000801f812        0x2 
 .text.getDacqTime
                0x000000000801f814       0x18 .pioenvs/OpenIMU300ZA/src/taskDataAcquisition.o
                0x000000000801f814                getDacqTime
 .text.TaskDataAcquisition
                0x000000000801f82c       0x7c .pioenvs/OpenIMU300ZA/src/taskDataAcquisition.o
                0x000000000801f82c                TaskDataAcquisition
 .text.InitUserAlgorithm
                0x000000000801f8a8       0x12 .pioenvs/OpenIMU300ZA/src/user/UserAlgorithm.o
                0x000000000801f8a8                InitUserAlgorithm
 *fill*         0x000000000801f8ba        0x2 
 .text.RunUserNavAlgorithm
                0x000000000801f8bc      0x174 .pioenvs/OpenIMU300ZA/src/user/UserAlgorithm.o
                0x000000000801f8bc                RunUserNavAlgorithm
 .text._Algorithm
                0x000000000801fa30      0x10c .pioenvs/OpenIMU300ZA/src/user/UserAlgorithm.o
                0x000000000801fa30                _Algorithm
 .text.userInitConfigureUnit
                0x000000000801fb3c       0xec .pioenvs/OpenIMU300ZA/src/user/UserConfiguration.o
                0x000000000801fb3c                userInitConfigureUnit
 .text.UpdateSystemParameter
                0x000000000801fc28       0xdc .pioenvs/OpenIMU300ZA/src/user/UserConfiguration.o
                0x000000000801fc28                UpdateSystemParameter
 .text.UpdateUserParameter
                0x000000000801fd04       0x4c .pioenvs/OpenIMU300ZA/src/user/UserConfiguration.o
                0x000000000801fd04                UpdateUserParameter
 .text.UpdateUserConfig
                0x000000000801fd50      0x166 .pioenvs/OpenIMU300ZA/src/user/UserConfiguration.o
                0x000000000801fd50                UpdateUserConfig
 .text.UpdateUserParam
                0x000000000801feb6       0xce .pioenvs/OpenIMU300ZA/src/user/UserConfiguration.o
                0x000000000801feb6                UpdateUserParam
 .text.UpdateAllUserParams
                0x000000000801ff84      0x13e .pioenvs/OpenIMU300ZA/src/user/UserConfiguration.o
                0x000000000801ff84                UpdateAllUserParams
 *fill*         0x00000000080200c2        0x2 
 .text.GetUserConfig
                0x00000000080200c4       0xd8 .pioenvs/OpenIMU300ZA/src/user/UserConfiguration.o
                0x00000000080200c4                GetUserConfig
 .text.GetUserParam
                0x000000000802019c       0x7c .pioenvs/OpenIMU300ZA/src/user/UserConfiguration.o
                0x000000000802019c                GetUserParam
 .text.GetAllUserParams
                0x0000000008020218       0x64 .pioenvs/OpenIMU300ZA/src/user/UserConfiguration.o
                0x0000000008020218                GetAllUserParams
 .text.SaveUserConfig
                0x000000000802027c       0x2c .pioenvs/OpenIMU300ZA/src/user/UserConfiguration.o
                0x000000000802027c                SaveUserConfig
 .text.RestoreDefaultUserConfig
                0x00000000080202a8       0x48 .pioenvs/OpenIMU300ZA/src/user/UserConfiguration.o
                0x00000000080202a8                RestoreDefaultUserConfig
 .text.checkUserPacketType
                0x00000000080202f0       0xa8 .pioenvs/OpenIMU300ZA/src/user/UserMessaging.o
                0x00000000080202f0                checkUserPacketType
 .text.userPacketTypeToBytes
                0x0000000008020398       0xa0 .pioenvs/OpenIMU300ZA/src/user/UserMessaging.o
                0x0000000008020398                userPacketTypeToBytes
 .text.setUserPacketType
                0x0000000008020438      0x10c .pioenvs/OpenIMU300ZA/src/user/UserMessaging.o
                0x0000000008020438                setUserPacketType
 .text.getUserPayloadLength
                0x0000000008020544       0x18 .pioenvs/OpenIMU300ZA/src/user/UserMessaging.o
                0x0000000008020544                getUserPayloadLength
 .text.HandleUserInputPacket
                0x000000000802055c      0x18c .pioenvs/OpenIMU300ZA/src/user/UserMessaging.o
                0x000000000802055c                HandleUserInputPacket
 .text.HandleUserOutputPacket
                0x00000000080206e8      0x87c .pioenvs/OpenIMU300ZA/src/user/UserMessaging.o
                0x00000000080206e8                HandleUserOutputPacket
 .text.WriteResultsIntoOutputStream
                0x0000000008020f64       0x20 .pioenvs/OpenIMU300ZA/src/user/UserMessaging.o
                0x0000000008020f64                WriteResultsIntoOutputStream
 .text.initUserDataProcessingEngine
                0x0000000008020f84        0xc .pioenvs/OpenIMU300ZA/src/user/dataProcessingAndPresentation.o
                0x0000000008020f84                initUserDataProcessingEngine
 .text.inertialAndPositionDataProcessing
                0x0000000008020f90      0x1e8 .pioenvs/OpenIMU300ZA/src/user/dataProcessingAndPresentation.o
                0x0000000008020f90                inertialAndPositionDataProcessing
 .text._malloc_r
                0x0000000008021178      0x548 /Users/ikravets/.platformio/packages/toolchain-gccarmnoneeabi/bin/../lib/gcc/arm-none-eabi/7.2.1/../../../../arm-none-eabi/lib/thumb/v7e-m/libc.a(lib_a-mallocr.o)
                0x0000000008021178                _malloc_r
 .text.memmove  0x00000000080216c0       0xc8 /Users/ikravets/.platformio/packages/toolchain-gccarmnoneeabi/bin/../lib/gcc/arm-none-eabi/7.2.1/../../../../arm-none-eabi/lib/thumb/v7e-m/libc.a(lib_a-memmove.o)
                0x00000000080216c0                memmove
 .text.memset   0x0000000008021788       0x94 /Users/ikravets/.platformio/packages/toolchain-gccarmnoneeabi/bin/../lib/gcc/arm-none-eabi/7.2.1/../../../../arm-none-eabi/lib/thumb/v7e-m/libc.a(lib_a-memset.o)
                0x0000000008021788                memset
 .text.__malloc_lock
                0x000000000802181c        0xc /Users/ikravets/.platformio/packages/toolchain-gccarmnoneeabi/bin/../lib/gcc/arm-none-eabi/7.2.1/../../../../arm-none-eabi/lib/thumb/v7e-m/libc.a(lib_a-mlock.o)
                0x000000000802181c                __malloc_lock
 .text.__malloc_unlock
                0x0000000008021828        0xc /Users/ikravets/.platformio/packages/toolchain-gccarmnoneeabi/bin/../lib/gcc/arm-none-eabi/7.2.1/../../../../arm-none-eabi/lib/thumb/v7e-m/libc.a(lib_a-mlock.o)
                0x0000000008021828                __malloc_unlock
 .text._sbrk_r  0x0000000008021834       0x24 /Users/ikravets/.platformio/packages/toolchain-gccarmnoneeabi/bin/../lib/gcc/arm-none-eabi/7.2.1/../../../../arm-none-eabi/lib/thumb/v7e-m/libc.a(lib_a-sbrkr.o)
                0x0000000008021834                _sbrk_r
 .text.snprintf
                0x0000000008021858       0x90 /Users/ikravets/.platformio/packages/toolchain-gccarmnoneeabi/bin/../lib/gcc/arm-none-eabi/7.2.1/../../../../arm-none-eabi/lib/thumb/v7e-m/libc.a(lib_a-snprintf.o)
                0x0000000008021858                snprintf
 .text.sprintf  0x00000000080218e8       0x44 /Users/ikravets/.platformio/packages/toolchain-gccarmnoneeabi/bin/../lib/gcc/arm-none-eabi/7.2.1/../../../../arm-none-eabi/lib/thumb/v7e-m/libc.a(lib_a-sprintf.o)
                0x00000000080218e8                sprintf
 .text._strtol_l.isra.0
                0x000000000802192c      0x124 /Users/ikravets/.platformio/packages/toolchain-gccarmnoneeabi/bin/../lib/gcc/arm-none-eabi/7.2.1/../../../../arm-none-eabi/lib/thumb/v7e-m/libc.a(lib_a-strtol.o)
 .text.strtol   0x0000000008021a50       0x2c /Users/ikravets/.platformio/packages/toolchain-gccarmnoneeabi/bin/../lib/gcc/arm-none-eabi/7.2.1/../../../../arm-none-eabi/lib/thumb/v7e-m/libc.a(lib_a-strtol.o)
                0x0000000008021a50                strtol
 .text._svfprintf_r
                0x0000000008021a7c     0x14a0 /Users/ikravets/.platformio/packages/toolchain-gccarmnoneeabi/bin/../lib/gcc/arm-none-eabi/7.2.1/../../../../arm-none-eabi/lib/thumb/v7e-m/libc.a(lib_a-svfprintf.o)
                0x0000000008021a7c                _svfprintf_r
 .text.quorem   0x0000000008022f1c      0x124 /Users/ikravets/.platformio/packages/toolchain-gccarmnoneeabi/bin/../lib/gcc/arm-none-eabi/7.2.1/../../../../arm-none-eabi/lib/thumb/v7e-m/libc.a(lib_a-dtoa.o)
 .text._dtoa_r  0x0000000008023040      0xdf0 /Users/ikravets/.platformio/packages/toolchain-gccarmnoneeabi/bin/../lib/gcc/arm-none-eabi/7.2.1/../../../../arm-none-eabi/lib/thumb/v7e-m/libc.a(lib_a-dtoa.o)
                0x0000000008023040                _dtoa_r
 .text._malloc_trim_r